******************************************************************************
            TI ARM Clang Linker Unix v4.0.4                    
******************************************************************************
>> Linked Mon Apr 20 16:20:08 2026

OUTPUT FILE NAME:   <ECE319K_Lab9H.out>
ENTRY POINT SYMBOL: "_c_int00_noargs"  address: 000050e9


MEMORY CONFIGURATION

         name            origin    length      used     unused   attr    fill
----------------------  --------  ---------  --------  --------  ----  --------
  FLASH                 00000000   00020000  00005250  0001adb0  R  X
  SRAM                  20200000   00008000  00000428  00007bd8  RW X
  BCR_CONFIG            41c00000   00000080  00000000  00000080  R   
  BSL_CONFIG            41c00100   00000080  00000000  00000080  R   


SEGMENT ALLOCATION MAP

run origin  load origin   length   init length attrs members
----------  ----------- ---------- ----------- ----- -------
00000000    00000000    00005250   00005250    r-x
  00000000    00000000    000000c0   000000c0    r-- .intvecs
  000000c0    000000c0    00004a00   00004a00    r-- .rodata
  00004ac0    00004ac0    00000758   00000758    r-x .text
  00005218    00005218    00000008   00000008    r-- .init_array
  00005220    00005220    00000030   00000030    r-- .cinit
20200000    20200000    00000228   00000000    rw-
  20200000    20200000    00000200   00000000    rw- .sysmem
  20200200    20200200    00000018   00000000    rw- .data
  20200218    20200218    00000010   00000000    rw- .bss
20207e00    20207e00    00000200   00000000    rw-
  20207e00    20207e00    00000200   00000000    rw- .stack


SECTION ALLOCATION MAP

 output                                  attributes/
section   page    origin      length       input sections
--------  ----  ----------  ----------   ----------------
.intvecs   0    00000000    000000c0     
                  00000000    000000c0     startup_mspm0g3507_ticlang.o (.intvecs)

.binit     0    00000000    00000000     

.text      0    00004ac0    00000758     
                  00004ac0    000001b4     Clock.o (.text._Z15Clock_Init80MHzi)
                  00004c74    000000b4     Sound.o (.text._Z10Sound_Initv)
                  00004d28    000000a8     Sound.o (.text.SysTick_Handler)
                  00004dd0    0000007c     LaunchPad.o (.text._Z14LaunchPad_Initv)
                  00004e4c    0000007c     libc.a : copy_decompress_lzss.c.obj (.text:decompress:lzss)
                  00004ec8    00000054            : autoinit.c.obj (.text:__TI_auto_init_nobinit)
                  00004f1c    0000004c     Lab9HMain.o (.text.main)
                  00004f68    00000040     TExaS.o (.text.TIMG7_IRQHandler)
                  00004fa8    00000040     Sound.o (.text._Z14SysTick_IntArmjj)
                  00004fe8    00000040     libclang_rt.builtins.a : aeabi_uidivmod.S.obj (.text.__aeabi_uidivmod)
                  00005028    00000038     LaunchPad.o (.text._Z15ActivatePortA_Bv)
                  00005060    00000034     Clock.o (.text._Z14Clock_Delay1msj)
                  00005094    0000002c     Sound.o (.text._Z11Sound_StartPKsj)
                  000050c0    00000028     Lab9HMain.o (.text.TIMG12_IRQHandler)
                  000050e8    00000028     libc.a : boot_cortex_m.c.obj (.text:_c_int00_noargs)
                  00005110    0000001c     startup_mspm0g3507_ticlang.o (.text.Default_Handler)
                  0000512c    0000001c     startup_mspm0g3507_ticlang.o (.text.HardFault_Handler)
                  00005148    0000001c     LaunchPad.o (.text._Z14LaunchPad_InS1v)
                  00005164    00000018     Lab9HMain.o (.text.__cxx_global_var_init)
                  0000517c    00000016     libc.a : copy_zero_init.c.obj (.text:decompress:ZI:__TI_zero_init_nomemset)
                  00005192    00000002     libclang_rt.builtins.a : aeabi_div0.c.obj (.text.__aeabi_idiv0)
                  00005194    00000014     Sound.o (.text._Z22Sound_EngineAcceleratev)
                  000051a8    00000012     libc.a : memcpy16.S.obj (.text:TI_memcpy_small)
                  000051ba    00000012            : copy_decompress_none.c.obj (.text:decompress:none)
                  000051cc    00000010     Clock.o (.text._Z11Clock_Delayj)
                  000051dc    0000000e     SlidePot.o (.text._ZN8SlidePotC2Ejj)
                  000051ea    0000000a     Lab9HMain.o (.text._Z8PLL_Initv)
                  000051f4    00000008     Lab9HMain.o (.text._GLOBAL__sub_I_Lab9HMain.cpp)
                  000051fc    00000008     libclang_rt.builtins.a : aeabi_memcpy.S.obj (.text.__aeabi_memcpy)
                  00005204    00000006     libc.a : exit.c.obj (.text:abort)
                  0000520a    00000004     libsysbm.a : hostexit.c.obj (.text.HOSTexit)
                  0000520e    00000004     startup_mspm0g3507_ticlang.o (.text.Reset_Handler)
                  00005212    00000004     libc.a : pre_init.c.obj (.text._system_pre_init)
                  00005216    00000002     --HOLE-- [fill = 0]

.cinit     0    00005220    00000030     
                  00005220    0000000c     (__TI_handler_table)
                  0000522c    0000000b     (.cinit..data.load) [load image, compression = lzss]
                  00005237    00000001     --HOLE-- [fill = 0]
                  00005238    00000008     (.cinit..bss.load) [load image, compression = zero_init]
                  00005240    00000010     (__TI_cinit_table)

.rodata    0    000000c0    00004a00     
                  000000c0    00004a00     Sound.o (.rodata._ZL6engine)

.init_array 
*          0    00005218    00000008     
                  00005218    00000004     Lab9HMain.o (.init_array)
                  0000521c    00000004     --HOLE-- [fill = 0]

.sysmem    0    20200000    00000200     UNINITIALIZED
                  20200000    00000010     libc.a : memory.c.obj (.sysmem)
                  20200010    000001f0     --HOLE--

.data      0    20200200    00000018     UNINITIALIZED
                  20200200    00000014     Lab9HMain.o (.data.Sensor)
                  20200214    00000004     Clock.o (.data.BusFreq)

.bss       0    20200218    00000010     UNINITIALIZED
                  20200218    00000004     Sound.o (.bss.SoundCount)
                  2020021c    00000004     Sound.o (.bss.SoundPt)
                  20200220    00000004     TExaS.o (.bss.TExaSLogic)
                  20200224    00000004     TExaS.o (.bss.TExaSadc)

.stack     0    20207e00    00000200     UNINITIALIZED
                  20207e00    00000004     libc.a : boot_cortex_m.c.obj (.stack)
                  20207e04    000001fc     --HOLE--

__llvm_prf_cnts 
*          0    20200000    00000000     UNINITIALIZED

__llvm_prf_bits 
*          0    20200000    00000000     UNINITIALIZED

MODULE SUMMARY

       Module                         code   ro data   rw data
       ------                         ----   -------   -------
    ./
       Sound.o                        476    18944     8      
       Clock.o                        504    0         4      
       LaunchPad.o                    208    0         0      
       Lab9HMain.o                    158    4         20     
       TExaS.o                        64     0         8      
       SlidePot.o                     14     0         0      
    +--+------------------------------+------+---------+---------+
       Total:                         1424   18948     40     
                                                              
    ./ticlang/
       startup_mspm0g3507_ticlang.o   60     192       0      
    +--+------------------------------+------+---------+---------+
       Total:                         60     192       0      
                                                              
    /Applications/ti/ccs2030/ccs/tools/compiler/ti-cgt-armllvm_4.0.4.LTS/lib/armv6m-ti-none-eabi/c/libc.a
       copy_decompress_lzss.c.obj     124    0         0      
       autoinit.c.obj                 84     0         0      
       boot_cortex_m.c.obj            40     0         0      
       copy_zero_init.c.obj           22     0         0      
       copy_decompress_none.c.obj     18     0         0      
       memcpy16.S.obj                 18     0         0      
       exit.c.obj                     6      0         0      
       pre_init.c.obj                 4      0         0      
    +--+------------------------------+------+---------+---------+
       Total:                         316    0         0      
                                                              
    /Applications/ti/ccs2030/ccs/tools/compiler/ti-cgt-armllvm_4.0.4.LTS/lib/armv6m-ti-none-eabi/c/libsysbm.a
       hostexit.c.obj                 4      0         0      
    +--+------------------------------+------+---------+---------+
       Total:                         4      0         0      
                                                              
    /Applications/ti/ccs2030/ccs/tools/compiler/ti-cgt-armllvm_4.0.4.LTS/lib/armv6m-ti-none-eabi/libclang_rt.builtins.a
       aeabi_uidivmod.S.obj           64     0         0      
       aeabi_memcpy.S.obj             8      0         0      
       aeabi_div0.c.obj               2      0         0      
    +--+------------------------------+------+---------+---------+
       Total:                         74     0         0      
                                                              
       Heap:                          0      0         512    
       Stack:                         0      0         512    
       Linker Generated:              0      47        0      
    +--+------------------------------+------+---------+---------+
       Grand Total:                   1878   19187     1064   


LINKER GENERATED COPY TABLES

__TI_cinit_table @ 00005240 records: 2, size/record: 8, table size: 16
	.data: load addr=0000522c, load size=0000000b bytes, run addr=20200200, run size=00000018 bytes, compression=lzss
	.bss: load addr=00005238, load size=00000008 bytes, run addr=20200218, run size=00000010 bytes, compression=zero_init


LINKER GENERATED HANDLER TABLE

__TI_handler_table @ 00005220 records: 3, size/record: 4, table size: 12
	index: 0, handler: __TI_decompress_lzss
	index: 1, handler: __TI_decompress_none
	index: 2, handler: __TI_zero_init


GLOBAL SYMBOLS: SORTED ALPHABETICALLY BY Name 

address   name                       
-------   ----                       
00005111  ADC0_IRQHandler            
00005111  ADC1_IRQHandler            
00005111  AES_IRQHandler             
20200214  BusFreq                    
0000520a  C$$EXIT                    
00005111  CANFD0_IRQHandler          
00005111  DAC0_IRQHandler            
00005111  DMA_IRQHandler             
00005111  Default_Handler            
00005111  GROUP0_IRQHandler          
00005111  GROUP1_IRQHandler          
0000520b  HOSTexit                   
0000512d  HardFault_Handler          
00005111  I2C0_IRQHandler            
00005111  I2C1_IRQHandler            
00005111  NMI_Handler                
00005111  PendSV_Handler             
00005111  RTC_IRQHandler             
0000520f  Reset_Handler              
00005218  SHT$$INIT_ARRAY$$Base      
0000521c  SHT$$INIT_ARRAY$$Limit     
00005111  SPI0_IRQHandler            
00005111  SPI1_IRQHandler            
00005111  SVC_Handler                
20200200  Sensor                     
20200218  SoundCount                 
2020021c  SoundPt                    
00004d29  SysTick_Handler            
20200220  TExaSLogic                 
20200224  TExaSadc                   
00005111  TIMA0_IRQHandler           
00005111  TIMA1_IRQHandler           
00005111  TIMG0_IRQHandler           
000050c1  TIMG12_IRQHandler          
00005111  TIMG6_IRQHandler           
00004f69  TIMG7_IRQHandler           
00005111  TIMG8_IRQHandler           
000051a9  TI_memcpy_small            
00005111  UART0_IRQHandler           
00005111  UART1_IRQHandler           
00005111  UART2_IRQHandler           
00005111  UART3_IRQHandler           
00004c75  _Z10Sound_Initv            
000051cd  _Z11Clock_Delayj           
00005095  _Z11Sound_StartPKsj        
00005061  _Z14Clock_Delay1msj        
00005149  _Z14LaunchPad_InS1v        
00004dd1  _Z14LaunchPad_Initv        
00004fa9  _Z14SysTick_IntArmjj       
00005029  _Z15ActivatePortA_Bv       
00004ac1  _Z15Clock_Init80MHzi       
00005195  _Z22Sound_EngineAcceleratev
000051eb  _Z8PLL_Initv               
000051dd  _ZN8SlidePotC1Ejj          
000051dd  _ZN8SlidePotC2Ejj          
20208000  __STACK_END                
00000200  __STACK_SIZE               
00000200  __SYSMEM_SIZE              
00000000  __TI_ATRegion0_region_sz   
00000000  __TI_ATRegion0_src_addr    
00000000  __TI_ATRegion0_trg_addr    
00000000  __TI_ATRegion1_region_sz   
00000000  __TI_ATRegion1_src_addr    
00000000  __TI_ATRegion1_trg_addr    
00000000  __TI_ATRegion2_region_sz   
00000000  __TI_ATRegion2_src_addr    
00000000  __TI_ATRegion2_trg_addr    
00005240  __TI_CINIT_Base            
00005250  __TI_CINIT_Limit           
00005250  __TI_CINIT_Warm            
00005220  __TI_Handler_Table_Base    
0000522c  __TI_Handler_Table_Limit   
00004ec9  __TI_auto_init_nobinit     
00004e4d  __TI_decompress_lzss       
000051bb  __TI_decompress_none       
ffffffff  __TI_pprof_out_hndl        
ffffffff  __TI_prof_data_size        
ffffffff  __TI_prof_data_start       
00000000  __TI_static_base__         
0000517d  __TI_zero_init_nomemset    
00005193  __aeabi_idiv0              
000051fd  __aeabi_memcpy             
000051fd  __aeabi_memcpy4            
000051fd  __aeabi_memcpy8            
00004fe9  __aeabi_uidiv              
00004fe9  __aeabi_uidivmod           
ffffffff  __binit__                  
UNDEFED   __mpu_init                 
20207e00  __stack                    
20200000  __start___llvm_prf_bits    
20200000  __start___llvm_prf_cnts    
20200000  __stop___llvm_prf_bits     
20200000  __stop___llvm_prf_cnts     
000050e9  _c_int00_noargs            
20200000  _sys_memory                
UNDEFED   _system_post_cinit         
00005213  _system_pre_init           
00005205  abort                      
ffffffff  binit                      
00000000  interruptVectors           
00004f1d  main                       


GLOBAL SYMBOLS: SORTED BY Symbol Address 

address   name                       
-------   ----                       
00000000  __TI_ATRegion0_region_sz   
00000000  __TI_ATRegion0_src_addr    
00000000  __TI_ATRegion0_trg_addr    
00000000  __TI_ATRegion1_region_sz   
00000000  __TI_ATRegion1_src_addr    
00000000  __TI_ATRegion1_trg_addr    
00000000  __TI_ATRegion2_region_sz   
00000000  __TI_ATRegion2_src_addr    
00000000  __TI_ATRegion2_trg_addr    
00000000  __TI_static_base__         
00000000  interruptVectors           
00000200  __STACK_SIZE               
00000200  __SYSMEM_SIZE              
00004ac1  _Z15Clock_Init80MHzi       
00004c75  _Z10Sound_Initv            
00004d29  SysTick_Handler            
00004dd1  _Z14LaunchPad_Initv        
00004e4d  __TI_decompress_lzss       
00004ec9  __TI_auto_init_nobinit     
00004f1d  main                       
00004f69  TIMG7_IRQHandler           
00004fa9  _Z14SysTick_IntArmjj       
00004fe9  __aeabi_uidiv              
00004fe9  __aeabi_uidivmod           
00005029  _Z15ActivatePortA_Bv       
00005061  _Z14Clock_Delay1msj        
00005095  _Z11Sound_StartPKsj        
000050c1  TIMG12_IRQHandler          
000050e9  _c_int00_noargs            
00005111  ADC0_IRQHandler            
00005111  ADC1_IRQHandler            
00005111  AES_IRQHandler             
00005111  CANFD0_IRQHandler          
00005111  DAC0_IRQHandler            
00005111  DMA_IRQHandler             
00005111  Default_Handler            
00005111  GROUP0_IRQHandler          
00005111  GROUP1_IRQHandler          
00005111  I2C0_IRQHandler            
00005111  I2C1_IRQHandler            
00005111  NMI_Handler                
00005111  PendSV_Handler             
00005111  RTC_IRQHandler             
00005111  SPI0_IRQHandler            
00005111  SPI1_IRQHandler            
00005111  SVC_Handler                
00005111  TIMA0_IRQHandler           
00005111  TIMA1_IRQHandler           
00005111  TIMG0_IRQHandler           
00005111  TIMG6_IRQHandler           
00005111  TIMG8_IRQHandler           
00005111  UART0_IRQHandler           
00005111  UART1_IRQHandler           
00005111  UART2_IRQHandler           
00005111  UART3_IRQHandler           
0000512d  HardFault_Handler          
00005149  _Z14LaunchPad_InS1v        
0000517d  __TI_zero_init_nomemset    
00005193  __aeabi_idiv0              
00005195  _Z22Sound_EngineAcceleratev
000051a9  TI_memcpy_small            
000051bb  __TI_decompress_none       
000051cd  _Z11Clock_Delayj           
000051dd  _ZN8SlidePotC1Ejj          
000051dd  _ZN8SlidePotC2Ejj          
000051eb  _Z8PLL_Initv               
000051fd  __aeabi_memcpy             
000051fd  __aeabi_memcpy4            
000051fd  __aeabi_memcpy8            
00005205  abort                      
0000520a  C$$EXIT                    
0000520b  HOSTexit                   
0000520f  Reset_Handler              
00005213  _system_pre_init           
00005218  SHT$$INIT_ARRAY$$Base      
0000521c  SHT$$INIT_ARRAY$$Limit     
00005220  __TI_Handler_Table_Base    
0000522c  __TI_Handler_Table_Limit   
00005240  __TI_CINIT_Base            
00005250  __TI_CINIT_Limit           
00005250  __TI_CINIT_Warm            
20200000  __start___llvm_prf_bits    
20200000  __start___llvm_prf_cnts    
20200000  __stop___llvm_prf_bits     
20200000  __stop___llvm_prf_cnts     
20200000  _sys_memory                
20200200  Sensor                     
20200214  BusFreq                    
20200218  SoundCount                 
2020021c  SoundPt                    
20200220  TExaSLogic                 
20200224  TExaSadc                   
20207e00  __stack                    
20208000  __STACK_END                
ffffffff  __TI_pprof_out_hndl        
ffffffff  __TI_prof_data_size        
ffffffff  __TI_prof_data_start       
ffffffff  __binit__                  
ffffffff  binit                      
UNDEFED   __mpu_init                 
UNDEFED   _system_post_cinit         

[101 symbols]
