******************************************************************************
            TI ARM Clang Linker Unix v4.0.4                    
******************************************************************************
>> Linked Wed Apr 22 14:30:38 2026

OUTPUT FILE NAME:   <ECE319K_Lab9H_SW.out>
ENTRY POINT SYMBOL: "_c_int00_noargs"  address: 00000311


MEMORY CONFIGURATION

         name            origin    length      used     unused   attr    fill
----------------------  --------  ---------  --------  --------  ----  --------
  FLASH                 00000000   00020000  00000448  0001fbb8  R  X
  SRAM                  20200000   00008000  0000042d  00007bd3  RW X
  BCR_CONFIG            41c00000   00000080  00000000  00000080  R   
  BSL_CONFIG            41c00100   00000080  00000000  00000080  R   


SEGMENT ALLOCATION MAP

run origin  load origin   length   init length attrs members
----------  ----------- ---------- ----------- ----- -------
00000000    00000000    00000448   00000448    r-x
  00000000    00000000    000000c0   000000c0    r-- .intvecs
  000000c0    000000c0    00000350   00000350    r-x .text
  00000410    00000410    00000008   00000008    r-- .init_array
  00000418    00000418    00000030   00000030    r-- .cinit
20200000    20200000    0000022d   00000000    rw-
  20200000    20200000    00000200   00000000    rw- .sysmem
  20200200    20200200    00000018   00000000    rw- .bss
  20200218    20200218    00000015   00000000    rw- .data
20207e00    20207e00    00000200   00000000    rw-
  20207e00    20207e00    00000200   00000000    rw- .stack


SECTION ALLOCATION MAP

 output                                  attributes/
section   page    origin      length       input sections
--------  ----  ----------  ----------   ----------------
.intvecs   0    00000000    000000c0     
                  00000000    000000c0     startup_mspm0g3507_ticlang.o (.intvecs)

.binit     0    00000000    00000000     

.text      0    000000c0    00000350     
                  000000c0    000000a8     Sound.o (.text.SysTick_Handler)
                  00000168    0000007c     libc.a : copy_decompress_lzss.c.obj (.text:decompress:lzss)
                  000001e4    00000070     diskio.o (.text._Z14disk_timerprocv)
                  00000254    00000054     libc.a : autoinit.c.obj (.text:__TI_auto_init_nobinit)
                  000002a8    00000040     TExaS.o (.text.TIMG7_IRQHandler)
                  000002e8    00000028     Lab9HMain.o (.text.TIMG12_IRQHandler)
                  00000310    00000028     libc.a : boot_cortex_m.c.obj (.text:_c_int00_noargs)
                  00000338    0000001c     startup_mspm0g3507_ticlang.o (.text.Default_Handler)
                  00000354    0000001c     startup_mspm0g3507_ticlang.o (.text.HardFault_Handler)
                  00000370    00000018     diskio.o (.text.TIMG6_IRQHandler)
                  00000388    00000018     Lab9HMain.o (.text.__cxx_global_var_init)
                  000003a0    00000016     libc.a : copy_zero_init.c.obj (.text:decompress:ZI:__TI_zero_init_nomemset)
                  000003b6    00000012            : memcpy16.S.obj (.text:TI_memcpy_small)
                  000003c8    00000012            : copy_decompress_none.c.obj (.text:decompress:none)
                  000003da    0000000e     SlidePot.o (.text._ZN8SlidePotC2Ejj)
                  000003e8    00000008     Lab9HMain.o (.text._GLOBAL__sub_I_Lab9HMain.cpp)
                  000003f0    00000008     libclang_rt.builtins.a : aeabi_memcpy.S.obj (.text.__aeabi_memcpy)
                  000003f8    00000006     libc.a : exit.c.obj (.text:abort)
                  000003fe    00000004     libsysbm.a : hostexit.c.obj (.text.HOSTexit)
                  00000402    00000004     startup_mspm0g3507_ticlang.o (.text.Reset_Handler)
                  00000406    00000004     libc.a : pre_init.c.obj (.text._system_pre_init)
                  0000040a    00000006     --HOLE-- [fill = 0]

.cinit     0    00000418    00000030     
                  00000418    0000000c     (__TI_handler_table)
                  00000424    00000009     (.cinit..data.load) [load image, compression = lzss]
                  0000042d    00000003     --HOLE-- [fill = 0]
                  00000430    00000008     (.cinit..bss.load) [load image, compression = zero_init]
                  00000438    00000010     (__TI_cinit_table)

.init_array 
*          0    00000410    00000008     
                  00000410    00000004     Lab9HMain.o (.init_array)
                  00000414    00000004     --HOLE-- [fill = 0]

.sysmem    0    20200000    00000200     UNINITIALIZED
                  20200000    00000010     libc.a : memory.c.obj (.sysmem)
                  20200010    000001f0     --HOLE--

.bss       0    20200200    00000018     UNINITIALIZED
                  20200200    00000004     Sound.o (.bss.SoundCount)
                  20200204    00000004     Sound.o (.bss.SoundPt)
                  20200208    00000004     TExaS.o (.bss.TExaSLogic)
                  2020020c    00000004     TExaS.o (.bss.TExaSadc)
                  20200210    00000004     diskio.o (.bss._ZL6Timer1)
                  20200214    00000004     diskio.o (.bss._ZL6Timer2)

.data      0    20200218    00000015     UNINITIALIZED
                  20200218    00000014     Lab9HMain.o (.data.Sensor)
                  2020022c    00000001     diskio.o (.data._ZL4Stat)

.stack     0    20207e00    00000200     UNINITIALIZED
                  20207e00    00000004     libc.a : boot_cortex_m.c.obj (.stack)
                  20207e04    000001fc     --HOLE--

__llvm_prf_cnts 
*          0    20200000    00000000     UNINITIALIZED

__llvm_prf_bits 
*          0    20200000    00000000     UNINITIALIZED

MODULE SUMMARY

       Module                         code   ro data   rw data
       ------                         ----   -------   -------
    ./
       Sound.o                        168    0         8      
       diskio.o                       136    0         9      
       Lab9HMain.o                    72     4         20     
       TExaS.o                        64     0         8      
       SlidePot.o                     14     0         0      
    +--+------------------------------+------+---------+---------+
       Total:                         454    4         45     
                                                              
    ./ticlang/
       startup_mspm0g3507_ticlang.o   60     192       0      
    +--+------------------------------+------+---------+---------+
       Total:                         60     192       0      
                                                              
    /Applications/ti/ccs2030/ccs/tools/compiler/ti-cgt-armllvm_4.0.4.LTS/lib/armv6m-ti-none-eabi/c/libc.a
       copy_decompress_lzss.c.obj     124    0         0      
       autoinit.c.obj                 84     0         0      
       boot_cortex_m.c.obj            40     0         0      
       copy_zero_init.c.obj           22     0         0      
       copy_decompress_none.c.obj     18     0         0      
       memcpy16.S.obj                 18     0         0      
       exit.c.obj                     6      0         0      
       pre_init.c.obj                 4      0         0      
    +--+------------------------------+------+---------+---------+
       Total:                         316    0         0      
                                                              
    /Applications/ti/ccs2030/ccs/tools/compiler/ti-cgt-armllvm_4.0.4.LTS/lib/armv6m-ti-none-eabi/c/libsysbm.a
       hostexit.c.obj                 4      0         0      
    +--+------------------------------+------+---------+---------+
       Total:                         4      0         0      
                                                              
    /Applications/ti/ccs2030/ccs/tools/compiler/ti-cgt-armllvm_4.0.4.LTS/lib/armv6m-ti-none-eabi/libclang_rt.builtins.a
       aeabi_memcpy.S.obj             8      0         0      
    +--+------------------------------+------+---------+---------+
       Total:                         8      0         0      
                                                              
       Heap:                          0      0         512    
       Stack:                         0      0         512    
       Linker Generated:              0      45        0      
    +--+------------------------------+------+---------+---------+
       Grand Total:                   842    241       1069   


LINKER GENERATED COPY TABLES

__TI_cinit_table @ 00000438 records: 2, size/record: 8, table size: 16
	.data: load addr=00000424, load size=00000009 bytes, run addr=20200218, run size=00000015 bytes, compression=lzss
	.bss: load addr=00000430, load size=00000008 bytes, run addr=20200200, run size=00000018 bytes, compression=zero_init


LINKER GENERATED HANDLER TABLE

__TI_handler_table @ 00000418 records: 3, size/record: 4, table size: 12
	index: 0, handler: __TI_decompress_lzss
	index: 1, handler: __TI_decompress_none
	index: 2, handler: __TI_zero_init


GLOBAL SYMBOLS: SORTED ALPHABETICALLY BY Name 

address   name                    
-------   ----                    
00000339  ADC0_IRQHandler         
00000339  ADC1_IRQHandler         
00000339  AES_IRQHandler          
000003fe  C$$EXIT                 
00000339  CANFD0_IRQHandler       
00000339  DAC0_IRQHandler         
00000339  DMA_IRQHandler          
00000339  Default_Handler         
00000339  GROUP0_IRQHandler       
00000339  GROUP1_IRQHandler       
000003ff  HOSTexit                
00000355  HardFault_Handler       
00000339  I2C0_IRQHandler         
00000339  I2C1_IRQHandler         
00000339  NMI_Handler             
00000339  PendSV_Handler          
00000339  RTC_IRQHandler          
00000403  Reset_Handler           
00000410  SHT$$INIT_ARRAY$$Base   
00000414  SHT$$INIT_ARRAY$$Limit  
00000339  SPI0_IRQHandler         
00000339  SPI1_IRQHandler         
00000339  SVC_Handler             
20200218  Sensor                  
20200200  SoundCount              
20200204  SoundPt                 
000000c1  SysTick_Handler         
20200208  TExaSLogic              
2020020c  TExaSadc                
00000339  TIMA0_IRQHandler        
00000339  TIMA1_IRQHandler        
00000339  TIMG0_IRQHandler        
000002e9  TIMG12_IRQHandler       
00000371  TIMG6_IRQHandler        
000002a9  TIMG7_IRQHandler        
00000339  TIMG8_IRQHandler        
000003b7  TI_memcpy_small         
00000339  UART0_IRQHandler        
00000339  UART1_IRQHandler        
00000339  UART2_IRQHandler        
00000339  UART3_IRQHandler        
000001e5  _Z14disk_timerprocv     
000003db  _ZN8SlidePotC1Ejj       
000003db  _ZN8SlidePotC2Ejj       
20208000  __STACK_END             
00000200  __STACK_SIZE            
00000200  __SYSMEM_SIZE           
00000000  __TI_ATRegion0_region_sz
00000000  __TI_ATRegion0_src_addr 
00000000  __TI_ATRegion0_trg_addr 
00000000  __TI_ATRegion1_region_sz
00000000  __TI_ATRegion1_src_addr 
00000000  __TI_ATRegion1_trg_addr 
00000000  __TI_ATRegion2_region_sz
00000000  __TI_ATRegion2_src_addr 
00000000  __TI_ATRegion2_trg_addr 
00000438  __TI_CINIT_Base         
00000448  __TI_CINIT_Limit        
00000448  __TI_CINIT_Warm         
00000418  __TI_Handler_Table_Base 
00000424  __TI_Handler_Table_Limit
00000255  __TI_auto_init_nobinit  
00000169  __TI_decompress_lzss    
000003c9  __TI_decompress_none    
ffffffff  __TI_pprof_out_hndl     
ffffffff  __TI_prof_data_size     
ffffffff  __TI_prof_data_start    
00000000  __TI_static_base__      
000003a1  __TI_zero_init_nomemset 
000003f1  __aeabi_memcpy          
000003f1  __aeabi_memcpy4         
000003f1  __aeabi_memcpy8         
ffffffff  __binit__               
UNDEFED   __mpu_init              
20207e00  __stack                 
20200000  __start___llvm_prf_bits 
20200000  __start___llvm_prf_cnts 
20200000  __stop___llvm_prf_bits  
20200000  __stop___llvm_prf_cnts  
00000311  _c_int00_noargs         
20200000  _sys_memory             
UNDEFED   _system_post_cinit      
00000407  _system_pre_init        
000003f9  abort                   
ffffffff  binit                   
00000000  interruptVectors        
UNDEFED   main                    


GLOBAL SYMBOLS: SORTED BY Symbol Address 

address   name                    
-------   ----                    
00000000  __TI_ATRegion0_region_sz
00000000  __TI_ATRegion0_src_addr 
00000000  __TI_ATRegion0_trg_addr 
00000000  __TI_ATRegion1_region_sz
00000000  __TI_ATRegion1_src_addr 
00000000  __TI_ATRegion1_trg_addr 
00000000  __TI_ATRegion2_region_sz
00000000  __TI_ATRegion2_src_addr 
00000000  __TI_ATRegion2_trg_addr 
00000000  __TI_static_base__      
00000000  interruptVectors        
000000c1  SysTick_Handler         
00000169  __TI_decompress_lzss    
000001e5  _Z14disk_timerprocv     
00000200  __STACK_SIZE            
00000200  __SYSMEM_SIZE           
00000255  __TI_auto_init_nobinit  
000002a9  TIMG7_IRQHandler        
000002e9  TIMG12_IRQHandler       
00000311  _c_int00_noargs         
00000339  ADC0_IRQHandler         
00000339  ADC1_IRQHandler         
00000339  AES_IRQHandler          
00000339  CANFD0_IRQHandler       
00000339  DAC0_IRQHandler         
00000339  DMA_IRQHandler          
00000339  Default_Handler         
00000339  GROUP0_IRQHandler       
00000339  GROUP1_IRQHandler       
00000339  I2C0_IRQHandler         
00000339  I2C1_IRQHandler         
00000339  NMI_Handler             
00000339  PendSV_Handler          
00000339  RTC_IRQHandler          
00000339  SPI0_IRQHandler         
00000339  SPI1_IRQHandler         
00000339  SVC_Handler             
00000339  TIMA0_IRQHandler        
00000339  TIMA1_IRQHandler        
00000339  TIMG0_IRQHandler        
00000339  TIMG8_IRQHandler        
00000339  UART0_IRQHandler        
00000339  UART1_IRQHandler        
00000339  UART2_IRQHandler        
00000339  UART3_IRQHandler        
00000355  HardFault_Handler       
00000371  TIMG6_IRQHandler        
000003a1  __TI_zero_init_nomemset 
000003b7  TI_memcpy_small         
000003c9  __TI_decompress_none    
000003db  _ZN8SlidePotC1Ejj       
000003db  _ZN8SlidePotC2Ejj       
000003f1  __aeabi_memcpy          
000003f1  __aeabi_memcpy4         
000003f1  __aeabi_memcpy8         
000003f9  abort                   
000003fe  C$$EXIT                 
000003ff  HOSTexit                
00000403  Reset_Handler           
00000407  _system_pre_init        
00000410  SHT$$INIT_ARRAY$$Base   
00000414  SHT$$INIT_ARRAY$$Limit  
00000418  __TI_Handler_Table_Base 
00000424  __TI_Handler_Table_Limit
00000438  __TI_CINIT_Base         
00000448  __TI_CINIT_Limit        
00000448  __TI_CINIT_Warm         
20200000  __start___llvm_prf_bits 
20200000  __start___llvm_prf_cnts 
20200000  __stop___llvm_prf_bits  
20200000  __stop___llvm_prf_cnts  
20200000  _sys_memory             
20200200  SoundCount              
20200204  SoundPt                 
20200208  TExaSLogic              
2020020c  TExaSadc                
20200218  Sensor                  
20207e00  __stack                 
20208000  __STACK_END             
ffffffff  __TI_pprof_out_hndl     
ffffffff  __TI_prof_data_size     
ffffffff  __TI_prof_data_start    
ffffffff  __binit__               
ffffffff  binit                   
UNDEFED   __mpu_init              
UNDEFED   _system_post_cinit      
UNDEFED   main                    

[87 symbols]
