******************************************************************************
            TI ARM Clang Linker Unix v4.0.4                    
******************************************************************************
>> Linked Tue Apr 21 00:14:36 2026

OUTPUT FILE NAME:   <ECE319K_Lab9H_SW.out>
ENTRY POINT SYMBOL: "_c_int00_noargs"  address: 00002419


MEMORY CONFIGURATION

         name            origin    length      used     unused   attr    fill
----------------------  --------  ---------  --------  --------  ----  --------
  FLASH                 00000000   00020000  00003c28  0001c3d8  R  X
  SRAM                  20200000   00008000  000007f0  00007810  RW X
  BCR_CONFIG            41c00000   00000080  00000000  00000080  R   
  BSL_CONFIG            41c00100   00000080  00000000  00000080  R   


SEGMENT ALLOCATION MAP

run origin  load origin   length   init length attrs members
----------  ----------- ---------- ----------- ----- -------
00000000    00000000    00003c28   00003c28    r-x
  00000000    00000000    000000c0   000000c0    r-- .intvecs
  000000c0    000000c0    000025d0   000025d0    r-x .text
  00002690    00002690    000014f8   000014f8    r-- .rodata
  00003b88    00003b88    00000008   00000008    r-- .init_array
  00003b90    00003b90    00000098   00000098    r-- .cinit
20200000    20200000    000005f3   00000000    rw-
  20200000    20200000    00000200   00000000    rw- .sysmem
  20200200    20200200    00000201   00000000    rw- .data
  20200404    20200404    000001ef   00000000    rw- .bss
20207e00    20207e00    00000200   00000000    rw-
  20207e00    20207e00    00000200   00000000    rw- .stack


SECTION ALLOCATION MAP

 output                                  attributes/
section   page    origin      length       input sections
--------  ----  ----------  ----------   ----------------
.intvecs   0    00000000    000000c0     
                  00000000    000000c0     startup_mspm0g3507_ticlang.o (.intvecs)

.binit     0    00000000    00000000     

.text      0    000000c0    000025d0     
                  000000c0    00000230     Lab9HMain.o (.text.main)
                  000002f0    000001b4     Clock.o (.text._Z15Clock_Init80MHzi)
                  000004a4    000001a0     ST7735.o (.text._Z16ST7735_DrawCharSsscssh)
                  00000644    00000154     libc.a : fopen.c.obj (.text._openfile)
                  00000798    00000118     ST7735.o (.text._Z15ST7735_FillRectsssst)
                  000008b0    00000114     libc.a : memory.c.obj (.text.aligned_alloc)
                  000009c4    0000010c     StartScreen.o (.text._ZL18DrawLanguageSelecth)
                  00000ad0    000000f8     SPI.o (.text._Z8SPI_Initv)
                  00000bc8    000000ec     libsysbm.a : add_device.c.obj (.text.add_device)
                  00000cb4    000000e8     libc.a : memory.c.obj (.text.free)
                  00000d9c    000000e0            : setvbuf.c.obj (.text.setvbuf)
                  00000e7c    000000d0     ST7735.o (.text._Z14ST7735_OutCharc)
                  00000f4c    000000c4     StartScreen.o (.text._Z15StartScreen_RunR8SlidePot)
                  00001010    000000b4     Sound.o (.text._Z10Sound_Initv)
                  000010c4    000000a8     Sound.o (.text.SysTick_Handler)
                  0000116c    000000a2     ST7735.o (.text._ZL11commandListPKh)
                  0000120e    00000002     libclang_rt.builtins.a : aeabi_div0.c.obj (.text.__aeabi_idiv0)
                  00001210    000000a0     ST7735.o (.text._Z17ST7735_InitPrintf10initRFlags)
                  000012b0    000000a0     libsysbm.a : open.c.obj (.text.open)
                  00001350    00000098     ST7735.o (.text._Z12ST7735_InitR10initRFlags)
                  000013e8    00000098     StartScreen.o (.text._ZL10DrawSplashv)
                  00001480    00000088     StartScreen.o (.text._ZL11UpdateArrowh)
                  00001508    00000088     ST7735.o (.text._ZL13setAddrWindowhhhh)
                  00001590    00000088     libc.a : strcmp-armv6m.S.obj (.text:strcmp)
                  00001618    00000084     ST7735.o (.text._Z14ST7735_OutUDecj)
                  0000169c    00000084     ST7735.o (.text._Z17ST7735_DrawStringttPcs)
                  00001720    0000007c     LaunchPad.o (.text._Z14LaunchPad_Initv)
                  0000179c    0000007c     SlidePot.o (.text._ZN8SlidePot4InitEv)
                  00001818    0000007c     libc.a : fclose.c.obj (.text.__TI_closefile)
                  00001894    0000007c            : copy_decompress_lzss.c.obj (.text:decompress:lzss)
                  00001910    00000070     ST7735.o (.text._Z16ST7735_DrawPixelsst)
                  00001980    0000006c     libsysbm.a : hostlseek.c.obj (.text.HOSTlseek)
                  000019ec    0000006c                : hostrename.c.obj (.text.HOSTrename)
                  00001a58    0000006c     libc.a : getdevice.c.obj (.text.getdevice)
                  00001ac4    00000064            : memory.c.obj (.text.split)
                  00001b28    00000060     libsysbm.a : hostopen.c.obj (.text.HOSTopen)
                  00001b88    00000060     StartScreen.o (.text._ZL13WaitForSwitchv)
                  00001be8    00000058     libsysbm.a : hostread.c.obj (.text.HOSTread)
                  00001c40    00000058                : hostwrite.c.obj (.text.HOSTwrite)
                  00001c98    00000054     ST7735.o (.text._Z11fillmessagej)
                  00001cec    00000054     libc.a : autoinit.c.obj (.text:__TI_auto_init_nobinit)
                  00001d40    00000052            : fflush.c.obj (.text.__TI_doflush)
                  00001d92    00000002            : _lock.c.obj (.text._nop)
                  00001d94    00000050     libsysbm.a : close.c.obj (.text.close)
                  00001de4    00000048                : hostclose.c.obj (.text.HOSTclose)
                  00001e2c    00000048                : hostunlink.c.obj (.text.HOSTunlink)
                  00001e74    00000048     SPI.o (.text._Z14SPI_OutCommandc)
                  00001ebc    00000048     SlidePot.o (.text._ZN8SlidePot2InEv)
                  00001f04    00000040     TExaS.o (.text.TIMG7_IRQHandler)
                  00001f44    00000040     Sound.o (.text._Z14SysTick_IntArmjj)
                  00001f84    00000040     SPI.o (.text._Z9SPI_Resetv)
                  00001fc4    00000040     libclang_rt.builtins.a : aeabi_uidivmod.S.obj (.text.__aeabi_uidivmod)
                  00002004    00000040     libc.a : fopen.c.obj (.text._search_fp)
                  00002044    00000038     SPI.o (.text._Z11SPI_OutDatac)
                  0000207c    00000038     LaunchPad.o (.text._Z15ActivatePortA_Bv)
                  000020b4    00000034     ST7735.o (.text._Z12ST7735_writeiPKcj)
                  000020e8    00000034     Clock.o (.text._Z14Clock_Delay1msj)
                  0000211c    00000034     ST7735.o (.text._Z16ST7735_SetCursorjj)
                  00002150    00000034     LED.o (.text._Z8LED_Initv)
                  00002184    00000034     libc.a : fopen.c.obj (.text.__TI_cleanup)
                  000021b8    00000034     libsysbm.a : trgmsg.c.obj (.text.__TI_readmsg)
                  000021ec    00000034                : trgmsg.c.obj (.text.__TI_writemsg)
                  00002220    00000034     libc.a : exit.c.obj (.text.exit)
                  00002254    00000034            : getdevice.c.obj (.text.finddevice)
                  00002288    00000034            : fopen.c.obj (.text.freopen)
                  000022bc    00000030     ST7735.o (.text._ZL10commonInitPKh)
                  000022ec    00000030     libc.a : fopen.c.obj (.text.fopen)
                  0000231c    0000002c     Sound.o (.text._Z11Sound_StartPKsj)
                  00002348    0000002c     ST7735.o (.text._Z17ST7735_FillScreent)
                  00002374    0000002c     libsysbm.a : unlink.c.obj (.text.unlink)
                  000023a0    00000028     Lab9HMain.o (.text.TIMG12_IRQHandler)
                  000023c8    00000028     libc.a : memory.c.obj (.text.free_list_insert)
                  000023f0    00000028     libsysbm.a : write.c.obj (.text.write)
                  00002418    00000028     libc.a : boot_cortex_m.c.obj (.text:_c_int00_noargs)
                  00002440    00000026     ST7735.o (.text._Z16ST7735_OutStringPc)
                  00002466    0000001e     ST7735.o (.text._ZL9pushColort)
                  00002484    0000001c     startup_mspm0g3507_ticlang.o (.text.Default_Handler)
                  000024a0    0000001c     startup_mspm0g3507_ticlang.o (.text.HardFault_Handler)
                  000024bc    0000001c     libc.a : memory.c.obj (.text.free_list_remove)
                  000024d8    00000018     Switch.o (.text._Z11Switch_Initv)
                  000024f0    00000018     Switch.o (.text._Z9Switch_Inv)
                  00002508    00000018     Lab9HMain.o (.text.__cxx_global_var_init)
                  00002520    00000016     ST7735.o (.text._Z11ST7735_openPKcji)
                  00002536    00000016     ST7735.o (.text._Z11ST7735_readiPcj)
                  0000254c    00000016     libc.a : copy_zero_init.c.obj (.text:decompress:ZI:__TI_zero_init_nomemset)
                  00002562    00000002     --HOLE-- [fill = 0]
                  00002564    00000014     Sound.o (.text._Z15Sound_GameStartv)
                  00002578    00000014     ST7735.o (.text._Z19ST7735_SetTextColort)
                  0000258c    00000012     libc.a : memcpy16.S.obj (.text:TI_memcpy_small)
                  0000259e    00000012            : copy_decompress_none.c.obj (.text:decompress:none)
                  000025b0    00000010     Clock.o (.text._Z11Clock_Delayj)
                  000025c0    0000000e     libc.a : memory.c.obj (.text.OUTLINED_FUNCTION_0)
                  000025ce    0000000e     ST7735.o (.text._Z12ST7735_lseekili)
                  000025dc    0000000e     SlidePot.o (.text._ZN8SlidePotC2Ejj)
                  000025ea    0000000e     libsysbm.a : hostrename.c.obj (.text.strcpy)
                  000025f8    0000000e                : hostrename.c.obj (.text.strlen)
                  00002606    0000000e     libc.a : memset16.S.obj (.text:TI_memset_small)
                  00002614    0000000c     Clock.o (.text._Z10Clock_Freqv)
                  00002620    0000000c     ST7735.o (.text._Z13ST7735_renamePKcS0_)
                  0000262c    0000000c     libclang_rt.builtins.a : aeabi_memset.S.obj (.text.__aeabi_memclr)
                  00002638    0000000c     libc.a : memory.c.obj (.text.malloc)
                  00002644    0000000a     ST7735.o (.text._Z12ST7735_closei)
                  0000264e    0000000a     ST7735.o (.text._Z13ST7735_unlinkPKc)
                  00002658    0000000a     Lab9HMain.o (.text._Z8PLL_Initv)
                  00002662    00000008     Lab9HMain.o (.text._GLOBAL__sub_I_Lab9HMain.cpp)
                  0000266a    00000002     --HOLE-- [fill = 0]
                  0000266c    00000008     libclang_rt.builtins.a : aeabi_memcpy.S.obj (.text.__aeabi_memcpy)
                  00002674    00000008     libsysbm.a : remove.c.obj (.text.remove)
                  0000267c    00000006     libc.a : exit.c.obj (.text:abort)
                  00002682    00000004     libsysbm.a : hostexit.c.obj (.text.HOSTexit)
                  00002686    00000004     startup_mspm0g3507_ticlang.o (.text.Reset_Handler)
                  0000268a    00000004     libc.a : pre_init.c.obj (.text._system_pre_init)
                  0000268e    00000002     --HOLE-- [fill = 0]

.cinit     0    00003b90    00000098     
                  00003b90    0000006e     (.cinit..data.load) [load image, compression = lzss]
                  00003bfe    00000002     --HOLE-- [fill = 0]
                  00003c00    0000000c     (__TI_handler_table)
                  00003c0c    00000008     (.cinit..bss.load) [load image, compression = zero_init]
                  00003c14    00000010     (__TI_cinit_table)
                  00003c24    00000004     --HOLE-- [fill = 0]

.rodata    0    00002690    000014f8     
                  00002690    00000e14     Sound.o (.rodata._ZL9gameStart)
                  000034a4    000004fb     ST7735.o (.rodata._ZL4Font)
                  0000399f    0000003b     ST7735.o (.rodata._ZL5Rcmd1)
                  000039da    0000002b     ST7735.o (.rodata._ZL5Rcmd3)
                  00003a05    00000016     ST7735.o (.rodata.str1.14736978382213673245.1)
                  00003a1b    00000014     Lab9HMain.o (.rodata.str1.11873993020133721197.1)
                  00003a2f    00000014     StartScreen.o (.rodata.str1.8476945815924904168.1)
                  00003a43    00000013     Lab9HMain.o (.rodata.str1.13795259386319963447.1)
                  00003a56    00000013     Lab9HMain.o (.rodata.str1.15633104255839082404.1)
                  00003a69    00000012     Lab9HMain.o (.rodata.str1.15635161962301491840.1)
                  00003a7b    00000012     Lab9HMain.o (.rodata.str1.2126056238150060109.1)
                  00003a8d    00000012     Lab9HMain.o (.rodata.str1.7329905365877780444.1)
                  00003a9f    00000011     Lab9HMain.o (.rodata.str1.6140762501186091384.1)
                  00003ab0    00000010     StartScreen.o (.rodata.str1.14412181492286948012.1)
                  00003ac0    0000000e     StartScreen.o (.rodata.str1.2153351890680823668.1)
                  00003ace    0000000e     StartScreen.o (.rodata.str1.5365977075351153378.1)
                  00003adc    0000000d     ST7735.o (.rodata._ZL10Rcmd2green)
                  00003ae9    0000000d     ST7735.o (.rodata._ZL8Rcmd2red)
                  00003af6    0000000c     StartScreen.o (.rodata.str1.16225496245257589207.1)
                  00003b02    0000000c     StartScreen.o (.rodata.str1.4841217215070303453.1)
                  00003b0e    0000000c     StartScreen.o (.rodata.str1.6624015646036745125.1)
                  00003b1a    0000000a     Lab9HMain.o (.rodata.str1.12025775036332399883.1)
                  00003b24    0000000a     StartScreen.o (.rodata.str1.12904855151126179143.1)
                  00003b2e    0000000a     Lab9HMain.o (.rodata.str1.2578874473800058667.1)
                  00003b38    0000000a     Lab9HMain.o (.rodata.str1.4336216668106844049.1)
                  00003b42    0000000a     StartScreen.o (.rodata.str1.4870346415780113440.1)
                  00003b4c    0000000a     StartScreen.o (.rodata.str1.8463736913069917711.1)
                  00003b56    0000000a     StartScreen.o (.rodata.str1.9307688485660039821.1)
                  00003b60    00000008     ST7735.o (.rodata.str1.7209918599617305731.1)
                  00003b68    00000007     ST7735.o (.rodata.str1.10208736415454880443.1)
                  00003b6f    00000007     Lab9HMain.o (.rodata.str1.5801453942805561773.1)
                  00003b76    00000007     ST7735.o (.rodata.str1.8723687351022562626.1)
                  00003b7d    00000005     Lab9HMain.o (.rodata.str1.9627581527787073461.1)
                  00003b82    00000002     ST7735.o (.rodata.str1.18358205720993799461.1)
                  00003b84    00000004     --HOLE-- [fill = 0]

.init_array 
*          0    00003b88    00000008     
                  00003b88    00000004     Lab9HMain.o (.init_array)
                  00003b8c    00000004     --HOLE-- [fill = 0]

.sysmem    0    20200000    00000200     UNINITIALIZED
                  20200000    00000010     libc.a : memory.c.obj (.sysmem)
                  20200010    000001f0     --HOLE--

.data      0    20200200    00000201     UNINITIALIZED
                  20200200    000000f0     libc.a : defs.c.obj (.data._ftable)
                  202002f0    00000078     libsysbm.a : host_device.c.obj (.data._device)
                  20200368    00000050                : host_device.c.obj (.data._stream)
                  202003b8    00000014     Lab9HMain.o (.data.Sensor)
                  202003cc    00000008     libc.a : exit.c.obj (.data..L_MergedGlobals)
                  202003d4    00000004     Clock.o (.data.BusFreq)
                  202003d8    00000004     ST7735.o (.data.StX)
                  202003dc    00000004     ST7735.o (.data.StY)
                  202003e0    00000004     Lab9HMain.o (.data._ZZ4mainE6lastSw)
                  202003e4    00000004     libc.a : defs.c.obj (.data.__TI_ft_end)
                  202003e8    00000004            : _lock.c.obj (.data._lock)
                  202003ec    00000004            : _lock.c.obj (.data._unlock)
                  202003f0    00000002     ST7735.o (.data.StTextColor)
                  202003f2    00000002     ST7735.o (.data._ZL6_width)
                  202003f4    00000002     ST7735.o (.data._ZL7_height)
                  202003f6    00000002     --HOLE--
                  202003f8    00000001     libsysbm.a : add_device.c.obj (.data.add_device.device_init)
                  202003f9    00000003     --HOLE--
                  202003fc    00000001     libc.a : memory.c.obj (.data.memory_is_initialized)
                  202003fd    00000003     --HOLE--
                  20200400    00000001     libsysbm.a : open.c.obj (.data.open.stream_init)

.bss       0    20200404    000001ef     UNINITIALIZED
                  20200404    00000120     libsysbm.a : trgmsg.c.obj (.bss:_CIOBUF_)
                  20200524    000000a0     libc.a : defs.c.obj (.bss.__TI_tmpnams)
                  202005c4    0000000c     ST7735.o (.bss.Message)
                  202005d0    00000008     libsysbm.a : hostopen.c.obj (.bss.parmbuf)
                  202005d8    00000004     ST7735.o (.bss.Messageindex)
                  202005dc    00000004     Sound.o (.bss.SoundCount)
                  202005e0    00000004     Sound.o (.bss.SoundPt)
                  202005e4    00000004     TExaS.o (.bss.TExaSLogic)
                  202005e8    00000004     TExaS.o (.bss.TExaSadc)
                  202005ec    00000004     libc.a : memory.c.obj (.bss.sys_free)
                  202005f0    00000001     ST7735.o (.bss._ZL8ColStart)
                  202005f1    00000001     ST7735.o (.bss._ZL8RowStart)
                  202005f2    00000001     ST7735.o (.bss._ZL8TabColor)

.stack     0    20207e00    00000200     UNINITIALIZED
                  20207e00    00000004     libc.a : boot_cortex_m.c.obj (.stack)
                  20207e04    000001fc     --HOLE--

__llvm_prf_cnts 
*          0    20200000    00000000     UNINITIALIZED

__llvm_prf_bits 
*          0    20200000    00000000     UNINITIALIZED

MODULE SUMMARY

       Module                         code   ro data   rw data
       ------                         ----   -------   -------
    ./
       Sound.o                        476    3604      8      
       ST7735.o                       2348   1449      33     
       StartScreen.o                  848    140       0      
       Lab9HMain.o                    642    175       24     
       Clock.o                        516    0         4      
       SPI.o                          440    0         0      
       SlidePot.o                     210    0         0      
       LaunchPad.o                    180    0         0      
       TExaS.o                        64     0         8      
       LED.o                          52     0         0      
       Switch.o                       48     0         0      
    +--+------------------------------+------+---------+---------+
       Total:                         5824   5368      77     
                                                              
    ./ticlang/
       startup_mspm0g3507_ticlang.o   60     192       0      
    +--+------------------------------+------+---------+---------+
       Total:                         60     192       0      
                                                              
    /Applications/ti/ccs2030/ccs/tools/compiler/ti-cgt-armllvm_4.0.4.LTS/lib/armv6m-ti-none-eabi/c/libc.a
       memory.c.obj                   702    0         5      
       fopen.c.obj                    556    0         0      
       defs.c.obj                     0      0         404    
       setvbuf.c.obj                  224    0         0      
       getdevice.c.obj                160    0         0      
       strcmp-armv6m.S.obj            136    0         0      
       copy_decompress_lzss.c.obj     124    0         0      
       fclose.c.obj                   124    0         0      
       autoinit.c.obj                 84     0         0      
       fflush.c.obj                   82     0         0      
       exit.c.obj                     58     0         8      
       boot_cortex_m.c.obj            40     0         0      
       copy_zero_init.c.obj           22     0         0      
       copy_decompress_none.c.obj     18     0         0      
       memcpy16.S.obj                 18     0         0      
       memset16.S.obj                 14     0         0      
       _lock.c.obj                    2      0         8      
       pre_init.c.obj                 4      0         0      
    +--+------------------------------+------+---------+---------+
       Total:                         2368   0         425    
                                                              
    /Applications/ti/ccs2030/ccs/tools/compiler/ti-cgt-armllvm_4.0.4.LTS/lib/armv6m-ti-none-eabi/c/libsysbm.a
       trgmsg.c.obj                   104    0         288    
       add_device.c.obj               236    0         1      
       host_device.c.obj              0      0         200    
       open.c.obj                     160    0         1      
       hostrename.c.obj               136    0         0      
       hostlseek.c.obj                108    0         0      
       hostopen.c.obj                 96     0         8      
       hostread.c.obj                 88     0         0      
       hostwrite.c.obj                88     0         0      
       close.c.obj                    80     0         0      
       hostclose.c.obj                72     0         0      
       hostunlink.c.obj               72     0         0      
       unlink.c.obj                   44     0         0      
       write.c.obj                    40     0         0      
       remove.c.obj                   8      0         0      
       hostexit.c.obj                 4      0         0      
    +--+------------------------------+------+---------+---------+
       Total:                         1336   0         498    
                                                              
    /Applications/ti/ccs2030/ccs/tools/compiler/ti-cgt-armllvm_4.0.4.LTS/lib/armv6m-ti-none-eabi/libclang_rt.builtins.a
       aeabi_uidivmod.S.obj           64     0         0      
       aeabi_memset.S.obj             12     0         0      
       aeabi_memcpy.S.obj             8      0         0      
       aeabi_div0.c.obj               2      0         0      
    +--+------------------------------+------+---------+---------+
       Total:                         86     0         0      
                                                              
       Heap:                          0      0         512    
       Stack:                         0      0         512    
       Linker Generated:              0      146       0      
    +--+------------------------------+------+---------+---------+
       Grand Total:                   9674   5706      2024   


LINKER GENERATED COPY TABLES

__TI_cinit_table @ 00003c14 records: 2, size/record: 8, table size: 16
	.data: load addr=00003b90, load size=0000006e bytes, run addr=20200200, run size=00000201 bytes, compression=lzss
	.bss: load addr=00003c0c, load size=00000008 bytes, run addr=20200404, run size=000001ef bytes, compression=zero_init


LINKER GENERATED HANDLER TABLE

__TI_handler_table @ 00003c00 records: 3, size/record: 4, table size: 12
	index: 0, handler: __TI_decompress_lzss
	index: 1, handler: __TI_decompress_none
	index: 2, handler: __TI_zero_init


GLOBAL SYMBOLS: SORTED ALPHABETICALLY BY Name 

address   name                             
-------   ----                             
00002485  ADC0_IRQHandler                  
00002485  ADC1_IRQHandler                  
00002485  AES_IRQHandler                   
202003d4  BusFreq                          
00002682  C$$EXIT                          
00002219  C$$IO$$                          
00002485  CANFD0_IRQHandler                
00002485  DAC0_IRQHandler                  
00002485  DMA_IRQHandler                   
00002485  Default_Handler                  
00002485  GROUP0_IRQHandler                
00002485  GROUP1_IRQHandler                
00001de5  HOSTclose                        
00002683  HOSTexit                         
00001981  HOSTlseek                        
00001b29  HOSTopen                         
00001be9  HOSTread                         
000019ed  HOSTrename                       
00001e2d  HOSTunlink                       
00001c41  HOSTwrite                        
000024a1  HardFault_Handler                
00002485  I2C0_IRQHandler                  
00002485  I2C1_IRQHandler                  
202005c4  Message                          
202005d8  Messageindex                     
00002485  NMI_Handler                      
00002485  PendSV_Handler                   
00002485  RTC_IRQHandler                   
00002687  Reset_Handler                    
00003b88  SHT$$INIT_ARRAY$$Base            
00003b8c  SHT$$INIT_ARRAY$$Limit           
00002485  SPI0_IRQHandler                  
00002485  SPI1_IRQHandler                  
00002485  SVC_Handler                      
202003b8  Sensor                           
202005dc  SoundCount                       
202005e0  SoundPt                          
202003f0  StTextColor                      
202003d8  StX                              
202003dc  StY                              
000010c5  SysTick_Handler                  
202005e4  TExaSLogic                       
202005e8  TExaSadc                         
00002485  TIMA0_IRQHandler                 
00002485  TIMA1_IRQHandler                 
00002485  TIMG0_IRQHandler                 
000023a1  TIMG12_IRQHandler                
00002485  TIMG6_IRQHandler                 
00001f05  TIMG7_IRQHandler                 
00002485  TIMG8_IRQHandler                 
0000258d  TI_memcpy_small                  
00002607  TI_memset_small                  
00002485  UART0_IRQHandler                 
00002485  UART1_IRQHandler                 
00002485  UART2_IRQHandler                 
00002485  UART3_IRQHandler                 
20200404  _CIOBUF_                         
00002615  _Z10Clock_Freqv                  
00001011  _Z10Sound_Initv                  
000025b1  _Z11Clock_Delayj                 
00002045  _Z11SPI_OutDatac                 
00002521  _Z11ST7735_openPKcji             
00002537  _Z11ST7735_readiPcj              
0000231d  _Z11Sound_StartPKsj              
000024d9  _Z11Switch_Initv                 
00001c99  _Z11fillmessagej                 
00001351  _Z12ST7735_InitR10initRFlags     
00002645  _Z12ST7735_closei                
000025cf  _Z12ST7735_lseekili              
000020b5  _Z12ST7735_writeiPKcj            
00002621  _Z13ST7735_renamePKcS0_          
0000264f  _Z13ST7735_unlinkPKc             
000020e9  _Z14Clock_Delay1msj              
00001721  _Z14LaunchPad_Initv              
00001e75  _Z14SPI_OutCommandc              
00000e7d  _Z14ST7735_OutCharc              
00001619  _Z14ST7735_OutUDecj              
00001f45  _Z14SysTick_IntArmjj             
0000207d  _Z15ActivatePortA_Bv             
000002f1  _Z15Clock_Init80MHzi             
00000799  _Z15ST7735_FillRectsssst         
00002565  _Z15Sound_GameStartv             
00000f4d  _Z15StartScreen_RunR8SlidePot    
000004a5  _Z16ST7735_DrawCharSsscssh       
00001911  _Z16ST7735_DrawPixelsst          
00002441  _Z16ST7735_OutStringPc           
0000211d  _Z16ST7735_SetCursorjj           
0000169d  _Z17ST7735_DrawStringttPcs       
00002349  _Z17ST7735_FillScreent           
00001211  _Z17ST7735_InitPrintf10initRFlags
00002579  _Z19ST7735_SetTextColort         
00002151  _Z8LED_Initv                     
00002659  _Z8PLL_Initv                     
00000ad1  _Z8SPI_Initv                     
00001f85  _Z9SPI_Resetv                    
000024f1  _Z9Switch_Inv                    
00001ebd  _ZN8SlidePot2InEv                
0000179d  _ZN8SlidePot4InitEv              
000025dd  _ZN8SlidePotC1Ejj                
000025dd  _ZN8SlidePotC2Ejj                
20200404  __CIOBUF_                        
20208000  __STACK_END                      
00000200  __STACK_SIZE                     
00000200  __SYSMEM_SIZE                    
00000000  __TI_ATRegion0_region_sz         
00000000  __TI_ATRegion0_src_addr          
00000000  __TI_ATRegion0_trg_addr          
00000000  __TI_ATRegion1_region_sz         
00000000  __TI_ATRegion1_src_addr          
00000000  __TI_ATRegion1_trg_addr          
00000000  __TI_ATRegion2_region_sz         
00000000  __TI_ATRegion2_src_addr          
00000000  __TI_ATRegion2_trg_addr          
00003c14  __TI_CINIT_Base                  
00003c24  __TI_CINIT_Limit                 
00003c24  __TI_CINIT_Warm                  
00003c00  __TI_Handler_Table_Base          
00003c0c  __TI_Handler_Table_Limit         
00001ced  __TI_auto_init_nobinit           
00002185  __TI_cleanup                     
202003cc  __TI_cleanup_ptr                 
00001819  __TI_closefile                   
00001895  __TI_decompress_lzss             
0000259f  __TI_decompress_none             
00001d41  __TI_doflush                     
202003d0  __TI_dtors_ptr                   
202003e4  __TI_ft_end                      
ffffffff  __TI_pprof_out_hndl              
ffffffff  __TI_prof_data_size              
ffffffff  __TI_prof_data_start             
000021b9  __TI_readmsg                     
00000000  __TI_static_base__               
20200524  __TI_tmpnams                     
000021ed  __TI_writemsg                    
0000254d  __TI_zero_init_nomemset          
0000120f  __aeabi_idiv0                    
0000262d  __aeabi_memclr                   
0000262d  __aeabi_memclr4                  
0000262d  __aeabi_memclr8                  
0000266d  __aeabi_memcpy                   
0000266d  __aeabi_memcpy4                  
0000266d  __aeabi_memcpy8                  
00001fc5  __aeabi_uidiv                    
00001fc5  __aeabi_uidivmod                 
ffffffff  __binit__                        
UNDEFED   __mpu_init                       
20207e00  __stack                          
20200000  __start___llvm_prf_bits          
20200000  __start___llvm_prf_cnts          
20200000  __stop___llvm_prf_bits           
20200000  __stop___llvm_prf_cnts           
00002419  _c_int00_noargs                  
202002f0  _device                          
20200200  _ftable                          
202003e8  _lock                            
00001d93  _nop                             
20200368  _stream                          
20200000  _sys_memory                      
UNDEFED   _system_post_cinit               
0000268b  _system_pre_init                 
202003ec  _unlock                          
0000267d  abort                            
00000bc9  add_device                       
000008b1  aligned_alloc                    
ffffffff  binit                            
00001d95  close                            
00002221  exit                             
00002255  finddevice                       
000022ed  fopen                            
00000cb5  free                             
00002289  freopen                          
00001a59  getdevice                        
00000000  interruptVectors                 
000000c1  main                             
00002639  malloc                           
000008b1  memalign                         
000012b1  open                             
202005d0  parmbuf                          
00002675  remove                           
00000d9d  setvbuf                          
00001591  strcmp                           
00002375  unlink                           
000023f1  write                            


GLOBAL SYMBOLS: SORTED BY Symbol Address 

address   name                             
-------   ----                             
00000000  __TI_ATRegion0_region_sz         
00000000  __TI_ATRegion0_src_addr          
00000000  __TI_ATRegion0_trg_addr          
00000000  __TI_ATRegion1_region_sz         
00000000  __TI_ATRegion1_src_addr          
00000000  __TI_ATRegion1_trg_addr          
00000000  __TI_ATRegion2_region_sz         
00000000  __TI_ATRegion2_src_addr          
00000000  __TI_ATRegion2_trg_addr          
00000000  __TI_static_base__               
00000000  interruptVectors                 
000000c1  main                             
00000200  __STACK_SIZE                     
00000200  __SYSMEM_SIZE                    
000002f1  _Z15Clock_Init80MHzi             
000004a5  _Z16ST7735_DrawCharSsscssh       
00000799  _Z15ST7735_FillRectsssst         
000008b1  aligned_alloc                    
000008b1  memalign                         
00000ad1  _Z8SPI_Initv                     
00000bc9  add_device                       
00000cb5  free                             
00000d9d  setvbuf                          
00000e7d  _Z14ST7735_OutCharc              
00000f4d  _Z15StartScreen_RunR8SlidePot    
00001011  _Z10Sound_Initv                  
000010c5  SysTick_Handler                  
0000120f  __aeabi_idiv0                    
00001211  _Z17ST7735_InitPrintf10initRFlags
000012b1  open                             
00001351  _Z12ST7735_InitR10initRFlags     
00001591  strcmp                           
00001619  _Z14ST7735_OutUDecj              
0000169d  _Z17ST7735_DrawStringttPcs       
00001721  _Z14LaunchPad_Initv              
0000179d  _ZN8SlidePot4InitEv              
00001819  __TI_closefile                   
00001895  __TI_decompress_lzss             
00001911  _Z16ST7735_DrawPixelsst          
00001981  HOSTlseek                        
000019ed  HOSTrename                       
00001a59  getdevice                        
00001b29  HOSTopen                         
00001be9  HOSTread                         
00001c41  HOSTwrite                        
00001c99  _Z11fillmessagej                 
00001ced  __TI_auto_init_nobinit           
00001d41  __TI_doflush                     
00001d93  _nop                             
00001d95  close                            
00001de5  HOSTclose                        
00001e2d  HOSTunlink                       
00001e75  _Z14SPI_OutCommandc              
00001ebd  _ZN8SlidePot2InEv                
00001f05  TIMG7_IRQHandler                 
00001f45  _Z14SysTick_IntArmjj             
00001f85  _Z9SPI_Resetv                    
00001fc5  __aeabi_uidiv                    
00001fc5  __aeabi_uidivmod                 
00002045  _Z11SPI_OutDatac                 
0000207d  _Z15ActivatePortA_Bv             
000020b5  _Z12ST7735_writeiPKcj            
000020e9  _Z14Clock_Delay1msj              
0000211d  _Z16ST7735_SetCursorjj           
00002151  _Z8LED_Initv                     
00002185  __TI_cleanup                     
000021b9  __TI_readmsg                     
000021ed  __TI_writemsg                    
00002219  C$$IO$$                          
00002221  exit                             
00002255  finddevice                       
00002289  freopen                          
000022ed  fopen                            
0000231d  _Z11Sound_StartPKsj              
00002349  _Z17ST7735_FillScreent           
00002375  unlink                           
000023a1  TIMG12_IRQHandler                
000023f1  write                            
00002419  _c_int00_noargs                  
00002441  _Z16ST7735_OutStringPc           
00002485  ADC0_IRQHandler                  
00002485  ADC1_IRQHandler                  
00002485  AES_IRQHandler                   
00002485  CANFD0_IRQHandler                
00002485  DAC0_IRQHandler                  
00002485  DMA_IRQHandler                   
00002485  Default_Handler                  
00002485  GROUP0_IRQHandler                
00002485  GROUP1_IRQHandler                
00002485  I2C0_IRQHandler                  
00002485  I2C1_IRQHandler                  
00002485  NMI_Handler                      
00002485  PendSV_Handler                   
00002485  RTC_IRQHandler                   
00002485  SPI0_IRQHandler                  
00002485  SPI1_IRQHandler                  
00002485  SVC_Handler                      
00002485  TIMA0_IRQHandler                 
00002485  TIMA1_IRQHandler                 
00002485  TIMG0_IRQHandler                 
00002485  TIMG6_IRQHandler                 
00002485  TIMG8_IRQHandler                 
00002485  UART0_IRQHandler                 
00002485  UART1_IRQHandler                 
00002485  UART2_IRQHandler                 
00002485  UART3_IRQHandler                 
000024a1  HardFault_Handler                
000024d9  _Z11Switch_Initv                 
000024f1  _Z9Switch_Inv                    
00002521  _Z11ST7735_openPKcji             
00002537  _Z11ST7735_readiPcj              
0000254d  __TI_zero_init_nomemset          
00002565  _Z15Sound_GameStartv             
00002579  _Z19ST7735_SetTextColort         
0000258d  TI_memcpy_small                  
0000259f  __TI_decompress_none             
000025b1  _Z11Clock_Delayj                 
000025cf  _Z12ST7735_lseekili              
000025dd  _ZN8SlidePotC1Ejj                
000025dd  _ZN8SlidePotC2Ejj                
00002607  TI_memset_small                  
00002615  _Z10Clock_Freqv                  
00002621  _Z13ST7735_renamePKcS0_          
0000262d  __aeabi_memclr                   
0000262d  __aeabi_memclr4                  
0000262d  __aeabi_memclr8                  
00002639  malloc                           
00002645  _Z12ST7735_closei                
0000264f  _Z13ST7735_unlinkPKc             
00002659  _Z8PLL_Initv                     
0000266d  __aeabi_memcpy                   
0000266d  __aeabi_memcpy4                  
0000266d  __aeabi_memcpy8                  
00002675  remove                           
0000267d  abort                            
00002682  C$$EXIT                          
00002683  HOSTexit                         
00002687  Reset_Handler                    
0000268b  _system_pre_init                 
00003b88  SHT$$INIT_ARRAY$$Base            
00003b8c  SHT$$INIT_ARRAY$$Limit           
00003c00  __TI_Handler_Table_Base          
00003c0c  __TI_Handler_Table_Limit         
00003c14  __TI_CINIT_Base                  
00003c24  __TI_CINIT_Limit                 
00003c24  __TI_CINIT_Warm                  
20200000  __start___llvm_prf_bits          
20200000  __start___llvm_prf_cnts          
20200000  __stop___llvm_prf_bits           
20200000  __stop___llvm_prf_cnts           
20200000  _sys_memory                      
20200200  _ftable                          
202002f0  _device                          
20200368  _stream                          
202003b8  Sensor                           
202003cc  __TI_cleanup_ptr                 
202003d0  __TI_dtors_ptr                   
202003d4  BusFreq                          
202003d8  StX                              
202003dc  StY                              
202003e4  __TI_ft_end                      
202003e8  _lock                            
202003ec  _unlock                          
202003f0  StTextColor                      
20200404  _CIOBUF_                         
20200404  __CIOBUF_                        
20200524  __TI_tmpnams                     
202005c4  Message                          
202005d0  parmbuf                          
202005d8  Messageindex                     
202005dc  SoundCount                       
202005e0  SoundPt                          
202005e4  TExaSLogic                       
202005e8  TExaSadc                         
20207e00  __stack                          
20208000  __STACK_END                      
ffffffff  __TI_pprof_out_hndl              
ffffffff  __TI_prof_data_size              
ffffffff  __TI_prof_data_start             
ffffffff  __binit__                        
ffffffff  binit                            
UNDEFED   __mpu_init                       
UNDEFED   _system_post_cinit               

[183 symbols]
