<?xml version="1.0" encoding="ISO-8859-1" ?>
<link_info>
   <banner>TI ARM Clang Linker PC v4.0.4.LTS</banner>
   <copyright>Copyright (c) 1996-2018 Texas Instruments Incorporated</copyright>
   <command_line>C:\ti\ccs2040\ccs\tools\compiler\ti-cgt-armllvm_4.0.4.LTS\bin\tiarmlnk -IC:\ti\ccs2040\ccs\tools\compiler\ti-cgt-armllvm_4.0.4.LTS\lib -o ECE319K_Lab9H.out -mECE319K_Lab9H.map --heap_size=512 --stack_size=512 -iC:/Projects/319/MSPM0_ValvanoWare/ECE319K_Lab9H/Debug/syscfg -iC:/ti/ccs2040/ccs/tools/compiler/ti-cgt-armllvm_4.0.4.LTS/lib --diag_wrap=off --display_error_number --warn_sections --xml_link_info=ECE319K_Lab9H_linkInfo.xml --rom_model ./Car.o ./Clock.o ./DAC5.o ./LED.o ./Lab9HMain.o ./LaunchPad.o ./SPI.o ./ST7735.o ./SlidePot.o ./SmallFont.o ./Sound.o ./Switch.o ./TExaS.o ./Timer.o ./images/pipedreams/PipeSound.o ./ticlang/startup_mspm0g3507_ticlang.o ../mspm0g3507.cmd -lC:/ti/mspm0_sdk_2_03_00_07/source/ti/driverlib/lib/ticlang/m0p/mspm0g1x0x_g3x0x/driverlib.a -llibc.a --start-group -llibc++.a -llibc++abi.a -llibc.a -llibsys.a -llibsysbm.a -llibclang_rt.builtins.a -llibclang_rt.profile.a --end-group --cg_opt_level=0</command_line>
   <link_time>0x69e6a224</link_time>
   <link_errors>0x0</link_errors>
   <output_file>C:\Projects\319\MSPM0_ValvanoWare\ECE319K_Lab9H\Debug\ECE319K_Lab9H.out</output_file>
   <entry_point>
      <name>_c_int00_noargs</name>
      <address>0x17f81</address>
   </entry_point>
   <input_file_list>
      <input_file id="fl-1">
         <path>C:\Projects\319\MSPM0_ValvanoWare\ECE319K_Lab9H\Debug\.\</path>
         <kind>object</kind>
         <file>Car.o</file>
         <name>Car.o</name>
      </input_file>
      <input_file id="fl-2">
         <path>C:\Projects\319\MSPM0_ValvanoWare\ECE319K_Lab9H\Debug\.\</path>
         <kind>object</kind>
         <file>Clock.o</file>
         <name>Clock.o</name>
      </input_file>
      <input_file id="fl-3">
         <path>C:\Projects\319\MSPM0_ValvanoWare\ECE319K_Lab9H\Debug\.\</path>
         <kind>object</kind>
         <file>DAC5.o</file>
         <name>DAC5.o</name>
      </input_file>
      <input_file id="fl-4">
         <path>C:\Projects\319\MSPM0_ValvanoWare\ECE319K_Lab9H\Debug\.\</path>
         <kind>object</kind>
         <file>LED.o</file>
         <name>LED.o</name>
      </input_file>
      <input_file id="fl-5">
         <path>C:\Projects\319\MSPM0_ValvanoWare\ECE319K_Lab9H\Debug\.\</path>
         <kind>object</kind>
         <file>Lab9HMain.o</file>
         <name>Lab9HMain.o</name>
      </input_file>
      <input_file id="fl-6">
         <path>C:\Projects\319\MSPM0_ValvanoWare\ECE319K_Lab9H\Debug\.\</path>
         <kind>object</kind>
         <file>LaunchPad.o</file>
         <name>LaunchPad.o</name>
      </input_file>
      <input_file id="fl-7">
         <path>C:\Projects\319\MSPM0_ValvanoWare\ECE319K_Lab9H\Debug\.\</path>
         <kind>object</kind>
         <file>SPI.o</file>
         <name>SPI.o</name>
      </input_file>
      <input_file id="fl-8">
         <path>C:\Projects\319\MSPM0_ValvanoWare\ECE319K_Lab9H\Debug\.\</path>
         <kind>object</kind>
         <file>ST7735.o</file>
         <name>ST7735.o</name>
      </input_file>
      <input_file id="fl-9">
         <path>C:\Projects\319\MSPM0_ValvanoWare\ECE319K_Lab9H\Debug\.\</path>
         <kind>object</kind>
         <file>SlidePot.o</file>
         <name>SlidePot.o</name>
      </input_file>
      <input_file id="fl-a">
         <path>C:\Projects\319\MSPM0_ValvanoWare\ECE319K_Lab9H\Debug\.\</path>
         <kind>object</kind>
         <file>SmallFont.o</file>
         <name>SmallFont.o</name>
      </input_file>
      <input_file id="fl-b">
         <path>C:\Projects\319\MSPM0_ValvanoWare\ECE319K_Lab9H\Debug\.\</path>
         <kind>object</kind>
         <file>Sound.o</file>
         <name>Sound.o</name>
      </input_file>
      <input_file id="fl-c">
         <path>C:\Projects\319\MSPM0_ValvanoWare\ECE319K_Lab9H\Debug\.\</path>
         <kind>object</kind>
         <file>Switch.o</file>
         <name>Switch.o</name>
      </input_file>
      <input_file id="fl-d">
         <path>C:\Projects\319\MSPM0_ValvanoWare\ECE319K_Lab9H\Debug\.\</path>
         <kind>object</kind>
         <file>TExaS.o</file>
         <name>TExaS.o</name>
      </input_file>
      <input_file id="fl-e">
         <path>C:\Projects\319\MSPM0_ValvanoWare\ECE319K_Lab9H\Debug\.\</path>
         <kind>object</kind>
         <file>Timer.o</file>
         <name>Timer.o</name>
      </input_file>
      <input_file id="fl-f">
         <path>C:\Projects\319\MSPM0_ValvanoWare\ECE319K_Lab9H\Debug\.\images\pipedreams\</path>
         <kind>object</kind>
         <file>PipeSound.o</file>
         <name>PipeSound.o</name>
      </input_file>
      <input_file id="fl-10">
         <path>C:\Projects\319\MSPM0_ValvanoWare\ECE319K_Lab9H\Debug\.\ticlang\</path>
         <kind>object</kind>
         <file>startup_mspm0g3507_ticlang.o</file>
         <name>startup_mspm0g3507_ticlang.o</name>
      </input_file>
      <input_file id="fl-1c">
         <path>C:\Projects\319\MSPM0_ValvanoWare\ECE319K_Lab9H\Debug\</path>
         <kind>object</kind>
         <file>&lt;internal&gt;</file>
         <name>&lt;internal&gt;</name>
      </input_file>
      <input_file id="fl-33">
         <path>C:\ti\ccs2040\ccs\tools\compiler\ti-cgt-armllvm_4.0.4.LTS\lib\armv6m-ti-none-eabi\c\</path>
         <kind>archive</kind>
         <file>libc.a</file>
         <name>fopen.c.obj</name>
      </input_file>
      <input_file id="fl-34">
         <path>C:\ti\ccs2040\ccs\tools\compiler\ti-cgt-armllvm_4.0.4.LTS\lib\armv6m-ti-none-eabi\c\</path>
         <kind>archive</kind>
         <file>libc.a</file>
         <name>setvbuf.c.obj</name>
      </input_file>
      <input_file id="fl-35">
         <path>C:\ti\ccs2040\ccs\tools\compiler\ti-cgt-armllvm_4.0.4.LTS\lib\armv6m-ti-none-eabi\c\</path>
         <kind>archive</kind>
         <file>libc.a</file>
         <name>aeabi_portable.c.obj</name>
      </input_file>
      <input_file id="fl-36">
         <path>C:\ti\ccs2040\ccs\tools\compiler\ti-cgt-armllvm_4.0.4.LTS\lib\armv6m-ti-none-eabi\c\</path>
         <kind>archive</kind>
         <file>libc.a</file>
         <name>exit.c.obj</name>
      </input_file>
      <input_file id="fl-37">
         <path>C:\ti\ccs2040\ccs\tools\compiler\ti-cgt-armllvm_4.0.4.LTS\lib\armv6m-ti-none-eabi\c\</path>
         <kind>archive</kind>
         <file>libc.a</file>
         <name>_lock.c.obj</name>
      </input_file>
      <input_file id="fl-38">
         <path>C:\ti\ccs2040\ccs\tools\compiler\ti-cgt-armllvm_4.0.4.LTS\lib\armv6m-ti-none-eabi\c\</path>
         <kind>archive</kind>
         <file>libc.a</file>
         <name>assert.c.obj</name>
      </input_file>
      <input_file id="fl-39">
         <path>C:\ti\ccs2040\ccs\tools\compiler\ti-cgt-armllvm_4.0.4.LTS\lib\armv6m-ti-none-eabi\c\</path>
         <kind>archive</kind>
         <file>libc.a</file>
         <name>defs.c.obj</name>
      </input_file>
      <input_file id="fl-3a">
         <path>C:\ti\ccs2040\ccs\tools\compiler\ti-cgt-armllvm_4.0.4.LTS\lib\armv6m-ti-none-eabi\c\</path>
         <kind>archive</kind>
         <file>libc.a</file>
         <name>memory.c.obj</name>
      </input_file>
      <input_file id="fl-3b">
         <path>C:\ti\ccs2040\ccs\tools\compiler\ti-cgt-armllvm_4.0.4.LTS\lib\armv6m-ti-none-eabi\c\</path>
         <kind>archive</kind>
         <file>libc.a</file>
         <name>boot_cortex_m.c.obj</name>
      </input_file>
      <input_file id="fl-3c">
         <path>C:\ti\ccs2040\ccs\tools\compiler\ti-cgt-armllvm_4.0.4.LTS\lib\armv6m-ti-none-eabi\c\</path>
         <kind>archive</kind>
         <file>libc.a</file>
         <name>mathacl_init.c.obj</name>
      </input_file>
      <input_file id="fl-3d">
         <path>C:\ti\ccs2040\ccs\tools\compiler\ti-cgt-armllvm_4.0.4.LTS\lib\armv6m-ti-none-eabi\c\</path>
         <kind>archive</kind>
         <file>libc.a</file>
         <name>autoinit.c.obj</name>
      </input_file>
      <input_file id="fl-3e">
         <path>C:\ti\ccs2040\ccs\tools\compiler\ti-cgt-armllvm_4.0.4.LTS\lib\armv6m-ti-none-eabi\c\</path>
         <kind>archive</kind>
         <file>libc.a</file>
         <name>pre_init.c.obj</name>
      </input_file>
      <input_file id="fl-3f">
         <path>C:\ti\ccs2040\ccs\tools\compiler\ti-cgt-armllvm_4.0.4.LTS\lib\armv6m-ti-none-eabi\c\</path>
         <kind>archive</kind>
         <file>libc.a</file>
         <name>cpy_tbl.c.obj</name>
      </input_file>
      <input_file id="fl-40">
         <path>C:\ti\ccs2040\ccs\tools\compiler\ti-cgt-armllvm_4.0.4.LTS\lib\armv6m-ti-none-eabi\c\</path>
         <kind>archive</kind>
         <file>libc.a</file>
         <name>copy_zero_init.c.obj</name>
      </input_file>
      <input_file id="fl-41">
         <path>C:\ti\ccs2040\ccs\tools\compiler\ti-cgt-armllvm_4.0.4.LTS\lib\armv6m-ti-none-eabi\c\</path>
         <kind>archive</kind>
         <file>libc.a</file>
         <name>copy_decompress_none.c.obj</name>
      </input_file>
      <input_file id="fl-42">
         <path>C:\ti\ccs2040\ccs\tools\compiler\ti-cgt-armllvm_4.0.4.LTS\lib\armv6m-ti-none-eabi\c\</path>
         <kind>archive</kind>
         <file>libc.a</file>
         <name>copy_decompress_lzss.c.obj</name>
      </input_file>
      <input_file id="fl-43">
         <path>C:\ti\ccs2040\ccs\tools\compiler\ti-cgt-armllvm_4.0.4.LTS\lib\armv6m-ti-none-eabi\c\</path>
         <kind>archive</kind>
         <file>libc.a</file>
         <name>sprintf.c.obj</name>
      </input_file>
      <input_file id="fl-44">
         <path>C:\ti\ccs2040\ccs\tools\compiler\ti-cgt-armllvm_4.0.4.LTS\lib\armv6m-ti-none-eabi\c\</path>
         <kind>archive</kind>
         <file>libc.a</file>
         <name>fclose.c.obj</name>
      </input_file>
      <input_file id="fl-45">
         <path>C:\ti\ccs2040\ccs\tools\compiler\ti-cgt-armllvm_4.0.4.LTS\lib\armv6m-ti-none-eabi\c\</path>
         <kind>archive</kind>
         <file>libc.a</file>
         <name>fflush.c.obj</name>
      </input_file>
      <input_file id="fl-46">
         <path>C:\ti\ccs2040\ccs\tools\compiler\ti-cgt-armllvm_4.0.4.LTS\lib\armv6m-ti-none-eabi\c\</path>
         <kind>archive</kind>
         <file>libc.a</file>
         <name>fputs.c.obj</name>
      </input_file>
      <input_file id="fl-47">
         <path>C:\ti\ccs2040\ccs\tools\compiler\ti-cgt-armllvm_4.0.4.LTS\lib\armv6m-ti-none-eabi\c\</path>
         <kind>archive</kind>
         <file>libc.a</file>
         <name>_io_perm.c.obj</name>
      </input_file>
      <input_file id="fl-48">
         <path>C:\ti\ccs2040\ccs\tools\compiler\ti-cgt-armllvm_4.0.4.LTS\lib\armv6m-ti-none-eabi\c\</path>
         <kind>archive</kind>
         <file>libc.a</file>
         <name>args_main.c.obj</name>
      </input_file>
      <input_file id="fl-49">
         <path>C:\ti\ccs2040\ccs\tools\compiler\ti-cgt-armllvm_4.0.4.LTS\lib\armv6m-ti-none-eabi\c\</path>
         <kind>archive</kind>
         <file>libc.a</file>
         <name>_printfi.c.obj</name>
      </input_file>
      <input_file id="fl-4a">
         <path>C:\ti\ccs2040\ccs\tools\compiler\ti-cgt-armllvm_4.0.4.LTS\lib\armv6m-ti-none-eabi\c\</path>
         <kind>archive</kind>
         <file>libc.a</file>
         <name>fseek.c.obj</name>
      </input_file>
      <input_file id="fl-4b">
         <path>C:\ti\ccs2040\ccs\tools\compiler\ti-cgt-armllvm_4.0.4.LTS\lib\armv6m-ti-none-eabi\c\</path>
         <kind>archive</kind>
         <file>libc.a</file>
         <name>_ltoa.c.obj</name>
      </input_file>
      <input_file id="fl-4c">
         <path>C:\ti\ccs2040\ccs\tools\compiler\ti-cgt-armllvm_4.0.4.LTS\lib\armv6m-ti-none-eabi\c\</path>
         <kind>archive</kind>
         <file>libc.a</file>
         <name>atoi.c.obj</name>
      </input_file>
      <input_file id="fl-4d">
         <path>C:\ti\ccs2040\ccs\tools\compiler\ti-cgt-armllvm_4.0.4.LTS\lib\armv6m-ti-none-eabi\c\</path>
         <kind>archive</kind>
         <file>libc.a</file>
         <name>memccpy.c.obj</name>
      </input_file>
      <input_file id="fl-4e">
         <path>C:\ti\ccs2040\ccs\tools\compiler\ti-cgt-armllvm_4.0.4.LTS\lib\armv6m-ti-none-eabi\c\</path>
         <kind>archive</kind>
         <file>libc.a</file>
         <name>s_frexp.c.obj</name>
      </input_file>
      <input_file id="fl-4f">
         <path>C:\ti\ccs2040\ccs\tools\compiler\ti-cgt-armllvm_4.0.4.LTS\lib\armv6m-ti-none-eabi\c\</path>
         <kind>archive</kind>
         <file>libc.a</file>
         <name>s_scalbn.c.obj</name>
      </input_file>
      <input_file id="fl-50">
         <path>C:\ti\ccs2040\ccs\tools\compiler\ti-cgt-armllvm_4.0.4.LTS\lib\armv6m-ti-none-eabi\c\</path>
         <kind>archive</kind>
         <file>libc.a</file>
         <name>wcslen.c.obj</name>
      </input_file>
      <input_file id="fl-51">
         <path>C:\ti\ccs2040\ccs\tools\compiler\ti-cgt-armllvm_4.0.4.LTS\lib\armv6m-ti-none-eabi\c\</path>
         <kind>archive</kind>
         <file>libc.a</file>
         <name>aeabi_ctype.S.obj</name>
      </input_file>
      <input_file id="fl-f1">
         <path>C:\ti\ccs2040\ccs\tools\compiler\ti-cgt-armllvm_4.0.4.LTS\lib\armv6m-ti-none-eabi\c\</path>
         <kind>archive</kind>
         <file>libsysbm.a</file>
         <name>hostexit.c.obj</name>
      </input_file>
      <input_file id="fl-f2">
         <path>C:\ti\ccs2040\ccs\tools\compiler\ti-cgt-armllvm_4.0.4.LTS\lib\armv6m-ti-none-eabi\c\</path>
         <kind>archive</kind>
         <file>libsysbm.a</file>
         <name>write.c.obj</name>
      </input_file>
      <input_file id="fl-f3">
         <path>C:\ti\ccs2040\ccs\tools\compiler\ti-cgt-armllvm_4.0.4.LTS\lib\armv6m-ti-none-eabi\c\</path>
         <kind>archive</kind>
         <file>libsysbm.a</file>
         <name>host_device.c.obj</name>
      </input_file>
      <input_file id="fl-f4">
         <path>C:\ti\ccs2040\ccs\tools\compiler\ti-cgt-armllvm_4.0.4.LTS\lib\armv6m-ti-none-eabi\c\</path>
         <kind>archive</kind>
         <file>libsysbm.a</file>
         <name>remove.c.obj</name>
      </input_file>
      <input_file id="fl-f5">
         <path>C:\ti\ccs2040\ccs\tools\compiler\ti-cgt-armllvm_4.0.4.LTS\lib\armv6m-ti-none-eabi\c\</path>
         <kind>archive</kind>
         <file>libsysbm.a</file>
         <name>open.c.obj</name>
      </input_file>
      <input_file id="fl-f6">
         <path>C:\ti\ccs2040\ccs\tools\compiler\ti-cgt-armllvm_4.0.4.LTS\lib\armv6m-ti-none-eabi\c\</path>
         <kind>archive</kind>
         <file>libsysbm.a</file>
         <name>lseek.c.obj</name>
      </input_file>
      <input_file id="fl-f7">
         <path>C:\ti\ccs2040\ccs\tools\compiler\ti-cgt-armllvm_4.0.4.LTS\lib\armv6m-ti-none-eabi\c\</path>
         <kind>archive</kind>
         <file>libsysbm.a</file>
         <name>close.c.obj</name>
      </input_file>
      <input_file id="fl-f8">
         <path>C:\ti\ccs2040\ccs\tools\compiler\ti-cgt-armllvm_4.0.4.LTS\lib\armv6m-ti-none-eabi\c\</path>
         <kind>archive</kind>
         <file>libsysbm.a</file>
         <name>add_device.c.obj</name>
      </input_file>
      <input_file id="fl-f9">
         <path>C:\ti\ccs2040\ccs\tools\compiler\ti-cgt-armllvm_4.0.4.LTS\lib\armv6m-ti-none-eabi\c\</path>
         <kind>archive</kind>
         <file>libsysbm.a</file>
         <name>unlink.c.obj</name>
      </input_file>
      <input_file id="fl-fa">
         <path>C:\ti\ccs2040\ccs\tools\compiler\ti-cgt-armllvm_4.0.4.LTS\lib\armv6m-ti-none-eabi\c\</path>
         <kind>archive</kind>
         <file>libsysbm.a</file>
         <name>hostclose.c.obj</name>
      </input_file>
      <input_file id="fl-fb">
         <path>C:\ti\ccs2040\ccs\tools\compiler\ti-cgt-armllvm_4.0.4.LTS\lib\armv6m-ti-none-eabi\c\</path>
         <kind>archive</kind>
         <file>libsysbm.a</file>
         <name>hostlseek.c.obj</name>
      </input_file>
      <input_file id="fl-fc">
         <path>C:\ti\ccs2040\ccs\tools\compiler\ti-cgt-armllvm_4.0.4.LTS\lib\armv6m-ti-none-eabi\c\</path>
         <kind>archive</kind>
         <file>libsysbm.a</file>
         <name>hostopen.c.obj</name>
      </input_file>
      <input_file id="fl-fd">
         <path>C:\ti\ccs2040\ccs\tools\compiler\ti-cgt-armllvm_4.0.4.LTS\lib\armv6m-ti-none-eabi\c\</path>
         <kind>archive</kind>
         <file>libsysbm.a</file>
         <name>hostread.c.obj</name>
      </input_file>
      <input_file id="fl-fe">
         <path>C:\ti\ccs2040\ccs\tools\compiler\ti-cgt-armllvm_4.0.4.LTS\lib\armv6m-ti-none-eabi\c\</path>
         <kind>archive</kind>
         <file>libsysbm.a</file>
         <name>hostrename.c.obj</name>
      </input_file>
      <input_file id="fl-ff">
         <path>C:\ti\ccs2040\ccs\tools\compiler\ti-cgt-armllvm_4.0.4.LTS\lib\armv6m-ti-none-eabi\c\</path>
         <kind>archive</kind>
         <file>libsysbm.a</file>
         <name>hostunlink.c.obj</name>
      </input_file>
      <input_file id="fl-100">
         <path>C:\ti\ccs2040\ccs\tools\compiler\ti-cgt-armllvm_4.0.4.LTS\lib\armv6m-ti-none-eabi\c\</path>
         <kind>archive</kind>
         <file>libsysbm.a</file>
         <name>hostwrite.c.obj</name>
      </input_file>
      <input_file id="fl-101">
         <path>C:\ti\ccs2040\ccs\tools\compiler\ti-cgt-armllvm_4.0.4.LTS\lib\armv6m-ti-none-eabi\c\</path>
         <kind>archive</kind>
         <file>libsysbm.a</file>
         <name>trgmsg.c.obj</name>
      </input_file>
      <input_file id="fl-102">
         <path>C:\ti\ccs2040\ccs\tools\compiler\ti-cgt-armllvm_4.0.4.LTS\lib\armv6m-ti-none-eabi\</path>
         <kind>archive</kind>
         <file>libclang_rt.builtins.a</file>
         <name>adddf3.S.obj</name>
      </input_file>
      <input_file id="fl-103">
         <path>C:\ti\ccs2040\ccs\tools\compiler\ti-cgt-armllvm_4.0.4.LTS\lib\armv6m-ti-none-eabi\</path>
         <kind>archive</kind>
         <file>libclang_rt.builtins.a</file>
         <name>muldf3.S.obj</name>
      </input_file>
      <input_file id="fl-104">
         <path>C:\ti\ccs2040\ccs\tools\compiler\ti-cgt-armllvm_4.0.4.LTS\lib\armv6m-ti-none-eabi\</path>
         <kind>archive</kind>
         <file>libclang_rt.builtins.a</file>
         <name>muldsi3.S.obj</name>
      </input_file>
      <input_file id="fl-105">
         <path>C:\ti\ccs2040\ccs\tools\compiler\ti-cgt-armllvm_4.0.4.LTS\lib\armv6m-ti-none-eabi\</path>
         <kind>archive</kind>
         <file>libclang_rt.builtins.a</file>
         <name>divdf3.S.obj</name>
      </input_file>
      <input_file id="fl-106">
         <path>C:\ti\ccs2040\ccs\tools\compiler\ti-cgt-armllvm_4.0.4.LTS\lib\armv6m-ti-none-eabi\</path>
         <kind>archive</kind>
         <file>libclang_rt.builtins.a</file>
         <name>fixdfsi.S.obj</name>
      </input_file>
      <input_file id="fl-107">
         <path>C:\ti\ccs2040\ccs\tools\compiler\ti-cgt-armllvm_4.0.4.LTS\lib\armv6m-ti-none-eabi\</path>
         <kind>archive</kind>
         <file>libclang_rt.builtins.a</file>
         <name>floatsidf.S.obj</name>
      </input_file>
      <input_file id="fl-108">
         <path>C:\ti\ccs2040\ccs\tools\compiler\ti-cgt-armllvm_4.0.4.LTS\lib\armv6m-ti-none-eabi\</path>
         <kind>archive</kind>
         <file>libclang_rt.builtins.a</file>
         <name>floatunsidf.S.obj</name>
      </input_file>
      <input_file id="fl-109">
         <path>C:\ti\ccs2040\ccs\tools\compiler\ti-cgt-armllvm_4.0.4.LTS\lib\armv6m-ti-none-eabi\</path>
         <kind>archive</kind>
         <file>libclang_rt.builtins.a</file>
         <name>muldi3.S.obj</name>
      </input_file>
      <input_file id="fl-10a">
         <path>C:\ti\ccs2040\ccs\tools\compiler\ti-cgt-armllvm_4.0.4.LTS\lib\armv6m-ti-none-eabi\</path>
         <kind>archive</kind>
         <file>libclang_rt.builtins.a</file>
         <name>truncdfsf2.S.obj</name>
      </input_file>
      <input_file id="fl-10b">
         <path>C:\ti\ccs2040\ccs\tools\compiler\ti-cgt-armllvm_4.0.4.LTS\lib\armv6m-ti-none-eabi\</path>
         <kind>archive</kind>
         <file>libclang_rt.builtins.a</file>
         <name>aeabi_dcmp.S.obj</name>
      </input_file>
      <input_file id="fl-10c">
         <path>C:\ti\ccs2040\ccs\tools\compiler\ti-cgt-armllvm_4.0.4.LTS\lib\armv6m-ti-none-eabi\</path>
         <kind>archive</kind>
         <file>libclang_rt.builtins.a</file>
         <name>aeabi_idivmod.S.obj</name>
      </input_file>
      <input_file id="fl-10d">
         <path>C:\ti\ccs2040\ccs\tools\compiler\ti-cgt-armllvm_4.0.4.LTS\lib\armv6m-ti-none-eabi\</path>
         <kind>archive</kind>
         <file>libclang_rt.builtins.a</file>
         <name>aeabi_ldivmod.S.obj</name>
      </input_file>
      <input_file id="fl-10e">
         <path>C:\ti\ccs2040\ccs\tools\compiler\ti-cgt-armllvm_4.0.4.LTS\lib\armv6m-ti-none-eabi\</path>
         <kind>archive</kind>
         <file>libclang_rt.builtins.a</file>
         <name>aeabi_memcpy.S.obj</name>
      </input_file>
      <input_file id="fl-10f">
         <path>C:\ti\ccs2040\ccs\tools\compiler\ti-cgt-armllvm_4.0.4.LTS\lib\armv6m-ti-none-eabi\</path>
         <kind>archive</kind>
         <file>libclang_rt.builtins.a</file>
         <name>aeabi_memset.S.obj</name>
      </input_file>
      <input_file id="fl-110">
         <path>C:\ti\ccs2040\ccs\tools\compiler\ti-cgt-armllvm_4.0.4.LTS\lib\armv6m-ti-none-eabi\</path>
         <kind>archive</kind>
         <file>libclang_rt.builtins.a</file>
         <name>aeabi_uidivmod.S.obj</name>
      </input_file>
      <input_file id="fl-111">
         <path>C:\ti\ccs2040\ccs\tools\compiler\ti-cgt-armllvm_4.0.4.LTS\lib\armv6m-ti-none-eabi\</path>
         <kind>archive</kind>
         <file>libclang_rt.builtins.a</file>
         <name>aeabi_uldivmod.S.obj</name>
      </input_file>
      <input_file id="fl-112">
         <path>C:\ti\ccs2040\ccs\tools\compiler\ti-cgt-armllvm_4.0.4.LTS\lib\armv6m-ti-none-eabi\</path>
         <kind>archive</kind>
         <file>libclang_rt.builtins.a</file>
         <name>udivmoddi4.S.obj</name>
      </input_file>
      <input_file id="fl-113">
         <path>C:\ti\ccs2040\ccs\tools\compiler\ti-cgt-armllvm_4.0.4.LTS\lib\armv6m-ti-none-eabi\</path>
         <kind>archive</kind>
         <file>libclang_rt.builtins.a</file>
         <name>ashldi3.S.obj</name>
      </input_file>
      <input_file id="fl-114">
         <path>C:\ti\ccs2040\ccs\tools\compiler\ti-cgt-armllvm_4.0.4.LTS\lib\armv6m-ti-none-eabi\</path>
         <kind>archive</kind>
         <file>libclang_rt.builtins.a</file>
         <name>comparedf2.c.obj</name>
      </input_file>
      <input_file id="fl-115">
         <path>C:\ti\ccs2040\ccs\tools\compiler\ti-cgt-armllvm_4.0.4.LTS\lib\armv6m-ti-none-eabi\</path>
         <kind>archive</kind>
         <file>libclang_rt.builtins.a</file>
         <name>divmoddi4.c.obj</name>
      </input_file>
      <input_file id="fl-116">
         <path>C:\ti\ccs2040\ccs\tools\compiler\ti-cgt-armllvm_4.0.4.LTS\lib\armv6m-ti-none-eabi\</path>
         <kind>archive</kind>
         <file>libclang_rt.builtins.a</file>
         <name>aeabi_div0.c.obj</name>
      </input_file>
      <input_file id="fl-117">
         <path>C:\ti\ccs2040\ccs\tools\compiler\ti-cgt-armllvm_4.0.4.LTS\lib\armv6m-ti-none-eabi\c\</path>
         <kind>archive</kind>
         <file>libc.a</file>
         <name>getdevice.c.obj</name>
      </input_file>
      <input_file id="fl-118">
         <path>C:\ti\ccs2040\ccs\tools\compiler\ti-cgt-armllvm_4.0.4.LTS\lib\armv6m-ti-none-eabi\c\</path>
         <kind>archive</kind>
         <file>libc.a</file>
         <name>memcpy16.S.obj</name>
      </input_file>
      <input_file id="fl-119">
         <path>C:\ti\ccs2040\ccs\tools\compiler\ti-cgt-armllvm_4.0.4.LTS\lib\armv6m-ti-none-eabi\c\</path>
         <kind>archive</kind>
         <file>libc.a</file>
         <name>memset16.S.obj</name>
      </input_file>
      <input_file id="fl-11a">
         <path>C:\ti\ccs2040\ccs\tools\compiler\ti-cgt-armllvm_4.0.4.LTS\lib\armv6m-ti-none-eabi\c\</path>
         <kind>archive</kind>
         <file>libc.a</file>
         <name>strcmp-armv6m.S.obj</name>
      </input_file>
   </input_file_list>
   <object_component_list>
      <object_component id="oc-18">
         <name>.intvecs</name>
         <load_address>0x0</load_address>
         <readonly>true</readonly>
         <run_address>0x0</run_address>
         <size>0xc0</size>
         <alignment>0x4</alignment>
         <input_file_ref idref="fl-10"/>
      </object_component>
      <object_component id="oc-9b">
         <name>.text.main</name>
         <load_address>0x15100</load_address>
         <readonly>true</readonly>
         <executable>true</executable>
         <run_address>0x15100</run_address>
         <size>0x304</size>
         <alignment>0x4</alignment>
         <input_file_ref idref="fl-5"/>
      </object_component>
      <object_component id="oc-e0">
         <name>.text._Z17ST7735_DrawBitmapssPKtss</name>
         <load_address>0x15404</load_address>
         <readonly>true</readonly>
         <executable>true</executable>
         <run_address>0x15404</run_address>
         <size>0x210</size>
         <alignment>0x4</alignment>
         <input_file_ref idref="fl-8"/>
      </object_component>
      <object_component id="oc-11b">
         <name>.text._ZN3Car8calc_rpmEj</name>
         <load_address>0x15614</load_address>
         <readonly>true</readonly>
         <executable>true</executable>
         <run_address>0x15614</run_address>
         <size>0x1cc</size>
         <alignment>0x4</alignment>
         <input_file_ref idref="fl-1"/>
      </object_component>
      <object_component id="oc-124">
         <name>.text._Z15Clock_Init80MHzi</name>
         <load_address>0x157e0</load_address>
         <readonly>true</readonly>
         <executable>true</executable>
         <run_address>0x157e0</run_address>
         <size>0x1b4</size>
         <alignment>0x4</alignment>
         <input_file_ref idref="fl-2"/>
      </object_component>
      <object_component id="oc-20e">
         <name>.text._Z16ST7735_DrawCharSsscssh</name>
         <load_address>0x15994</load_address>
         <readonly>true</readonly>
         <executable>true</executable>
         <run_address>0x15994</run_address>
         <size>0x1a0</size>
         <alignment>0x4</alignment>
         <input_file_ref idref="fl-8"/>
      </object_component>
      <object_component id="oc-19f">
         <name>.text._openfile</name>
         <load_address>0x15b34</load_address>
         <readonly>true</readonly>
         <executable>true</executable>
         <run_address>0x15b34</run_address>
         <size>0x154</size>
         <alignment>0x4</alignment>
         <input_file_ref idref="fl-33"/>
      </object_component>
      <object_component id="oc-b4">
         <name>.text._ZN3Car15Update_VelocityEj</name>
         <load_address>0x15c88</load_address>
         <readonly>true</readonly>
         <executable>true</executable>
         <run_address>0x15c88</run_address>
         <size>0x148</size>
         <alignment>0x4</alignment>
         <input_file_ref idref="fl-1"/>
      </object_component>
      <object_component id="oc-14e">
         <name>.text._Z8ADC_InitP10ADC12_Regsjj</name>
         <load_address>0x15dd0</load_address>
         <readonly>true</readonly>
         <executable>true</executable>
         <run_address>0x15dd0</run_address>
         <size>0x128</size>
         <alignment>0x4</alignment>
         <input_file_ref idref="fl-d"/>
      </object_component>
      <object_component id="oc-147">
         <name>.text._Z15ST7735_FillRectsssst</name>
         <load_address>0x15ef8</load_address>
         <readonly>true</readonly>
         <executable>true</executable>
         <run_address>0x15ef8</run_address>
         <size>0x118</size>
         <alignment>0x4</alignment>
         <input_file_ref idref="fl-8"/>
      </object_component>
      <object_component id="oc-20c">
         <name>.text.aligned_alloc</name>
         <load_address>0x16010</load_address>
         <readonly>true</readonly>
         <executable>true</executable>
         <run_address>0x16010</run_address>
         <size>0x114</size>
         <alignment>0x4</alignment>
         <input_file_ref idref="fl-3a"/>
      </object_component>
      <object_component id="oc-42">
         <name>.text.TIMG12_IRQHandler</name>
         <load_address>0x16124</load_address>
         <readonly>true</readonly>
         <executable>true</executable>
         <run_address>0x16124</run_address>
         <size>0x104</size>
         <alignment>0x4</alignment>
         <input_file_ref idref="fl-5"/>
      </object_component>
      <object_component id="oc-1c9">
         <name>.text._Z8SPI_Initv</name>
         <load_address>0x16228</load_address>
         <readonly>true</readonly>
         <executable>true</executable>
         <run_address>0x16228</run_address>
         <size>0xf8</size>
         <alignment>0x4</alignment>
         <input_file_ref idref="fl-7"/>
      </object_component>
      <object_component id="oc-cd">
         <name>.text._ZN8SlidePot4InitEv</name>
         <load_address>0x16320</load_address>
         <readonly>true</readonly>
         <executable>true</executable>
         <run_address>0x16320</run_address>
         <size>0xf4</size>
         <alignment>0x4</alignment>
         <input_file_ref idref="fl-9"/>
      </object_component>
      <object_component id="oc-129">
         <name>.text.add_device</name>
         <load_address>0x16414</load_address>
         <readonly>true</readonly>
         <executable>true</executable>
         <run_address>0x16414</run_address>
         <size>0xec</size>
         <alignment>0x4</alignment>
         <input_file_ref idref="fl-f8"/>
      </object_component>
      <object_component id="oc-150">
         <name>.text._Z9UART_Initv</name>
         <load_address>0x16500</load_address>
         <readonly>true</readonly>
         <executable>true</executable>
         <run_address>0x16500</run_address>
         <size>0xe8</size>
         <alignment>0x4</alignment>
         <input_file_ref idref="fl-d"/>
      </object_component>
      <object_component id="oc-1a8">
         <name>.text.free</name>
         <load_address>0x165e8</load_address>
         <readonly>true</readonly>
         <executable>true</executable>
         <run_address>0x165e8</run_address>
         <size>0xe8</size>
         <alignment>0x4</alignment>
         <input_file_ref idref="fl-3a"/>
      </object_component>
      <object_component id="oc-e7">
         <name>.text._ZN3Car8Draw_CarEssPKtS1_</name>
         <load_address>0x166d0</load_address>
         <readonly>true</readonly>
         <executable>true</executable>
         <run_address>0x166d0</run_address>
         <size>0xe0</size>
         <alignment>0x2</alignment>
         <input_file_ref idref="fl-1"/>
      </object_component>
      <object_component id="oc-134">
         <name>.text.setvbuf</name>
         <load_address>0x167b0</load_address>
         <readonly>true</readonly>
         <executable>true</executable>
         <run_address>0x167b0</run_address>
         <size>0xe0</size>
         <alignment>0x4</alignment>
         <input_file_ref idref="fl-34"/>
      </object_component>
      <object_component id="oc-1af">
         <name>.text._Z14ST7735_OutCharc</name>
         <load_address>0x16890</load_address>
         <readonly>true</readonly>
         <executable>true</executable>
         <run_address>0x16890</run_address>
         <size>0xd0</size>
         <alignment>0x4</alignment>
         <input_file_ref idref="fl-8"/>
      </object_component>
      <object_component id="oc-b3">
         <name>.text._ZN3Car9Set_AngleEj</name>
         <load_address>0x16960</load_address>
         <readonly>true</readonly>
         <executable>true</executable>
         <run_address>0x16960</run_address>
         <size>0xd0</size>
         <alignment>0x4</alignment>
         <input_file_ref idref="fl-1"/>
      </object_component>
      <object_component id="oc-7f">
         <name>.text._ZN3Car15Update_PositionEjj</name>
         <load_address>0x16a30</load_address>
         <readonly>true</readonly>
         <executable>true</executable>
         <run_address>0x16a30</run_address>
         <size>0xb4</size>
         <alignment>0x4</alignment>
         <input_file_ref idref="fl-1"/>
      </object_component>
      <object_component id="oc-e3">
         <name>.text._Z9Erase_CarssPKt</name>
         <load_address>0x16ae4</load_address>
         <readonly>true</readonly>
         <executable>true</executable>
         <run_address>0x16ae4</run_address>
         <size>0xae</size>
         <alignment>0x2</alignment>
         <input_file_ref idref="fl-5"/>
      </object_component>
      <object_component id="oc-38">
         <name>.text.SysTick_Handler</name>
         <load_address>0x16b92</load_address>
         <readonly>true</readonly>
         <executable>true</executable>
         <run_address>0x16b92</run_address>
         <size>0x2</size>
         <alignment>0x2</alignment>
         <input_file_ref idref="fl-b"/>
      </object_component>
      <object_component id="oc-152">
         <name>.text._Z14TimerG7_IntArmtjj</name>
         <load_address>0x16b94</load_address>
         <readonly>true</readonly>
         <executable>true</executable>
         <run_address>0x16b94</run_address>
         <size>0xa8</size>
         <alignment>0x4</alignment>
         <input_file_ref idref="fl-e"/>
      </object_component>
      <object_component id="oc-187">
         <name>.text._ZL11commandListPKh</name>
         <load_address>0x16c3c</load_address>
         <readonly>true</readonly>
         <executable>true</executable>
         <run_address>0x16c3c</run_address>
         <size>0xa2</size>
         <alignment>0x2</alignment>
         <input_file_ref idref="fl-8"/>
      </object_component>
      <object_component id="oc-d8">
         <name>.text._Z10Sound_Initv</name>
         <load_address>0x16cde</load_address>
         <readonly>true</readonly>
         <executable>true</executable>
         <run_address>0x16cde</run_address>
         <size>0x2</size>
         <alignment>0x2</alignment>
         <input_file_ref idref="fl-b"/>
      </object_component>
      <object_component id="oc-1c2">
         <name>.text</name>
         <load_address>0x16ce0</load_address>
         <readonly>true</readonly>
         <executable>true</executable>
         <run_address>0x16ce0</run_address>
         <size>0xa2</size>
         <alignment>0x4</alignment>
         <input_file_ref idref="fl-112"/>
      </object_component>
      <object_component id="oc-109">
         <name>.text.__aeabi_idiv0</name>
         <load_address>0x16d82</load_address>
         <readonly>true</readonly>
         <executable>true</executable>
         <run_address>0x16d82</run_address>
         <size>0x2</size>
         <alignment>0x2</alignment>
         <input_file_ref idref="fl-116"/>
      </object_component>
      <object_component id="oc-c7">
         <name>.text._Z17ST7735_InitPrintf10initRFlags</name>
         <load_address>0x16d84</load_address>
         <readonly>true</readonly>
         <executable>true</executable>
         <run_address>0x16d84</run_address>
         <size>0xa0</size>
         <alignment>0x4</alignment>
         <input_file_ref idref="fl-8"/>
      </object_component>
      <object_component id="oc-1f4">
         <name>.text.open</name>
         <load_address>0x16e24</load_address>
         <readonly>true</readonly>
         <executable>true</executable>
         <run_address>0x16e24</run_address>
         <size>0xa0</size>
         <alignment>0x4</alignment>
         <input_file_ref idref="fl-f5"/>
      </object_component>
      <object_component id="oc-75">
         <name>.text._ZN8SlidePot2InEv</name>
         <load_address>0x16ec4</load_address>
         <readonly>true</readonly>
         <executable>true</executable>
         <run_address>0x16ec4</run_address>
         <size>0x9c</size>
         <alignment>0x4</alignment>
         <input_file_ref idref="fl-9"/>
      </object_component>
      <object_component id="oc-128">
         <name>.text._Z12ST7735_InitR10initRFlags</name>
         <load_address>0x16f60</load_address>
         <readonly>true</readonly>
         <executable>true</executable>
         <run_address>0x16f60</run_address>
         <size>0x98</size>
         <alignment>0x4</alignment>
         <input_file_ref idref="fl-8"/>
      </object_component>
      <object_component id="oc-da">
         <name>.text._Z15TimerG12_IntArmjj</name>
         <load_address>0x16ff8</load_address>
         <readonly>true</readonly>
         <executable>true</executable>
         <run_address>0x16ff8</run_address>
         <size>0x94</size>
         <alignment>0x4</alignment>
         <input_file_ref idref="fl-e"/>
      </object_component>
      <object_component id="oc-157">
         <name>.text._ZL13setAddrWindowhhhh</name>
         <load_address>0x1708c</load_address>
         <readonly>true</readonly>
         <executable>true</executable>
         <run_address>0x1708c</run_address>
         <size>0x88</size>
         <alignment>0x4</alignment>
         <input_file_ref idref="fl-8"/>
      </object_component>
      <object_component id="oc-151">
         <name>.text._Z10Clock_Freqv</name>
         <load_address>0x17114</load_address>
         <readonly>true</readonly>
         <executable>true</executable>
         <run_address>0x17114</run_address>
         <size>0xc</size>
         <alignment>0x4</alignment>
         <input_file_ref idref="fl-2"/>
      </object_component>
      <object_component id="oc-1cc">
         <name>.text:strcmp</name>
         <load_address>0x17120</load_address>
         <readonly>true</readonly>
         <executable>true</executable>
         <run_address>0x17120</run_address>
         <size>0x88</size>
         <alignment>0x10</alignment>
         <input_file_ref idref="fl-11a"/>
      </object_component>
      <object_component id="oc-20d">
         <name>.text._Z17ST7735_DrawStringttPcs</name>
         <load_address>0x171a8</load_address>
         <readonly>true</readonly>
         <executable>true</executable>
         <run_address>0x171a8</run_address>
         <size>0x84</size>
         <alignment>0x2</alignment>
         <input_file_ref idref="fl-8"/>
      </object_component>
      <object_component id="oc-c2">
         <name>.text._Z14LaunchPad_Initv</name>
         <load_address>0x1722c</load_address>
         <readonly>true</readonly>
         <executable>true</executable>
         <run_address>0x1722c</run_address>
         <size>0x7c</size>
         <alignment>0x4</alignment>
         <input_file_ref idref="fl-6"/>
      </object_component>
      <object_component id="oc-1a2">
         <name>.text.__TI_closefile</name>
         <load_address>0x172a8</load_address>
         <readonly>true</readonly>
         <executable>true</executable>
         <run_address>0x172a8</run_address>
         <size>0x7c</size>
         <alignment>0x4</alignment>
         <input_file_ref idref="fl-44"/>
      </object_component>
      <object_component id="oc-1c">
         <name>.text:decompress:lzss</name>
         <load_address>0x17324</load_address>
         <readonly>true</readonly>
         <executable>true</executable>
         <run_address>0x17324</run_address>
         <size>0x7c</size>
         <alignment>0x4</alignment>
         <input_file_ref idref="fl-42"/>
      </object_component>
      <object_component id="oc-24f">
         <name>.text._Z16ST7735_DrawPixelsst</name>
         <load_address>0x173a0</load_address>
         <readonly>true</readonly>
         <executable>true</executable>
         <run_address>0x173a0</run_address>
         <size>0x70</size>
         <alignment>0x4</alignment>
         <input_file_ref idref="fl-8"/>
      </object_component>
      <object_component id="oc-1e2">
         <name>.text.HOSTlseek</name>
         <load_address>0x17410</load_address>
         <readonly>true</readonly>
         <executable>true</executable>
         <run_address>0x17410</run_address>
         <size>0x6c</size>
         <alignment>0x4</alignment>
         <input_file_ref idref="fl-fb"/>
      </object_component>
      <object_component id="oc-1ea">
         <name>.text.HOSTrename</name>
         <load_address>0x1747c</load_address>
         <readonly>true</readonly>
         <executable>true</executable>
         <run_address>0x1747c</run_address>
         <size>0x6c</size>
         <alignment>0x4</alignment>
         <input_file_ref idref="fl-fe"/>
      </object_component>
      <object_component id="oc-236">
         <name>.text.getdevice</name>
         <load_address>0x174e8</load_address>
         <readonly>true</readonly>
         <executable>true</executable>
         <run_address>0x174e8</run_address>
         <size>0x6c</size>
         <alignment>0x4</alignment>
         <input_file_ref idref="fl-117"/>
      </object_component>
      <object_component id="oc-24d">
         <name>.text.split</name>
         <load_address>0x17554</load_address>
         <readonly>true</readonly>
         <executable>true</executable>
         <run_address>0x17554</run_address>
         <size>0x64</size>
         <alignment>0x4</alignment>
         <input_file_ref idref="fl-3a"/>
      </object_component>
      <object_component id="oc-1d2">
         <name>.text.HOSTopen</name>
         <load_address>0x175b8</load_address>
         <readonly>true</readonly>
         <executable>true</executable>
         <run_address>0x175b8</run_address>
         <size>0x60</size>
         <alignment>0x4</alignment>
         <input_file_ref idref="fl-fc"/>
      </object_component>
      <object_component id="oc-1da">
         <name>.text.HOSTread</name>
         <load_address>0x17618</load_address>
         <readonly>true</readonly>
         <executable>true</executable>
         <run_address>0x17618</run_address>
         <size>0x58</size>
         <alignment>0x4</alignment>
         <input_file_ref idref="fl-fd"/>
      </object_component>
      <object_component id="oc-1de">
         <name>.text.HOSTwrite</name>
         <load_address>0x17670</load_address>
         <readonly>true</readonly>
         <executable>true</executable>
         <run_address>0x17670</run_address>
         <size>0x58</size>
         <alignment>0x4</alignment>
         <input_file_ref idref="fl-100"/>
      </object_component>
      <object_component id="oc-d9">
         <name>.text._Z10TExaS_InitP10ADC12_RegsjPFhvE</name>
         <load_address>0x176c8</load_address>
         <readonly>true</readonly>
         <executable>true</executable>
         <run_address>0x176c8</run_address>
         <size>0x58</size>
         <alignment>0x4</alignment>
         <input_file_ref idref="fl-d"/>
      </object_component>
      <object_component id="oc-117">
         <name>.text.__aeabi_idivmod</name>
         <load_address>0x17720</load_address>
         <readonly>true</readonly>
         <executable>true</executable>
         <run_address>0x17720</run_address>
         <size>0x56</size>
         <alignment>0x4</alignment>
         <input_file_ref idref="fl-10c"/>
      </object_component>
      <object_component id="oc-210">
         <name>.text.__aeabi_ldiv0</name>
         <load_address>0x17776</load_address>
         <readonly>true</readonly>
         <executable>true</executable>
         <run_address>0x17776</run_address>
         <size>0x2</size>
         <alignment>0x2</alignment>
         <input_file_ref idref="fl-116"/>
      </object_component>
      <object_component id="oc-17e">
         <name>.text._ZN3Car5shiftEv</name>
         <load_address>0x17778</load_address>
         <readonly>true</readonly>
         <executable>true</executable>
         <run_address>0x17778</run_address>
         <size>0x54</size>
         <alignment>0x4</alignment>
         <input_file_ref idref="fl-1"/>
      </object_component>
      <object_component id="oc-fa">
         <name>.text:__TI_auto_init_nobinit</name>
         <load_address>0x177cc</load_address>
         <readonly>true</readonly>
         <executable>true</executable>
         <run_address>0x177cc</run_address>
         <size>0x54</size>
         <alignment>0x4</alignment>
         <input_file_ref idref="fl-3d"/>
      </object_component>
      <object_component id="oc-1f8">
         <name>.text.__TI_doflush</name>
         <load_address>0x17820</load_address>
         <readonly>true</readonly>
         <executable>true</executable>
         <run_address>0x17820</run_address>
         <size>0x52</size>
         <alignment>0x2</alignment>
         <input_file_ref idref="fl-45"/>
      </object_component>
      <object_component id="oc-1b8">
         <name>.text._nop</name>
         <load_address>0x17872</load_address>
         <readonly>true</readonly>
         <executable>true</executable>
         <run_address>0x17872</run_address>
         <size>0x2</size>
         <alignment>0x2</alignment>
         <input_file_ref idref="fl-37"/>
      </object_component>
      <object_component id="oc-1fe">
         <name>.text.close</name>
         <load_address>0x17874</load_address>
         <readonly>true</readonly>
         <executable>true</executable>
         <run_address>0x17874</run_address>
         <size>0x50</size>
         <alignment>0x4</alignment>
         <input_file_ref idref="fl-f7"/>
      </object_component>
      <object_component id="oc-1d6">
         <name>.text.HOSTclose</name>
         <load_address>0x178c4</load_address>
         <readonly>true</readonly>
         <executable>true</executable>
         <run_address>0x178c4</run_address>
         <size>0x48</size>
         <alignment>0x4</alignment>
         <input_file_ref idref="fl-fa"/>
      </object_component>
      <object_component id="oc-1e6">
         <name>.text.HOSTunlink</name>
         <load_address>0x1790c</load_address>
         <readonly>true</readonly>
         <executable>true</executable>
         <run_address>0x1790c</run_address>
         <size>0x48</size>
         <alignment>0x4</alignment>
         <input_file_ref idref="fl-ff"/>
      </object_component>
      <object_component id="oc-188">
         <name>.text._Z14SPI_OutCommandc</name>
         <load_address>0x17954</load_address>
         <readonly>true</readonly>
         <executable>true</executable>
         <run_address>0x17954</run_address>
         <size>0x48</size>
         <alignment>0x4</alignment>
         <input_file_ref idref="fl-7"/>
      </object_component>
      <object_component id="oc-3d">
         <name>.text.TIMG7_IRQHandler</name>
         <load_address>0x1799c</load_address>
         <readonly>true</readonly>
         <executable>true</executable>
         <run_address>0x1799c</run_address>
         <size>0x40</size>
         <alignment>0x4</alignment>
         <input_file_ref idref="fl-d"/>
      </object_component>
      <object_component id="oc-216">
         <name>.text._Z9SPI_Resetv</name>
         <load_address>0x179dc</load_address>
         <readonly>true</readonly>
         <executable>true</executable>
         <run_address>0x179dc</run_address>
         <size>0x40</size>
         <alignment>0x4</alignment>
         <input_file_ref idref="fl-7"/>
      </object_component>
      <object_component id="oc-ab">
         <name>.text.__aeabi_uidivmod</name>
         <load_address>0x17a1c</load_address>
         <readonly>true</readonly>
         <executable>true</executable>
         <run_address>0x17a1c</run_address>
         <size>0x40</size>
         <alignment>0x4</alignment>
         <input_file_ref idref="fl-110"/>
      </object_component>
      <object_component id="oc-19e">
         <name>.text._search_fp</name>
         <load_address>0x17a5c</load_address>
         <readonly>true</readonly>
         <executable>true</executable>
         <run_address>0x17a5c</run_address>
         <size>0x40</size>
         <alignment>0x4</alignment>
         <input_file_ref idref="fl-33"/>
      </object_component>
      <object_component id="oc-178">
         <name>.text.__divmoddi4</name>
         <load_address>0x17a9c</load_address>
         <readonly>true</readonly>
         <executable>true</executable>
         <run_address>0x17a9c</run_address>
         <size>0x3e</size>
         <alignment>0x2</alignment>
         <input_file_ref idref="fl-115"/>
      </object_component>
      <object_component id="oc-108">
         <name>.text._ZN3CarC2Ev</name>
         <load_address>0x17adc</load_address>
         <readonly>true</readonly>
         <executable>true</executable>
         <run_address>0x17adc</run_address>
         <size>0x3c</size>
         <alignment>0x4</alignment>
         <input_file_ref idref="fl-1"/>
      </object_component>
      <object_component id="oc-173">
         <name>.text.__muldsi3</name>
         <load_address>0x17b18</load_address>
         <readonly>true</readonly>
         <executable>true</executable>
         <run_address>0x17b18</run_address>
         <size>0x3a</size>
         <alignment>0x4</alignment>
         <input_file_ref idref="fl-104"/>
      </object_component>
      <object_component id="oc-158">
         <name>.text._Z11SPI_OutDatac</name>
         <load_address>0x17b54</load_address>
         <readonly>true</readonly>
         <executable>true</executable>
         <run_address>0x17b54</run_address>
         <size>0x38</size>
         <alignment>0x4</alignment>
         <input_file_ref idref="fl-7"/>
      </object_component>
      <object_component id="oc-125">
         <name>.text._Z15ActivatePortA_Bv</name>
         <load_address>0x17b8c</load_address>
         <readonly>true</readonly>
         <executable>true</executable>
         <run_address>0x17b8c</run_address>
         <size>0x38</size>
         <alignment>0x4</alignment>
         <input_file_ref idref="fl-6"/>
      </object_component>
      <object_component id="oc-13b">
         <name>.text._Z12ST7735_writeiPKcj</name>
         <load_address>0x17bc4</load_address>
         <readonly>true</readonly>
         <executable>true</executable>
         <run_address>0x17bc4</run_address>
         <size>0x34</size>
         <alignment>0x2</alignment>
         <input_file_ref idref="fl-8"/>
      </object_component>
      <object_component id="oc-7a">
         <name>.text._Z14Clock_Delay1msj</name>
         <load_address>0x17bf8</load_address>
         <readonly>true</readonly>
         <executable>true</executable>
         <run_address>0x17bf8</run_address>
         <size>0x34</size>
         <alignment>0x4</alignment>
         <input_file_ref idref="fl-2"/>
      </object_component>
      <object_component id="oc-189">
         <name>.text._Z16ST7735_SetCursorjj</name>
         <load_address>0x17c2c</load_address>
         <readonly>true</readonly>
         <executable>true</executable>
         <run_address>0x17c2c</run_address>
         <size>0x34</size>
         <alignment>0x4</alignment>
         <input_file_ref idref="fl-8"/>
      </object_component>
      <object_component id="oc-d3">
         <name>.text._Z8LED_Initv</name>
         <load_address>0x17c60</load_address>
         <readonly>true</readonly>
         <executable>true</executable>
         <run_address>0x17c60</run_address>
         <size>0x34</size>
         <alignment>0x4</alignment>
         <input_file_ref idref="fl-4"/>
      </object_component>
      <object_component id="oc-1ab">
         <name>.text.__TI_cleanup</name>
         <load_address>0x17c94</load_address>
         <readonly>true</readonly>
         <executable>true</executable>
         <run_address>0x17c94</run_address>
         <size>0x34</size>
         <alignment>0x4</alignment>
         <input_file_ref idref="fl-33"/>
      </object_component>
      <object_component id="oc-21e">
         <name>.text.__TI_readmsg</name>
         <load_address>0x17cc8</load_address>
         <readonly>true</readonly>
         <executable>true</executable>
         <run_address>0x17cc8</run_address>
         <size>0x34</size>
         <alignment>0x4</alignment>
         <input_file_ref idref="fl-101"/>
      </object_component>
      <object_component id="oc-218">
         <name>.text.__TI_writemsg</name>
         <load_address>0x17cfc</load_address>
         <readonly>true</readonly>
         <executable>true</executable>
         <run_address>0x17cfc</run_address>
         <size>0x34</size>
         <alignment>0x4</alignment>
         <input_file_ref idref="fl-101"/>
      </object_component>
      <object_component id="oc-f2">
         <name>.text.exit</name>
         <load_address>0x17d30</load_address>
         <readonly>true</readonly>
         <executable>true</executable>
         <run_address>0x17d30</run_address>
         <size>0x34</size>
         <alignment>0x4</alignment>
         <input_file_ref idref="fl-36"/>
      </object_component>
      <object_component id="oc-192">
         <name>.text.finddevice</name>
         <load_address>0x17d64</load_address>
         <readonly>true</readonly>
         <executable>true</executable>
         <run_address>0x17d64</run_address>
         <size>0x34</size>
         <alignment>0x4</alignment>
         <input_file_ref idref="fl-117"/>
      </object_component>
      <object_component id="oc-133">
         <name>.text.freopen</name>
         <load_address>0x17d98</load_address>
         <readonly>true</readonly>
         <executable>true</executable>
         <run_address>0x17d98</run_address>
         <size>0x34</size>
         <alignment>0x4</alignment>
         <input_file_ref idref="fl-33"/>
      </object_component>
      <object_component id="oc-186">
         <name>.text._ZL10commonInitPKh</name>
         <load_address>0x17dcc</load_address>
         <readonly>true</readonly>
         <executable>true</executable>
         <run_address>0x17dcc</run_address>
         <size>0x30</size>
         <alignment>0x4</alignment>
         <input_file_ref idref="fl-8"/>
      </object_component>
      <object_component id="oc-df">
         <name>.text._ZN3Car9Set_ModelE4Make</name>
         <load_address>0x17dfc</load_address>
         <readonly>true</readonly>
         <executable>true</executable>
         <run_address>0x17dfc</run_address>
         <size>0x30</size>
         <alignment>0x4</alignment>
         <input_file_ref idref="fl-1"/>
      </object_component>
      <object_component id="oc-12d">
         <name>.text.fopen</name>
         <load_address>0x17e2c</load_address>
         <readonly>true</readonly>
         <executable>true</executable>
         <run_address>0x17e2c</run_address>
         <size>0x30</size>
         <alignment>0x4</alignment>
         <input_file_ref idref="fl-33"/>
      </object_component>
      <object_component id="oc-cc">
         <name>.text._Z17ST7735_FillScreent</name>
         <load_address>0x17e5c</load_address>
         <readonly>true</readonly>
         <executable>true</executable>
         <run_address>0x17e5c</run_address>
         <size>0x2c</size>
         <alignment>0x4</alignment>
         <input_file_ref idref="fl-8"/>
      </object_component>
      <object_component id="oc-245">
         <name>.text.unlink</name>
         <load_address>0x17e88</load_address>
         <readonly>true</readonly>
         <executable>true</executable>
         <run_address>0x17e88</run_address>
         <size>0x2c</size>
         <alignment>0x4</alignment>
         <input_file_ref idref="fl-f9"/>
      </object_component>
      <object_component id="oc-107">
         <name>.text._ZN8SlidePotC2Ejjb</name>
         <load_address>0x17eb4</load_address>
         <readonly>true</readonly>
         <executable>true</executable>
         <run_address>0x17eb4</run_address>
         <size>0x2a</size>
         <alignment>0x2</alignment>
         <input_file_ref idref="fl-9"/>
      </object_component>
      <object_component id="oc-ce">
         <name>.text._Z11Switch_Initv</name>
         <load_address>0x17ee0</load_address>
         <readonly>true</readonly>
         <executable>true</executable>
         <run_address>0x17ee0</run_address>
         <size>0x28</size>
         <alignment>0x4</alignment>
         <input_file_ref idref="fl-c"/>
      </object_component>
      <object_component id="oc-14f">
         <name>.text._Z9ADC_StartP10ADC12_Regs</name>
         <load_address>0x17f08</load_address>
         <readonly>true</readonly>
         <executable>true</executable>
         <run_address>0x17f08</run_address>
         <size>0x28</size>
         <alignment>0x4</alignment>
         <input_file_ref idref="fl-d"/>
      </object_component>
      <object_component id="oc-20b">
         <name>.text.free_list_insert</name>
         <load_address>0x17f30</load_address>
         <readonly>true</readonly>
         <executable>true</executable>
         <run_address>0x17f30</run_address>
         <size>0x28</size>
         <alignment>0x4</alignment>
         <input_file_ref idref="fl-3a"/>
      </object_component>
      <object_component id="oc-23c">
         <name>.text.write</name>
         <load_address>0x17f58</load_address>
         <readonly>true</readonly>
         <executable>true</executable>
         <run_address>0x17f58</run_address>
         <size>0x28</size>
         <alignment>0x4</alignment>
         <input_file_ref idref="fl-f2"/>
      </object_component>
      <object_component id="oc-62">
         <name>.text:_c_int00_noargs</name>
         <load_address>0x17f80</load_address>
         <readonly>true</readonly>
         <executable>true</executable>
         <run_address>0x17f80</run_address>
         <size>0x28</size>
         <alignment>0x4</alignment>
         <input_file_ref idref="fl-3b"/>
      </object_component>
      <object_component id="oc-e1">
         <name>.text._ZN3Car5ResetEv</name>
         <load_address>0x17fa8</load_address>
         <readonly>true</readonly>
         <executable>true</executable>
         <run_address>0x17fa8</run_address>
         <size>0x26</size>
         <alignment>0x2</alignment>
         <input_file_ref idref="fl-1"/>
      </object_component>
      <object_component id="oc-10f">
         <name>.text.__muldi3</name>
         <load_address>0x17fd0</load_address>
         <readonly>true</readonly>
         <executable>true</executable>
         <run_address>0x17fd0</run_address>
         <size>0x24</size>
         <alignment>0x4</alignment>
         <input_file_ref idref="fl-109"/>
      </object_component>
      <object_component id="oc-e2">
         <name>.text._ZN8SlidePot4SyncEv</name>
         <load_address>0x17ff4</load_address>
         <readonly>true</readonly>
         <executable>true</executable>
         <run_address>0x17ff4</run_address>
         <size>0x20</size>
         <alignment>0x2</alignment>
         <input_file_ref idref="fl-9"/>
      </object_component>
      <object_component id="oc-106">
         <name>.text._ZN8SlidePotC2Ejj</name>
         <load_address>0x18014</load_address>
         <readonly>true</readonly>
         <executable>true</executable>
         <run_address>0x18014</run_address>
         <size>0x20</size>
         <alignment>0x2</alignment>
         <input_file_ref idref="fl-9"/>
      </object_component>
      <object_component id="oc-25b">
         <name>.text._ZL9pushColort</name>
         <load_address>0x18034</load_address>
         <readonly>true</readonly>
         <executable>true</executable>
         <run_address>0x18034</run_address>
         <size>0x1e</size>
         <alignment>0x2</alignment>
         <input_file_ref idref="fl-8"/>
      </object_component>
      <object_component id="oc-211">
         <name>.text.__ashldi3</name>
         <load_address>0x18054</load_address>
         <readonly>true</readonly>
         <executable>true</executable>
         <run_address>0x18054</run_address>
         <size>0x1e</size>
         <alignment>0x4</alignment>
         <input_file_ref idref="fl-113"/>
      </object_component>
      <object_component id="oc-36">
         <name>.text.Default_Handler</name>
         <load_address>0x18074</load_address>
         <readonly>true</readonly>
         <executable>true</executable>
         <run_address>0x18074</run_address>
         <size>0x1c</size>
         <alignment>0x4</alignment>
         <input_file_ref idref="fl-10"/>
      </object_component>
      <object_component id="oc-37">
         <name>.text.HardFault_Handler</name>
         <load_address>0x18090</load_address>
         <readonly>true</readonly>
         <executable>true</executable>
         <run_address>0x18090</run_address>
         <size>0x1c</size>
         <alignment>0x4</alignment>
         <input_file_ref idref="fl-10"/>
      </object_component>
      <object_component id="oc-209">
         <name>.text.free_list_remove</name>
         <load_address>0x180ac</load_address>
         <readonly>true</readonly>
         <executable>true</executable>
         <run_address>0x180ac</run_address>
         <size>0x1c</size>
         <alignment>0x4</alignment>
         <input_file_ref idref="fl-3a"/>
      </object_component>
      <object_component id="oc-e6">
         <name>.text._ZN3Car7Set_PosEjj</name>
         <load_address>0x180c8</load_address>
         <readonly>true</readonly>
         <executable>true</executable>
         <run_address>0x180c8</run_address>
         <size>0x1a</size>
         <alignment>0x2</alignment>
         <input_file_ref idref="fl-1"/>
      </object_component>
      <object_component id="oc-a7">
         <name>.text.__cxx_global_var_init.1</name>
         <load_address>0x180e4</load_address>
         <readonly>true</readonly>
         <executable>true</executable>
         <run_address>0x180e4</run_address>
         <size>0x18</size>
         <alignment>0x4</alignment>
         <input_file_ref idref="fl-5"/>
      </object_component>
      <object_component id="oc-a6">
         <name>.text.__cxx_global_var_init</name>
         <load_address>0x180fc</load_address>
         <readonly>true</readonly>
         <executable>true</executable>
         <run_address>0x180fc</run_address>
         <size>0x18</size>
         <alignment>0x4</alignment>
         <input_file_ref idref="fl-5"/>
      </object_component>
      <object_component id="oc-13e">
         <name>.text._Z11ST7735_openPKcji</name>
         <load_address>0x18114</load_address>
         <readonly>true</readonly>
         <executable>true</executable>
         <run_address>0x18114</run_address>
         <size>0x16</size>
         <alignment>0x2</alignment>
         <input_file_ref idref="fl-8"/>
      </object_component>
      <object_component id="oc-13c">
         <name>.text._Z11ST7735_readiPcj</name>
         <load_address>0x1812a</load_address>
         <readonly>true</readonly>
         <executable>true</executable>
         <run_address>0x1812a</run_address>
         <size>0x16</size>
         <alignment>0x2</alignment>
         <input_file_ref idref="fl-8"/>
      </object_component>
      <object_component id="oc-59">
         <name>.text:decompress:ZI:__TI_zero_init_nomemset</name>
         <load_address>0x18140</load_address>
         <readonly>true</readonly>
         <executable>true</executable>
         <run_address>0x18140</run_address>
         <size>0x16</size>
         <alignment>0x2</alignment>
         <input_file_ref idref="fl-40"/>
      </object_component>
      <object_component id="oc-84">
         <name>.text._ZN8SlidePot4SaveEj</name>
         <load_address>0x18156</load_address>
         <readonly>true</readonly>
         <executable>true</executable>
         <run_address>0x18156</run_address>
         <size>0x14</size>
         <alignment>0x2</alignment>
         <input_file_ref idref="fl-9"/>
      </object_component>
      <object_component id="oc-113">
         <name>.text.__aeabi_ldivmod</name>
         <load_address>0x1816c</load_address>
         <readonly>true</readonly>
         <executable>true</executable>
         <run_address>0x1816c</run_address>
         <size>0x14</size>
         <alignment>0x4</alignment>
         <input_file_ref idref="fl-10d"/>
      </object_component>
      <object_component id="oc-b7">
         <name>.text:TI_memcpy_small</name>
         <load_address>0x18180</load_address>
         <readonly>true</readonly>
         <executable>true</executable>
         <run_address>0x18180</run_address>
         <size>0x12</size>
         <alignment>0x1</alignment>
         <input_file_ref idref="fl-118"/>
      </object_component>
      <object_component id="oc-20">
         <name>.text:decompress:none</name>
         <load_address>0x18192</load_address>
         <readonly>true</readonly>
         <executable>true</executable>
         <run_address>0x18192</run_address>
         <size>0x12</size>
         <alignment>0x2</alignment>
         <input_file_ref idref="fl-41"/>
      </object_component>
      <object_component id="oc-69">
         <name>.text._GLOBAL__sub_I_Lab9HMain.cpp</name>
         <load_address>0x181a4</load_address>
         <readonly>true</readonly>
         <executable>true</executable>
         <run_address>0x181a4</run_address>
         <size>0x10</size>
         <alignment>0x2</alignment>
         <input_file_ref idref="fl-5"/>
      </object_component>
      <object_component id="oc-af">
         <name>.text._Z11Clock_Delayj</name>
         <load_address>0x181b4</load_address>
         <readonly>true</readonly>
         <executable>true</executable>
         <run_address>0x181b4</run_address>
         <size>0x10</size>
         <alignment>0x2</alignment>
         <input_file_ref idref="fl-2"/>
      </object_component>
      <object_component id="oc-e8">
         <name>.text._Z28TExaS_LaunchPadLogicPB27PB26v</name>
         <load_address>0x181c4</load_address>
         <readonly>true</readonly>
         <executable>true</executable>
         <run_address>0x181c4</run_address>
         <size>0x10</size>
         <alignment>0x4</alignment>
         <input_file_ref idref="fl-5"/>
      </object_component>
      <object_component id="oc-e4">
         <name>.text._ZN3Car5Get_xEv</name>
         <load_address>0x181d4</load_address>
         <readonly>true</readonly>
         <executable>true</executable>
         <run_address>0x181d4</run_address>
         <size>0x10</size>
         <alignment>0x2</alignment>
         <input_file_ref idref="fl-1"/>
      </object_component>
      <object_component id="oc-e5">
         <name>.text._ZN3Car5Get_yEv</name>
         <load_address>0x181e4</load_address>
         <readonly>true</readonly>
         <executable>true</executable>
         <run_address>0x181e4</run_address>
         <size>0x10</size>
         <alignment>0x2</alignment>
         <input_file_ref idref="fl-1"/>
      </object_component>
      <object_component id="oc-a8">
         <name>.text.__cxx_global_var_init.2</name>
         <load_address>0x181f4</load_address>
         <readonly>true</readonly>
         <executable>true</executable>
         <run_address>0x181f4</run_address>
         <size>0x10</size>
         <alignment>0x4</alignment>
         <input_file_ref idref="fl-5"/>
      </object_component>
      <object_component id="oc-20a">
         <name>.text.OUTLINED_FUNCTION_0</name>
         <load_address>0x18204</load_address>
         <readonly>true</readonly>
         <executable>true</executable>
         <run_address>0x18204</run_address>
         <size>0xe</size>
         <alignment>0x2</alignment>
         <input_file_ref idref="fl-3a"/>
      </object_component>
      <object_component id="oc-13a">
         <name>.text._Z12ST7735_lseekili</name>
         <load_address>0x18212</load_address>
         <readonly>true</readonly>
         <executable>true</executable>
         <run_address>0x18212</run_address>
         <size>0xe</size>
         <alignment>0x2</alignment>
         <input_file_ref idref="fl-8"/>
      </object_component>
      <object_component id="oc-232">
         <name>.text.strcpy</name>
         <load_address>0x18220</load_address>
         <readonly>true</readonly>
         <executable>true</executable>
         <run_address>0x18220</run_address>
         <size>0xe</size>
         <alignment>0x2</alignment>
         <input_file_ref idref="fl-fe"/>
      </object_component>
      <object_component id="oc-233">
         <name>.text.strlen</name>
         <load_address>0x1822e</load_address>
         <readonly>true</readonly>
         <executable>true</executable>
         <run_address>0x1822e</run_address>
         <size>0xe</size>
         <alignment>0x2</alignment>
         <input_file_ref idref="fl-fe"/>
      </object_component>
      <object_component id="oc-11e">
         <name>.text:TI_memset_small</name>
         <load_address>0x1823c</load_address>
         <readonly>true</readonly>
         <executable>true</executable>
         <run_address>0x1823c</run_address>
         <size>0xe</size>
         <alignment>0x1</alignment>
         <input_file_ref idref="fl-119"/>
      </object_component>
      <object_component id="oc-138">
         <name>.text._Z13ST7735_renamePKcS0_</name>
         <load_address>0x1824a</load_address>
         <readonly>true</readonly>
         <executable>true</executable>
         <run_address>0x1824a</run_address>
         <size>0xc</size>
         <alignment>0x2</alignment>
         <input_file_ref idref="fl-8"/>
      </object_component>
      <object_component id="oc-92">
         <name>.text.__aeabi_memclr</name>
         <load_address>0x18258</load_address>
         <readonly>true</readonly>
         <executable>true</executable>
         <run_address>0x18258</run_address>
         <size>0xc</size>
         <alignment>0x4</alignment>
         <input_file_ref idref="fl-10f"/>
      </object_component>
      <object_component id="oc-1aa">
         <name>.text.malloc</name>
         <load_address>0x18264</load_address>
         <readonly>true</readonly>
         <executable>true</executable>
         <run_address>0x18264</run_address>
         <size>0xc</size>
         <alignment>0x2</alignment>
         <input_file_ref idref="fl-3a"/>
      </object_component>
      <object_component id="oc-13f">
         <name>.text._Z12ST7735_closei</name>
         <load_address>0x18270</load_address>
         <readonly>true</readonly>
         <executable>true</executable>
         <run_address>0x18270</run_address>
         <size>0xa</size>
         <alignment>0x2</alignment>
         <input_file_ref idref="fl-8"/>
      </object_component>
      <object_component id="oc-139">
         <name>.text._Z13ST7735_unlinkPKc</name>
         <load_address>0x1827a</load_address>
         <readonly>true</readonly>
         <executable>true</executable>
         <run_address>0x1827a</run_address>
         <size>0xa</size>
         <alignment>0x2</alignment>
         <input_file_ref idref="fl-8"/>
      </object_component>
      <object_component id="oc-c1">
         <name>.text._Z8PLL_Initv</name>
         <load_address>0x18284</load_address>
         <readonly>true</readonly>
         <executable>true</executable>
         <run_address>0x18284</run_address>
         <size>0xa</size>
         <alignment>0x2</alignment>
         <input_file_ref idref="fl-5"/>
      </object_component>
      <object_component id="oc-52">
         <name>.text.__aeabi_memcpy</name>
         <load_address>0x18290</load_address>
         <readonly>true</readonly>
         <executable>true</executable>
         <run_address>0x18290</run_address>
         <size>0x8</size>
         <alignment>0x4</alignment>
         <input_file_ref idref="fl-10e"/>
      </object_component>
      <object_component id="oc-202">
         <name>.text.remove</name>
         <load_address>0x18298</load_address>
         <readonly>true</readonly>
         <executable>true</executable>
         <run_address>0x18298</run_address>
         <size>0x8</size>
         <alignment>0x2</alignment>
         <input_file_ref idref="fl-f4"/>
      </object_component>
      <object_component id="oc-ed">
         <name>.text:abort</name>
         <load_address>0x182a0</load_address>
         <readonly>true</readonly>
         <executable>true</executable>
         <run_address>0x182a0</run_address>
         <size>0x6</size>
         <alignment>0x2</alignment>
         <input_file_ref idref="fl-36"/>
      </object_component>
      <object_component id="oc-15f">
         <name>.text.HOSTexit</name>
         <load_address>0x182a6</load_address>
         <readonly>true</readonly>
         <executable>true</executable>
         <run_address>0x182a6</run_address>
         <size>0x4</size>
         <alignment>0x2</alignment>
         <input_file_ref idref="fl-f1"/>
      </object_component>
      <object_component id="oc-32">
         <name>.text.Reset_Handler</name>
         <load_address>0x182aa</load_address>
         <readonly>true</readonly>
         <executable>true</executable>
         <run_address>0x182aa</run_address>
         <size>0x4</size>
         <alignment>0x2</alignment>
         <input_file_ref idref="fl-10"/>
      </object_component>
      <object_component id="oc-97">
         <name>.text._system_pre_init</name>
         <load_address>0x182ae</load_address>
         <readonly>true</readonly>
         <executable>true</executable>
         <run_address>0x182ae</run_address>
         <size>0x4</size>
         <alignment>0x2</alignment>
         <input_file_ref idref="fl-3e"/>
      </object_component>
      <object_component id="oc-29d">
         <name>.cinit..data.load</name>
         <load_address>0x182c0</load_address>
         <readonly>true</readonly>
         <run_address>0x182c0</run_address>
         <size>0x80</size>
         <alignment>0x1</alignment>
      </object_component>
      <object_component id="oc-29b">
         <name>__TI_handler_table</name>
         <load_address>0x18340</load_address>
         <readonly>true</readonly>
         <run_address>0x18340</run_address>
         <size>0xc</size>
         <alignment>0x4</alignment>
      </object_component>
      <object_component id="oc-29e">
         <name>.cinit..bss.load</name>
         <load_address>0x1834c</load_address>
         <readonly>true</readonly>
         <run_address>0x1834c</run_address>
         <size>0x8</size>
         <alignment>0x4</alignment>
      </object_component>
      <object_component id="oc-29c">
         <name>__TI_cinit_table</name>
         <load_address>0x18354</load_address>
         <readonly>true</readonly>
         <run_address>0x18354</run_address>
         <size>0x10</size>
         <alignment>0x4</alignment>
      </object_component>
      <object_component id="oc-15e">
         <name>.rodata._ZL4T1_2</name>
         <load_address>0xc0</load_address>
         <readonly>true</readonly>
         <run_address>0xc0</run_address>
         <size>0xa000</size>
         <alignment>0x2</alignment>
         <input_file_ref idref="fl-5"/>
      </object_component>
      <object_component id="oc-15d">
         <name>.rodata._ZL6T17_20</name>
         <load_address>0xa0c0</load_address>
         <readonly>true</readonly>
         <run_address>0xa0c0</run_address>
         <size>0xa000</size>
         <alignment>0x2</alignment>
         <input_file_ref idref="fl-5"/>
      </object_component>
      <object_component id="oc-250">
         <name>.rodata._ZL4Font</name>
         <load_address>0x140c0</load_address>
         <readonly>true</readonly>
         <run_address>0x140c0</run_address>
         <size>0x4fb</size>
         <alignment>0x1</alignment>
         <input_file_ref idref="fl-8"/>
      </object_component>
      <object_component id="oc-11c">
         <name>.rodata._ZL9sin_table</name>
         <load_address>0x145bc</load_address>
         <readonly>true</readonly>
         <run_address>0x145bc</run_address>
         <size>0x2d0</size>
         <alignment>0x2</alignment>
         <input_file_ref idref="fl-1"/>
      </object_component>
      <object_component id="oc-16f">
         <name>.rodata._ZL5lotus</name>
         <load_address>0x1488c</load_address>
         <readonly>true</readonly>
         <run_address>0x1488c</run_address>
         <size>0x190</size>
         <alignment>0x4</alignment>
         <input_file_ref idref="fl-1"/>
      </object_component>
      <object_component id="oc-1b3">
         <name>.rodata._ZL8BlueBall</name>
         <load_address>0x14a1c</load_address>
         <readonly>true</readonly>
         <run_address>0x14a1c</run_address>
         <size>0x188</size>
         <alignment>0x2</alignment>
         <input_file_ref idref="fl-1"/>
      </object_component>
      <object_component id="oc-ea">
         <name>.rodata._ZL8BlueBall</name>
         <load_address>0x14ba4</load_address>
         <readonly>true</readonly>
         <run_address>0x14ba4</run_address>
         <size>0x188</size>
         <alignment>0x2</alignment>
         <input_file_ref idref="fl-5"/>
      </object_component>
      <object_component id="oc-184">
         <name>.rodata._ZL11exige_gear1</name>
         <load_address>0x14d2c</load_address>
         <readonly>true</readonly>
         <run_address>0x14d2c</run_address>
         <size>0xc0</size>
         <alignment>0x4</alignment>
         <input_file_ref idref="fl-1"/>
      </object_component>
      <object_component id="oc-183">
         <name>.rodata._ZL11exige_gear2</name>
         <load_address>0x14dec</load_address>
         <readonly>true</readonly>
         <run_address>0x14dec</run_address>
         <size>0xc0</size>
         <alignment>0x4</alignment>
         <input_file_ref idref="fl-1"/>
      </object_component>
      <object_component id="oc-182">
         <name>.rodata._ZL11exige_gear3</name>
         <load_address>0x14eac</load_address>
         <readonly>true</readonly>
         <run_address>0x14eac</run_address>
         <size>0x60</size>
         <alignment>0x2</alignment>
         <input_file_ref idref="fl-1"/>
      </object_component>
      <object_component id="oc-181">
         <name>.rodata._ZL11exige_gear4</name>
         <load_address>0x14f0c</load_address>
         <readonly>true</readonly>
         <run_address>0x14f0c</run_address>
         <size>0x60</size>
         <alignment>0x2</alignment>
         <input_file_ref idref="fl-1"/>
      </object_component>
      <object_component id="oc-180">
         <name>.rodata._ZL11exige_gear5</name>
         <load_address>0x14f6c</load_address>
         <readonly>true</readonly>
         <run_address>0x14f6c</run_address>
         <size>0x60</size>
         <alignment>0x2</alignment>
         <input_file_ref idref="fl-1"/>
      </object_component>
      <object_component id="oc-17f">
         <name>.rodata._ZL11exige_gear6</name>
         <load_address>0x14fcc</load_address>
         <readonly>true</readonly>
         <run_address>0x14fcc</run_address>
         <size>0x60</size>
         <alignment>0x2</alignment>
         <input_file_ref idref="fl-1"/>
      </object_component>
      <object_component id="oc-18a">
         <name>.rodata._ZL5Rcmd1</name>
         <load_address>0x1502c</load_address>
         <readonly>true</readonly>
         <run_address>0x1502c</run_address>
         <size>0x3b</size>
         <alignment>0x1</alignment>
         <input_file_ref idref="fl-8"/>
      </object_component>
      <object_component id="oc-18f">
         <name>.rodata._ZL5Rcmd3</name>
         <load_address>0x15067</load_address>
         <readonly>true</readonly>
         <run_address>0x15067</run_address>
         <size>0x2b</size>
         <alignment>0x1</alignment>
         <input_file_ref idref="fl-8"/>
      </object_component>
      <object_component id="oc-141">
         <name>.rodata.str1.18358205720993799461.1</name>
         <load_address>0x15092</load_address>
         <readonly>true</readonly>
         <run_address>0x15092</run_address>
[...]
      </symbol>
      <symbol id="sm-18d">
         <name>_Z10Sound_Initv</name>
         <value>0x16cdf</value>
         <object_component_ref idref="oc-d8"/>
      </symbol>
      <symbol id="sm-18e">
         <name>SysTick_Handler</name>
         <value>0x16b93</value>
         <object_component_ref idref="oc-38"/>
      </symbol>
      <symbol id="sm-198">
         <name>_Z11Switch_Initv</name>
         <value>0x17ee1</value>
         <object_component_ref idref="oc-ce"/>
      </symbol>
      <symbol id="sm-1ae">
         <name>_Z8ADC_InitP10ADC12_Regsjj</name>
         <value>0x15dd1</value>
         <object_component_ref idref="oc-14e"/>
      </symbol>
      <symbol id="sm-1af">
         <name>_Z9ADC_StartP10ADC12_Regs</name>
         <value>0x17f09</value>
         <object_component_ref idref="oc-14f"/>
      </symbol>
      <symbol id="sm-1b0">
         <name>_Z9UART_Initv</name>
         <value>0x16501</value>
         <object_component_ref idref="oc-150"/>
      </symbol>
      <symbol id="sm-1b1">
         <name>TIMG7_IRQHandler</name>
         <value>0x1799d</value>
         <object_component_ref idref="oc-3d"/>
      </symbol>
      <symbol id="sm-1b2">
         <name>TExaSadc</name>
         <value>0x20200664</value>
         <object_component_ref idref="oc-71"/>
      </symbol>
      <symbol id="sm-1b3">
         <name>TExaSLogic</name>
         <value>0x20200660</value>
         <object_component_ref idref="oc-72"/>
      </symbol>
      <symbol id="sm-1b4">
         <name>_Z10TExaS_InitP10ADC12_RegsjPFhvE</name>
         <value>0x176c9</value>
         <object_component_ref idref="oc-d9"/>
      </symbol>
      <symbol id="sm-1c1">
         <name>_Z14TimerG7_IntArmtjj</name>
         <value>0x16b95</value>
         <object_component_ref idref="oc-152"/>
      </symbol>
      <symbol id="sm-1c2">
         <name>_Z15TimerG12_IntArmjj</name>
         <value>0x16ff9</value>
         <object_component_ref idref="oc-da"/>
      </symbol>
      <symbol id="sm-1d4">
         <name>Default_Handler</name>
         <value>0x18075</value>
         <object_component_ref idref="oc-36"/>
      </symbol>
      <symbol id="sm-1d5">
         <name>Reset_Handler</name>
         <value>0x182ab</value>
         <object_component_ref idref="oc-32"/>
      </symbol>
      <symbol id="sm-1d6">
         <name>HardFault_Handler</name>
         <value>0x18091</value>
         <object_component_ref idref="oc-37"/>
      </symbol>
      <symbol id="sm-1d7">
         <name>interruptVectors</name>
         <value>0x0</value>
         <object_component_ref idref="oc-18"/>
      </symbol>
      <symbol id="sm-1d8">
         <name>NMI_Handler</name>
         <value>0x18075</value>
         <object_component_ref idref="oc-36"/>
      </symbol>
      <symbol id="sm-1d9">
         <name>SVC_Handler</name>
         <value>0x18075</value>
         <object_component_ref idref="oc-36"/>
      </symbol>
      <symbol id="sm-1da">
         <name>PendSV_Handler</name>
         <value>0x18075</value>
         <object_component_ref idref="oc-36"/>
      </symbol>
      <symbol id="sm-1db">
         <name>GROUP0_IRQHandler</name>
         <value>0x18075</value>
         <object_component_ref idref="oc-36"/>
      </symbol>
      <symbol id="sm-1dc">
         <name>GROUP1_IRQHandler</name>
         <value>0x18075</value>
         <object_component_ref idref="oc-36"/>
      </symbol>
      <symbol id="sm-1dd">
         <name>TIMG8_IRQHandler</name>
         <value>0x18075</value>
         <object_component_ref idref="oc-36"/>
      </symbol>
      <symbol id="sm-1de">
         <name>UART3_IRQHandler</name>
         <value>0x18075</value>
         <object_component_ref idref="oc-36"/>
      </symbol>
      <symbol id="sm-1df">
         <name>ADC0_IRQHandler</name>
         <value>0x18075</value>
         <object_component_ref idref="oc-36"/>
      </symbol>
      <symbol id="sm-1e0">
         <name>ADC1_IRQHandler</name>
         <value>0x18075</value>
         <object_component_ref idref="oc-36"/>
      </symbol>
      <symbol id="sm-1e1">
         <name>CANFD0_IRQHandler</name>
         <value>0x18075</value>
         <object_component_ref idref="oc-36"/>
      </symbol>
      <symbol id="sm-1e2">
         <name>DAC0_IRQHandler</name>
         <value>0x18075</value>
         <object_component_ref idref="oc-36"/>
      </symbol>
      <symbol id="sm-1e3">
         <name>SPI0_IRQHandler</name>
         <value>0x18075</value>
         <object_component_ref idref="oc-36"/>
      </symbol>
      <symbol id="sm-1e4">
         <name>SPI1_IRQHandler</name>
         <value>0x18075</value>
         <object_component_ref idref="oc-36"/>
      </symbol>
      <symbol id="sm-1e5">
         <name>UART1_IRQHandler</name>
         <value>0x18075</value>
         <object_component_ref idref="oc-36"/>
      </symbol>
      <symbol id="sm-1e6">
         <name>UART2_IRQHandler</name>
         <value>0x18075</value>
         <object_component_ref idref="oc-36"/>
      </symbol>
      <symbol id="sm-1e7">
         <name>UART0_IRQHandler</name>
         <value>0x18075</value>
         <object_component_ref idref="oc-36"/>
      </symbol>
      <symbol id="sm-1e8">
         <name>TIMG0_IRQHandler</name>
         <value>0x18075</value>
         <object_component_ref idref="oc-36"/>
      </symbol>
      <symbol id="sm-1e9">
         <name>TIMG6_IRQHandler</name>
         <value>0x18075</value>
         <object_component_ref idref="oc-36"/>
      </symbol>
      <symbol id="sm-1ea">
         <name>TIMA0_IRQHandler</name>
         <value>0x18075</value>
         <object_component_ref idref="oc-36"/>
      </symbol>
      <symbol id="sm-1eb">
         <name>TIMA1_IRQHandler</name>
         <value>0x18075</value>
         <object_component_ref idref="oc-36"/>
      </symbol>
      <symbol id="sm-1ec">
         <name>I2C0_IRQHandler</name>
         <value>0x18075</value>
         <object_component_ref idref="oc-36"/>
      </symbol>
      <symbol id="sm-1ed">
         <name>I2C1_IRQHandler</name>
         <value>0x18075</value>
         <object_component_ref idref="oc-36"/>
      </symbol>
      <symbol id="sm-1ee">
         <name>AES_IRQHandler</name>
         <value>0x18075</value>
         <object_component_ref idref="oc-36"/>
      </symbol>
      <symbol id="sm-1ef">
         <name>RTC_IRQHandler</name>
         <value>0x18075</value>
         <object_component_ref idref="oc-36"/>
      </symbol>
      <symbol id="sm-1f0">
         <name>DMA_IRQHandler</name>
         <value>0x18075</value>
         <object_component_ref idref="oc-36"/>
      </symbol>
      <symbol id="sm-1f1">
         <name>__TI_ATRegion0_src_addr</name>
         <value>0x0</value>
      </symbol>
      <symbol id="sm-1f2">
         <name>__TI_ATRegion0_trg_addr</name>
         <value>0x0</value>
      </symbol>
      <symbol id="sm-1f3">
         <name>__TI_ATRegion0_region_sz</name>
         <value>0x0</value>
      </symbol>
      <symbol id="sm-1f4">
         <name>__TI_ATRegion1_src_addr</name>
         <value>0x0</value>
      </symbol>
      <symbol id="sm-1f5">
         <name>__TI_ATRegion1_trg_addr</name>
         <value>0x0</value>
      </symbol>
      <symbol id="sm-1f6">
         <name>__TI_ATRegion1_region_sz</name>
         <value>0x0</value>
      </symbol>
      <symbol id="sm-1f7">
         <name>__TI_ATRegion2_src_addr</name>
         <value>0x0</value>
      </symbol>
      <symbol id="sm-1f8">
         <name>__TI_ATRegion2_trg_addr</name>
         <value>0x0</value>
      </symbol>
      <symbol id="sm-1f9">
         <name>__TI_ATRegion2_region_sz</name>
         <value>0x0</value>
      </symbol>
      <symbol id="sm-212">
         <name>fopen</name>
         <value>0x17e2d</value>
         <object_component_ref idref="oc-12d"/>
      </symbol>
      <symbol id="sm-213">
         <name>__TI_cleanup</name>
         <value>0x17c95</value>
         <object_component_ref idref="oc-1ab"/>
      </symbol>
      <symbol id="sm-214">
         <name>freopen</name>
         <value>0x17d99</value>
         <object_component_ref idref="oc-133"/>
      </symbol>
      <symbol id="sm-21e">
         <name>setvbuf</name>
         <value>0x167b1</value>
         <object_component_ref idref="oc-134"/>
      </symbol>
      <symbol id="sm-22d">
         <name>abort</name>
         <value>0x182a1</value>
         <object_component_ref idref="oc-ed"/>
      </symbol>
      <symbol id="sm-22e">
         <name>__TI_cleanup_ptr</name>
         <value>0x20200250</value>
         <object_component_ref idref="oc-167"/>
      </symbol>
      <symbol id="sm-22f">
         <name>__TI_dtors_ptr</name>
         <value>0x20200254</value>
         <object_component_ref idref="oc-167"/>
      </symbol>
      <symbol id="sm-230">
         <name>exit</name>
         <value>0x17d31</value>
         <object_component_ref idref="oc-f2"/>
      </symbol>
      <symbol id="sm-239">
         <name>_nop</name>
         <value>0x17873</value>
         <object_component_ref idref="oc-1b8"/>
      </symbol>
      <symbol id="sm-23a">
         <name>_lock</name>
         <value>0x20200268</value>
         <object_component_ref idref="oc-165"/>
      </symbol>
      <symbol id="sm-23b">
         <name>_unlock</name>
         <value>0x2020026c</value>
         <object_component_ref idref="oc-168"/>
      </symbol>
      <symbol id="sm-241">
         <name>_ftable</name>
         <value>0x20200000</value>
         <object_component_ref idref="oc-142"/>
      </symbol>
      <symbol id="sm-242">
         <name>__TI_ft_end</name>
         <value>0x20200264</value>
         <object_component_ref idref="oc-1f3"/>
      </symbol>
      <symbol id="sm-243">
         <name>__TI_tmpnams</name>
         <value>0x202005b8</value>
         <object_component_ref idref="oc-206"/>
      </symbol>
      <symbol id="sm-266">
         <name>malloc</name>
         <value>0x18265</value>
         <object_component_ref idref="oc-1aa"/>
      </symbol>
      <symbol id="sm-267">
         <name>aligned_alloc</name>
         <value>0x16011</value>
         <object_component_ref idref="oc-20c"/>
      </symbol>
      <symbol id="sm-268">
         <name>free</name>
         <value>0x165e9</value>
         <object_component_ref idref="oc-1a8"/>
      </symbol>
      <symbol id="sm-269">
         <name>_sys_memory</name>
         <value>0x20200298</value>
         <object_component_ref idref="oc-30"/>
      </symbol>
      <symbol id="sm-26a">
         <name>memalign</name>
         <value>0x16011</value>
         <object_component_ref idref="oc-20c"/>
      </symbol>
      <symbol id="sm-275">
         <name>_c_int00_noargs</name>
         <value>0x17f81</value>
         <object_component_ref idref="oc-62"/>
      </symbol>
      <symbol id="sm-276">
         <name>__stack</name>
         <value>0x20207e00</value>
         <object_component_ref idref="oc-1a"/>
      </symbol>
      <symbol id="sm-282">
         <name>__TI_auto_init_nobinit</name>
         <value>0x177cd</value>
         <object_component_ref idref="oc-fa"/>
      </symbol>
      <symbol id="sm-28a">
         <name>_system_pre_init</name>
         <value>0x182af</value>
         <object_component_ref idref="oc-97"/>
      </symbol>
      <symbol id="sm-295">
         <name>__TI_zero_init_nomemset</name>
         <value>0x18141</value>
         <object_component_ref idref="oc-59"/>
      </symbol>
      <symbol id="sm-29e">
         <name>__TI_decompress_none</name>
         <value>0x18193</value>
         <object_component_ref idref="oc-20"/>
      </symbol>
      <symbol id="sm-2a9">
         <name>__TI_decompress_lzss</name>
         <value>0x17325</value>
         <object_component_ref idref="oc-1c"/>
      </symbol>
      <symbol id="sm-2b5">
         <name>__TI_closefile</name>
         <value>0x172a9</value>
         <object_component_ref idref="oc-1a2"/>
      </symbol>
      <symbol id="sm-2bf">
         <name>__TI_doflush</name>
         <value>0x17821</value>
         <object_component_ref idref="oc-1f8"/>
      </symbol>
      <symbol id="sm-2d2">
         <name>HOSTexit</name>
         <value>0x182a7</value>
         <object_component_ref idref="oc-15f"/>
      </symbol>
      <symbol id="sm-2d3">
         <name>C$$EXIT</name>
         <value>0x182a6</value>
         <object_component_ref idref="oc-15f"/>
      </symbol>
      <symbol id="sm-2dd">
         <name>write</name>
         <value>0x17f59</value>
         <object_component_ref idref="oc-23c"/>
      </symbol>
      <symbol id="sm-2e2">
         <name>_device</name>
         <value>0x202000f0</value>
         <object_component_ref idref="oc-199"/>
      </symbol>
      <symbol id="sm-2e3">
         <name>_stream</name>
         <value>0x20200168</value>
         <object_component_ref idref="oc-238"/>
      </symbol>
      <symbol id="sm-2ec">
         <name>remove</name>
         <value>0x18299</value>
         <object_component_ref idref="oc-202"/>
      </symbol>
      <symbol id="sm-2f8">
         <name>open</name>
         <value>0x16e25</value>
         <object_component_ref idref="oc-1f4"/>
      </symbol>
      <symbol id="sm-303">
         <name>close</name>
         <value>0x17875</value>
         <object_component_ref idref="oc-1fe"/>
      </symbol>
      <symbol id="sm-30f">
         <name>add_device</name>
         <value>0x16415</value>
         <object_component_ref idref="oc-129"/>
      </symbol>
      <symbol id="sm-319">
         <name>unlink</name>
         <value>0x17e89</value>
         <object_component_ref idref="oc-245"/>
      </symbol>
      <symbol id="sm-323">
         <name>HOSTclose</name>
         <value>0x178c5</value>
         <object_component_ref idref="oc-1d6"/>
      </symbol>
      <symbol id="sm-32d">
         <name>HOSTlseek</name>
         <value>0x17411</value>
         <object_component_ref idref="oc-1e2"/>
      </symbol>
      <symbol id="sm-337">
         <name>HOSTopen</name>
         <value>0x175b9</value>
         <object_component_ref idref="oc-1d2"/>
      </symbol>
      <symbol id="sm-338">
         <name>parmbuf</name>
         <value>0x20200658</value>
         <object_component_ref idref="oc-21f"/>
      </symbol>
      <symbol id="sm-342">
         <name>HOSTread</name>
         <value>0x17619</value>
         <object_component_ref idref="oc-1da"/>
      </symbol>
      <symbol id="sm-353">
         <name>HOSTrename</name>
         <value>0x1747d</value>
         <object_component_ref idref="oc-1ea"/>
      </symbol>
      <symbol id="sm-35d">
         <name>HOSTunlink</name>
         <value>0x1790d</value>
         <object_component_ref idref="oc-1e6"/>
      </symbol>
      <symbol id="sm-367">
         <name>HOSTwrite</name>
         <value>0x17671</value>
         <object_component_ref idref="oc-1de"/>
      </symbol>
      <symbol id="sm-375">
         <name>C$$IO$$</name>
         <value>0x17d29</value>
         <object_component_ref idref="oc-218"/>
      </symbol>
      <symbol id="sm-376">
         <name>__TI_writemsg</name>
         <value>0x17cfd</value>
         <object_component_ref idref="oc-218"/>
      </symbol>
      <symbol id="sm-377">
         <name>__CIOBUF_</name>
         <value>0x20200498</value>
         <object_component_ref idref="oc-252"/>
      </symbol>
      <symbol id="sm-378">
         <name>__TI_readmsg</name>
         <value>0x17cc9</value>
         <object_component_ref idref="oc-21e"/>
      </symbol>
      <symbol id="sm-379">
         <name>_CIOBUF_</name>
         <value>0x20200498</value>
         <object_component_ref idref="oc-252"/>
      </symbol>
      <symbol id="sm-37f">
         <name>__muldsi3</name>
         <value>0x17b19</value>
         <object_component_ref idref="oc-173"/>
      </symbol>
      <symbol id="sm-385">
         <name>__aeabi_lmul</name>
         <value>0x17fd1</value>
         <object_component_ref idref="oc-10f"/>
      </symbol>
      <symbol id="sm-386">
         <name>__muldi3</name>
         <value>0x17fd1</value>
         <object_component_ref idref="oc-10f"/>
      </symbol>
      <symbol id="sm-38c">
         <name>__aeabi_idiv</name>
         <value>0x17721</value>
         <object_component_ref idref="oc-117"/>
      </symbol>
      <symbol id="sm-38d">
         <name>__aeabi_idivmod</name>
         <value>0x17721</value>
         <object_component_ref idref="oc-117"/>
      </symbol>
      <symbol id="sm-393">
         <name>__aeabi_ldivmod</name>
         <value>0x1816d</value>
         <object_component_ref idref="oc-113"/>
      </symbol>
      <symbol id="sm-399">
         <name>__aeabi_memcpy</name>
         <value>0x18291</value>
         <object_component_ref idref="oc-52"/>
      </symbol>
      <symbol id="sm-39a">
         <name>__aeabi_memcpy4</name>
         <value>0x18291</value>
         <object_component_ref idref="oc-52"/>
      </symbol>
      <symbol id="sm-39b">
         <name>__aeabi_memcpy8</name>
         <value>0x18291</value>
         <object_component_ref idref="oc-52"/>
      </symbol>
      <symbol id="sm-3a2">
         <name>__aeabi_memclr</name>
         <value>0x18259</value>
         <object_component_ref idref="oc-92"/>
      </symbol>
      <symbol id="sm-3a3">
         <name>__aeabi_memclr4</name>
         <value>0x18259</value>
         <object_component_ref idref="oc-92"/>
      </symbol>
      <symbol id="sm-3a4">
         <name>__aeabi_memclr8</name>
         <value>0x18259</value>
         <object_component_ref idref="oc-92"/>
      </symbol>
      <symbol id="sm-3aa">
         <name>__aeabi_uidiv</name>
         <value>0x17a1d</value>
         <object_component_ref idref="oc-ab"/>
      </symbol>
      <symbol id="sm-3ab">
         <name>__aeabi_uidivmod</name>
         <value>0x17a1d</value>
         <object_component_ref idref="oc-ab"/>
      </symbol>
      <symbol id="sm-3b1">
         <name>__udivmoddi4</name>
         <value>0x16ce1</value>
         <object_component_ref idref="oc-1c2"/>
      </symbol>
      <symbol id="sm-3b7">
         <name>__aeabi_llsl</name>
         <value>0x18055</value>
         <object_component_ref idref="oc-211"/>
      </symbol>
      <symbol id="sm-3b8">
         <name>__ashldi3</name>
         <value>0x18055</value>
         <object_component_ref idref="oc-211"/>
      </symbol>
      <symbol id="sm-3c2">
         <name>__divmoddi4</name>
         <value>0x17a9d</value>
         <object_component_ref idref="oc-178"/>
      </symbol>
      <symbol id="sm-3ce">
         <name>__aeabi_idiv0</name>
         <value>0x16d83</value>
         <object_component_ref idref="oc-109"/>
      </symbol>
      <symbol id="sm-3cf">
         <name>__aeabi_ldiv0</name>
         <value>0x17777</value>
         <object_component_ref idref="oc-210"/>
      </symbol>
      <symbol id="sm-3dd">
         <name>finddevice</name>
         <value>0x17d65</value>
         <object_component_ref idref="oc-192"/>
      </symbol>
      <symbol id="sm-3de">
         <name>getdevice</name>
         <value>0x174e9</value>
         <object_component_ref idref="oc-236"/>
      </symbol>
      <symbol id="sm-3e7">
         <name>TI_memcpy_small</name>
         <value>0x18181</value>
         <object_component_ref idref="oc-b7"/>
      </symbol>
      <symbol id="sm-3f0">
         <name>TI_memset_small</name>
         <value>0x1823d</value>
         <object_component_ref idref="oc-11e"/>
      </symbol>
      <symbol id="sm-3f8">
         <name>strcmp</name>
         <value>0x17121</value>
         <object_component_ref idref="oc-1cc"/>
      </symbol>
      <symbol id="sm-3f9">
         <name>__TI_static_base__</name>
         <value>0x0</value>
      </symbol>
      <symbol id="sm-3fc">
         <name>__mpu_init</name>
         <value>0x0</value>
      </symbol>
      <symbol id="sm-3fd">
         <name>_system_post_cinit</name>
         <value>0x0</value>
      </symbol>
   </symbol_table>
   <title>Link successful</title>
</link_info>
