******************************************************************************
            TI ARM Clang Linker PC v4.0.4                      
******************************************************************************
>> Linked Mon Apr 20 17:01:08 2026

OUTPUT FILE NAME:   <ECE319K_Lab9H.out>
ENTRY POINT SYMBOL: "_c_int00_noargs"  address: 00017f81


MEMORY CONFIGURATION

         name            origin    length      used     unused   attr    fill
----------------------  --------  ---------  --------  --------  ----  --------
  FLASH                 00000000   00020000  00018368  00007c98  R  X
  SRAM                  20200000   00008000  00000868  00007798  RW X
  BCR_CONFIG            41c00000   00000080  00000000  00000080  R   
  BSL_CONFIG            41c00100   00000080  00000000  00000080  R   


SEGMENT ALLOCATION MAP

run origin  load origin   length   init length attrs members
----------  ----------- ---------- ----------- ----- -------
00000000    00000000    00018368   00018368    r-x
  00000000    00000000    000000c0   000000c0    r-- .intvecs
  000000c0    000000c0    00015038   00015038    r-- .rodata
  000150f8    000150f8    00000008   00000008    r-- .init_array
  00015100    00015100    000031c0   000031c0    r-x .text
  000182c0    000182c0    000000a8   000000a8    r-- .cinit
20200000    20200000    0000066f   00000000    rw-
  20200000    20200000    00000291   00000000    rw- .data
  20200298    20200298    00000200   00000000    rw- .sysmem
  20200498    20200498    000001d7   00000000    rw- .bss
20207e00    20207e00    00000200   00000000    rw-
  20207e00    20207e00    00000200   00000000    rw- .stack


SECTION ALLOCATION MAP

 output                                  attributes/
section   page    origin      length       input sections
--------  ----  ----------  ----------   ----------------
.intvecs   0    00000000    000000c0     
                  00000000    000000c0     startup_mspm0g3507_ticlang.o (.intvecs)

.binit     0    00000000    00000000     

.text      0    00015100    000031c0     
                  00015100    00000304     Lab9HMain.o (.text.main)
                  00015404    00000210     ST7735.o (.text._Z17ST7735_DrawBitmapssPKtss)
                  00015614    000001cc     Car.o (.text._ZN3Car8calc_rpmEj)
                  000157e0    000001b4     Clock.o (.text._Z15Clock_Init80MHzi)
                  00015994    000001a0     ST7735.o (.text._Z16ST7735_DrawCharSsscssh)
                  00015b34    00000154     libc.a : fopen.c.obj (.text._openfile)
                  00015c88    00000148     Car.o (.text._ZN3Car15Update_VelocityEj)
                  00015dd0    00000128     TExaS.o (.text._Z8ADC_InitP10ADC12_Regsjj)
                  00015ef8    00000118     ST7735.o (.text._Z15ST7735_FillRectsssst)
                  00016010    00000114     libc.a : memory.c.obj (.text.aligned_alloc)
                  00016124    00000104     Lab9HMain.o (.text.TIMG12_IRQHandler)
                  00016228    000000f8     SPI.o (.text._Z8SPI_Initv)
                  00016320    000000f4     SlidePot.o (.text._ZN8SlidePot4InitEv)
                  00016414    000000ec     libsysbm.a : add_device.c.obj (.text.add_device)
                  00016500    000000e8     TExaS.o (.text._Z9UART_Initv)
                  000165e8    000000e8     libc.a : memory.c.obj (.text.free)
                  000166d0    000000e0     Car.o (.text._ZN3Car8Draw_CarEssPKtS1_)
                  000167b0    000000e0     libc.a : setvbuf.c.obj (.text.setvbuf)
                  00016890    000000d0     ST7735.o (.text._Z14ST7735_OutCharc)
                  00016960    000000d0     Car.o (.text._ZN3Car9Set_AngleEj)
                  00016a30    000000b4     Car.o (.text._ZN3Car15Update_PositionEjj)
                  00016ae4    000000ae     Lab9HMain.o (.text._Z9Erase_CarssPKt)
                  00016b92    00000002     Sound.o (.text.SysTick_Handler)
                  00016b94    000000a8     Timer.o (.text._Z14TimerG7_IntArmtjj)
                  00016c3c    000000a2     ST7735.o (.text._ZL11commandListPKh)
                  00016cde    00000002     Sound.o (.text._Z10Sound_Initv)
                  00016ce0    000000a2     libclang_rt.builtins.a : udivmoddi4.S.obj (.text)
                  00016d82    00000002                            : aeabi_div0.c.obj (.text.__aeabi_idiv0)
                  00016d84    000000a0     ST7735.o (.text._Z17ST7735_InitPrintf10initRFlags)
                  00016e24    000000a0     libsysbm.a : open.c.obj (.text.open)
                  00016ec4    0000009c     SlidePot.o (.text._ZN8SlidePot2InEv)
                  00016f60    00000098     ST7735.o (.text._Z12ST7735_InitR10initRFlags)
                  00016ff8    00000094     Timer.o (.text._Z15TimerG12_IntArmjj)
                  0001708c    00000088     ST7735.o (.text._ZL13setAddrWindowhhhh)
                  00017114    0000000c     Clock.o (.text._Z10Clock_Freqv)
                  00017120    00000088     libc.a : strcmp-armv6m.S.obj (.text:strcmp)
                  000171a8    00000084     ST7735.o (.text._Z17ST7735_DrawStringttPcs)
                  0001722c    0000007c     LaunchPad.o (.text._Z14LaunchPad_Initv)
                  000172a8    0000007c     libc.a : fclose.c.obj (.text.__TI_closefile)
                  00017324    0000007c            : copy_decompress_lzss.c.obj (.text:decompress:lzss)
                  000173a0    00000070     ST7735.o (.text._Z16ST7735_DrawPixelsst)
                  00017410    0000006c     libsysbm.a : hostlseek.c.obj (.text.HOSTlseek)
                  0001747c    0000006c                : hostrename.c.obj (.text.HOSTrename)
                  000174e8    0000006c     libc.a : getdevice.c.obj (.text.getdevice)
                  00017554    00000064            : memory.c.obj (.text.split)
                  000175b8    00000060     libsysbm.a : hostopen.c.obj (.text.HOSTopen)
                  00017618    00000058                : hostread.c.obj (.text.HOSTread)
                  00017670    00000058                : hostwrite.c.obj (.text.HOSTwrite)
                  000176c8    00000058     TExaS.o (.text._Z10TExaS_InitP10ADC12_RegsjPFhvE)
                  00017720    00000056     libclang_rt.builtins.a : aeabi_idivmod.S.obj (.text.__aeabi_idivmod)
                  00017776    00000002                            : aeabi_div0.c.obj (.text.__aeabi_ldiv0)
                  00017778    00000054     Car.o (.text._ZN3Car5shiftEv)
                  000177cc    00000054     libc.a : autoinit.c.obj (.text:__TI_auto_init_nobinit)
                  00017820    00000052            : fflush.c.obj (.text.__TI_doflush)
                  00017872    00000002            : _lock.c.obj (.text._nop)
                  00017874    00000050     libsysbm.a : close.c.obj (.text.close)
                  000178c4    00000048                : hostclose.c.obj (.text.HOSTclose)
                  0001790c    00000048                : hostunlink.c.obj (.text.HOSTunlink)
                  00017954    00000048     SPI.o (.text._Z14SPI_OutCommandc)
                  0001799c    00000040     TExaS.o (.text.TIMG7_IRQHandler)
                  000179dc    00000040     SPI.o (.text._Z9SPI_Resetv)
                  00017a1c    00000040     libclang_rt.builtins.a : aeabi_uidivmod.S.obj (.text.__aeabi_uidivmod)
                  00017a5c    00000040     libc.a : fopen.c.obj (.text._search_fp)
                  00017a9c    0000003e     libclang_rt.builtins.a : divmoddi4.c.obj (.text.__divmoddi4)
                  00017ada    00000002     --HOLE-- [fill = 0]
                  00017adc    0000003c     Car.o (.text._ZN3CarC2Ev)
                  00017b18    0000003a     libclang_rt.builtins.a : muldsi3.S.obj (.text.__muldsi3)
                  00017b52    00000002     --HOLE-- [fill = 0]
                  00017b54    00000038     SPI.o (.text._Z11SPI_OutDatac)
                  00017b8c    00000038     LaunchPad.o (.text._Z15ActivatePortA_Bv)
                  00017bc4    00000034     ST7735.o (.text._Z12ST7735_writeiPKcj)
                  00017bf8    00000034     Clock.o (.text._Z14Clock_Delay1msj)
                  00017c2c    00000034     ST7735.o (.text._Z16ST7735_SetCursorjj)
                  00017c60    00000034     LED.o (.text._Z8LED_Initv)
                  00017c94    00000034     libc.a : fopen.c.obj (.text.__TI_cleanup)
                  00017cc8    00000034     libsysbm.a : trgmsg.c.obj (.text.__TI_readmsg)
                  00017cfc    00000034                : trgmsg.c.obj (.text.__TI_writemsg)
                  00017d30    00000034     libc.a : exit.c.obj (.text.exit)
                  00017d64    00000034            : getdevice.c.obj (.text.finddevice)
                  00017d98    00000034            : fopen.c.obj (.text.freopen)
                  00017dcc    00000030     ST7735.o (.text._ZL10commonInitPKh)
                  00017dfc    00000030     Car.o (.text._ZN3Car9Set_ModelE4Make)
                  00017e2c    00000030     libc.a : fopen.c.obj (.text.fopen)
                  00017e5c    0000002c     ST7735.o (.text._Z17ST7735_FillScreent)
                  00017e88    0000002c     libsysbm.a : unlink.c.obj (.text.unlink)
                  00017eb4    0000002a     SlidePot.o (.text._ZN8SlidePotC2Ejjb)
                  00017ede    00000002     --HOLE-- [fill = 0]
                  00017ee0    00000028     Switch.o (.text._Z11Switch_Initv)
                  00017f08    00000028     TExaS.o (.text._Z9ADC_StartP10ADC12_Regs)
                  00017f30    00000028     libc.a : memory.c.obj (.text.free_list_insert)
                  00017f58    00000028     libsysbm.a : write.c.obj (.text.write)
                  00017f80    00000028     libc.a : boot_cortex_m.c.obj (.text:_c_int00_noargs)
                  00017fa8    00000026     Car.o (.text._ZN3Car5ResetEv)
                  00017fce    00000002     --HOLE-- [fill = 0]
                  00017fd0    00000024     libclang_rt.builtins.a : muldi3.S.obj (.text.__muldi3)
                  00017ff4    00000020     SlidePot.o (.text._ZN8SlidePot4SyncEv)
                  00018014    00000020     SlidePot.o (.text._ZN8SlidePotC2Ejj)
                  00018034    0000001e     ST7735.o (.text._ZL9pushColort)
                  00018052    00000002     --HOLE-- [fill = 0]
                  00018054    0000001e     libclang_rt.builtins.a : ashldi3.S.obj (.text.__ashldi3)
                  00018072    00000002     --HOLE-- [fill = 0]
                  00018074    0000001c     startup_mspm0g3507_ticlang.o (.text.Default_Handler)
                  00018090    0000001c     startup_mspm0g3507_ticlang.o (.text.HardFault_Handler)
                  000180ac    0000001c     libc.a : memory.c.obj (.text.free_list_remove)
                  000180c8    0000001a     Car.o (.text._ZN3Car7Set_PosEjj)
                  000180e2    00000002     --HOLE-- [fill = 0]
                  000180e4    00000018     Lab9HMain.o (.text.__cxx_global_var_init.1)
                  000180fc    00000018     Lab9HMain.o (.text.__cxx_global_var_init)
                  00018114    00000016     ST7735.o (.text._Z11ST7735_openPKcji)
                  0001812a    00000016     ST7735.o (.text._Z11ST7735_readiPcj)
                  00018140    00000016     libc.a : copy_zero_init.c.obj (.text:decompress:ZI:__TI_zero_init_nomemset)
                  00018156    00000014     SlidePot.o (.text._ZN8SlidePot4SaveEj)
                  0001816a    00000002     --HOLE-- [fill = 0]
                  0001816c    00000014     libclang_rt.builtins.a : aeabi_ldivmod.S.obj (.text.__aeabi_ldivmod)
                  00018180    00000012     libc.a : memcpy16.S.obj (.text:TI_memcpy_small)
                  00018192    00000012            : copy_decompress_none.c.obj (.text:decompress:none)
                  000181a4    00000010     Lab9HMain.o (.text._GLOBAL__sub_I_Lab9HMain.cpp)
                  000181b4    00000010     Clock.o (.text._Z11Clock_Delayj)
                  000181c4    00000010     Lab9HMain.o (.text._Z28TExaS_LaunchPadLogicPB27PB26v)
                  000181d4    00000010     Car.o (.text._ZN3Car5Get_xEv)
                  000181e4    00000010     Car.o (.text._ZN3Car5Get_yEv)
                  000181f4    00000010     Lab9HMain.o (.text.__cxx_global_var_init.2)
                  00018204    0000000e     libc.a : memory.c.obj (.text.OUTLINED_FUNCTION_0)
                  00018212    0000000e     ST7735.o (.text._Z12ST7735_lseekili)
                  00018220    0000000e     libsysbm.a : hostrename.c.obj (.text.strcpy)
                  0001822e    0000000e                : hostrename.c.obj (.text.strlen)
                  0001823c    0000000e     libc.a : memset16.S.obj (.text:TI_memset_small)
                  0001824a    0000000c     ST7735.o (.text._Z13ST7735_renamePKcS0_)
                  00018256    00000002     --HOLE-- [fill = 0]
                  00018258    0000000c     libclang_rt.builtins.a : aeabi_memset.S.obj (.text.__aeabi_memclr)
                  00018264    0000000c     libc.a : memory.c.obj (.text.malloc)
                  00018270    0000000a     ST7735.o (.text._Z12ST7735_closei)
                  0001827a    0000000a     ST7735.o (.text._Z13ST7735_unlinkPKc)
                  00018284    0000000a     Lab9HMain.o (.text._Z8PLL_Initv)
                  0001828e    00000002     --HOLE-- [fill = 0]
                  00018290    00000008     libclang_rt.builtins.a : aeabi_memcpy.S.obj (.text.__aeabi_memcpy)
                  00018298    00000008     libsysbm.a : remove.c.obj (.text.remove)
                  000182a0    00000006     libc.a : exit.c.obj (.text:abort)
                  000182a6    00000004     libsysbm.a : hostexit.c.obj (.text.HOSTexit)
                  000182aa    00000004     startup_mspm0g3507_ticlang.o (.text.Reset_Handler)
                  000182ae    00000004     libc.a : pre_init.c.obj (.text._system_pre_init)
                  000182b2    0000000e     --HOLE-- [fill = 0]

.cinit     0    000182c0    000000a8     
                  000182c0    00000080     (.cinit..data.load) [load image, compression = lzss]
                  00018340    0000000c     (__TI_handler_table)
                  0001834c    00000008     (.cinit..bss.load) [load image, compression = zero_init]
                  00018354    00000010     (__TI_cinit_table)
                  00018364    00000004     --HOLE-- [fill = 0]

.rodata    0    000000c0    00015038     
                  000000c0    0000a000     Lab9HMain.o (.rodata._ZL4T1_2)
                  0000a0c0    0000a000     Lab9HMain.o (.rodata._ZL6T17_20)
                  000140c0    000004fb     ST7735.o (.rodata._ZL4Font)
                  000145bb    00000001     --HOLE-- [fill = 0]
                  000145bc    000002d0     Car.o (.rodata._ZL9sin_table)
                  0001488c    00000190     Car.o (.rodata._ZL5lotus)
                  00014a1c    00000188     Car.o (.rodata._ZL8BlueBall)
                  00014ba4    00000188     Lab9HMain.o (.rodata._ZL8BlueBall)
                  00014d2c    000000c0     Car.o (.rodata._ZL11exige_gear1)
                  00014dec    000000c0     Car.o (.rodata._ZL11exige_gear2)
                  00014eac    00000060     Car.o (.rodata._ZL11exige_gear3)
                  00014f0c    00000060     Car.o (.rodata._ZL11exige_gear4)
                  00014f6c    00000060     Car.o (.rodata._ZL11exige_gear5)
                  00014fcc    00000060     Car.o (.rodata._ZL11exige_gear6)
                  0001502c    0000003b     ST7735.o (.rodata._ZL5Rcmd1)
                  00015067    0000002b     ST7735.o (.rodata._ZL5Rcmd3)
                  00015092    00000002     ST7735.o (.rodata.str1.18358205720993799461.1)
                  00015094    00000018     Lab9HMain.o (.rodata._ZL5track)
                  000150ac    00000016     ST7735.o (.rodata.str1.14736978382213673245.1)
                  000150c2    0000000d     ST7735.o (.rodata._ZL10Rcmd2green)
                  000150cf    0000000d     ST7735.o (.rodata._ZL8Rcmd2red)
                  000150dc    00000008     ST7735.o (.rodata.str1.7209918599617305731.1)
                  000150e4    00000007     ST7735.o (.rodata.str1.10208736415454880443.1)
                  000150eb    00000007     ST7735.o (.rodata.str1.8723687351022562626.1)
                  000150f2    00000006     --HOLE-- [fill = 0]

.init_array 
*          0    000150f8    00000008     
                  000150f8    00000004     Lab9HMain.o (.init_array)
                  000150fc    00000004     --HOLE-- [fill = 0]

.data      0    20200000    00000291     UNINITIALIZED
                  20200000    000000f0     libc.a : defs.c.obj (.data._ftable)
                  202000f0    00000078     libsysbm.a : host_device.c.obj (.data._device)
                  20200168    00000050                : host_device.c.obj (.data._stream)
                  202001b8    00000030     Car.o (.data.maps)
                  202001e8    0000002c     Lab9HMain.o (.data.racecar)
                  20200214    00000018     Lab9HMain.o (.data.Sensor)
                  2020022c    00000018     Lab9HMain.o (.data.Sensor_Acc)
                  20200244    0000000c     Car.o (.data.images)
                  20200250    00000008     libc.a : exit.c.obj (.data..L_MergedGlobals)
                  20200258    00000004     Clock.o (.data.BusFreq)
                  2020025c    00000004     ST7735.o (.data.StX)
                  20200260    00000004     ST7735.o (.data.StY)
                  20200264    00000004     libc.a : defs.c.obj (.data.__TI_ft_end)
                  20200268    00000004            : _lock.c.obj (.data._lock)
                  2020026c    00000004            : _lock.c.obj (.data._unlock)
                  20200270    00000004     Lab9HMain.o (.data.current_bg)
                  20200274    00000004     Lab9HMain.o (.data.o)
                  20200278    00000004     Lab9HMain.o (.data.os)
                  2020027c    00000004     Lab9HMain.o (.data.prev_sout)
                  20200280    00000002     ST7735.o (.data.StTextColor)
                  20200282    00000002     ST7735.o (.data._ZL6_width)
                  20200284    00000002     ST7735.o (.data._ZL7_height)
                  20200286    00000001     Lab9HMain.o (.data.pause_flag)
                  20200287    00000001     Lab9HMain.o (.data.track_idx)
                  20200288    00000001     libsysbm.a : add_device.c.obj (.data.add_device.device_init)
                  20200289    00000003     --HOLE--
                  2020028c    00000001     libc.a : memory.c.obj (.data.memory_is_initialized)
                  2020028d    00000003     --HOLE--
                  20200290    00000001     libsysbm.a : open.c.obj (.data.open.stream_init)

.sysmem    0    20200298    00000200     UNINITIALIZED
                  20200298    00000010     libc.a : memory.c.obj (.sysmem)
                  202002a8    000001f0     --HOLE--

.bss       0    20200498    000001d7     UNINITIALIZED
                  20200498    00000120     libsysbm.a : trgmsg.c.obj (.bss:_CIOBUF_)
                  202005b8    000000a0     libc.a : defs.c.obj (.bss.__TI_tmpnams)
                  20200658    00000008     libsysbm.a : hostopen.c.obj (.bss.parmbuf)
                  20200660    00000004     TExaS.o (.bss.TExaSLogic)
                  20200664    00000004     TExaS.o (.bss.TExaSadc)
                  20200668    00000004     libc.a : memory.c.obj (.bss.sys_free)
                  2020066c    00000001     ST7735.o (.bss._ZL8ColStart)
                  2020066d    00000001     ST7735.o (.bss._ZL8RowStart)
                  2020066e    00000001     ST7735.o (.bss._ZL8TabColor)

.stack     0    20207e00    00000200     UNINITIALIZED
                  20207e00    00000004     libc.a : boot_cortex_m.c.obj (.stack)
                  20207e04    000001fc     --HOLE--

__llvm_prf_cnts 
*          0    20200000    00000000     UNINITIALIZED

__llvm_prf_bits 
*          0    20200000    00000000     UNINITIALIZED

MODULE SUMMARY

       Module                         code    ro data   rw data
       ------                         ----    -------   -------
    .\
       Lab9HMain.o                    1312    82340     110    
       ST7735.o                       2602    1449      17     
       Car.o                          1688    2280      60     
       TExaS.o                        720     0         8      
       SlidePot.o                     526     0         0      
       Clock.o                        516     0         4      
       SPI.o                          440     0         0      
       Timer.o                        316     0         0      
       LaunchPad.o                    180     0         0      
       LED.o                          52      0         0      
       Switch.o                       40      0         0      
       Sound.o                        4       0         0      
    +--+------------------------------+-------+---------+---------+
       Total:                         8396    86069     199    
                                                               
    .\ticlang\
       startup_mspm0g3507_ticlang.o   60      192       0      
    +--+------------------------------+-------+---------+---------+
       Total:                         60      192       0      
                                                               
    C:\ti\ccs2040\ccs\tools\compiler\ti-cgt-armllvm_4.0.4.LTS\lib\armv6m-ti-none-eabi/c/libc.a
       memory.c.obj                   702     0         5      
       fopen.c.obj                    556     0         0      
       defs.c.obj                     0       0         404    
       setvbuf.c.obj                  224     0         0      
       getdevice.c.obj                160     0         0      
       strcmp-armv6m.S.obj            136     0         0      
       copy_decompress_lzss.c.obj     124     0         0      
       fclose.c.obj                   124     0         0      
       autoinit.c.obj                 84      0         0      
       fflush.c.obj                   82      0         0      
       exit.c.obj                     58      0         8      
       boot_cortex_m.c.obj            40      0         0      
       copy_zero_init.c.obj           22      0         0      
       copy_decompress_none.c.obj     18      0         0      
       memcpy16.S.obj                 18      0         0      
       memset16.S.obj                 14      0         0      
       _lock.c.obj                    2       0         8      
       pre_init.c.obj                 4       0         0      
    +--+------------------------------+-------+---------+---------+
       Total:                         2368    0         425    
                                                               
    C:\ti\ccs2040\ccs\tools\compiler\ti-cgt-armllvm_4.0.4.LTS\lib\armv6m-ti-none-eabi/c/libsysbm.a
       trgmsg.c.obj                   104     0         288    
       add_device.c.obj               236     0         1      
       host_device.c.obj              0       0         200    
       open.c.obj                     160     0         1      
       hostrename.c.obj               136     0         0      
       hostlseek.c.obj                108     0         0      
       hostopen.c.obj                 96      0         8      
       hostread.c.obj                 88      0         0      
       hostwrite.c.obj                88      0         0      
       close.c.obj                    80      0         0      
       hostclose.c.obj                72      0         0      
       hostunlink.c.obj               72      0         0      
       unlink.c.obj                   44      0         0      
       write.c.obj                    40      0         0      
       remove.c.obj                   8       0         0      
       hostexit.c.obj                 4       0         0      
    +--+------------------------------+-------+---------+---------+
       Total:                         1336    0         498    
                                                               
    C:\ti\ccs2040\ccs\tools\compiler\ti-cgt-armllvm_4.0.4.LTS\lib\armv6m-ti-none-eabi/libclang_rt.builtins.a
       udivmoddi4.S.obj               162     0         0      
       aeabi_idivmod.S.obj            86      0         0      
       aeabi_uidivmod.S.obj           64      0         0      
       divmoddi4.c.obj                62      0         0      
       muldsi3.S.obj                  58      0         0      
       muldi3.S.obj                   36      0         0      
       ashldi3.S.obj                  30      0         0      
       aeabi_ldivmod.S.obj            20      0         0      
       aeabi_memset.S.obj             12      0         0      
       aeabi_memcpy.S.obj             8       0         0      
       aeabi_div0.c.obj               4       0         0      
    +--+------------------------------+-------+---------+---------+
       Total:                         542     0         0      
                                                               
       Heap:                          0       0         512    
       Stack:                         0       0         512    
       Linker Generated:              0       164       0      
    +--+------------------------------+-------+---------+---------+
       Grand Total:                   12702   86425     2146   


LINKER GENERATED COPY TABLES

__TI_cinit_table @ 00018354 records: 2, size/record: 8, table size: 16
	.data: load addr=000182c0, load size=00000080 bytes, run addr=20200000, run size=00000291 bytes, compression=lzss
	.bss: load addr=0001834c, load size=00000008 bytes, run addr=20200498, run size=000001d7 bytes, compression=zero_init


LINKER GENERATED HANDLER TABLE

__TI_handler_table @ 00018340 records: 3, size/record: 4, table size: 12
	index: 0, handler: __TI_decompress_lzss
	index: 1, handler: __TI_decompress_none
	index: 2, handler: __TI_zero_init


GLOBAL SYMBOLS: SORTED ALPHABETICALLY BY Name 

address   name                             
-------   ----                             
00018075  ADC0_IRQHandler                  
00018075  ADC1_IRQHandler                  
00018075  AES_IRQHandler                   
20200258  BusFreq                          
000182a6  C$$EXIT                          
00017d29  C$$IO$$                          
00018075  CANFD0_IRQHandler                
00018075  DAC0_IRQHandler                  
00018075  DMA_IRQHandler                   
00018075  Default_Handler                  
00018075  GROUP0_IRQHandler                
00018075  GROUP1_IRQHandler                
000178c5  HOSTclose                        
000182a7  HOSTexit                         
00017411  HOSTlseek                        
000175b9  HOSTopen                         
00017619  HOSTread                         
0001747d  HOSTrename                       
0001790d  HOSTunlink                       
00017671  HOSTwrite                        
00018091  HardFault_Handler                
00018075  I2C0_IRQHandler                  
00018075  I2C1_IRQHandler                  
00018075  NMI_Handler                      
00018075  PendSV_Handler                   
00018075  RTC_IRQHandler                   
000182ab  Reset_Handler                    
000150f8  SHT$$INIT_ARRAY$$Base            
000150fc  SHT$$INIT_ARRAY$$Limit           
00018075  SPI0_IRQHandler                  
00018075  SPI1_IRQHandler                  
00018075  SVC_Handler                      
20200214  Sensor                           
2020022c  Sensor_Acc                       
20200280  StTextColor                      
2020025c  StX                              
20200260  StY                              
00016b93  SysTick_Handler                  
20200660  TExaSLogic                       
20200664  TExaSadc                         
00018075  TIMA0_IRQHandler                 
00018075  TIMA1_IRQHandler                 
00018075  TIMG0_IRQHandler                 
00016125  TIMG12_IRQHandler                
00018075  TIMG6_IRQHandler                 
0001799d  TIMG7_IRQHandler                 
00018075  TIMG8_IRQHandler                 
00018181  TI_memcpy_small                  
0001823d  TI_memset_small                  
00018075  UART0_IRQHandler                 
00018075  UART1_IRQHandler                 
00018075  UART2_IRQHandler                 
00018075  UART3_IRQHandler                 
20200498  _CIOBUF_                         
00017115  _Z10Clock_Freqv                  
00016cdf  _Z10Sound_Initv                  
000176c9  _Z10TExaS_InitP10ADC12_RegsjPFhvE
000181b5  _Z11Clock_Delayj                 
00017b55  _Z11SPI_OutDatac                 
00018115  _Z11ST7735_openPKcji             
0001812b  _Z11ST7735_readiPcj              
00017ee1  _Z11Switch_Initv                 
00016f61  _Z12ST7735_InitR10initRFlags     
00018271  _Z12ST7735_closei                
00018213  _Z12ST7735_lseekili              
00017bc5  _Z12ST7735_writeiPKcj            
0001824b  _Z13ST7735_renamePKcS0_          
0001827b  _Z13ST7735_unlinkPKc             
00017bf9  _Z14Clock_Delay1msj              
0001722d  _Z14LaunchPad_Initv              
00017955  _Z14SPI_OutCommandc              
00016891  _Z14ST7735_OutCharc              
00016b95  _Z14TimerG7_IntArmtjj            
00017b8d  _Z15ActivatePortA_Bv             
000157e1  _Z15Clock_Init80MHzi             
00015ef9  _Z15ST7735_FillRectsssst         
00016ff9  _Z15TimerG12_IntArmjj            
00015995  _Z16ST7735_DrawCharSsscssh       
000173a1  _Z16ST7735_DrawPixelsst          
00017c2d  _Z16ST7735_SetCursorjj           
00015405  _Z17ST7735_DrawBitmapssPKtss     
000171a9  _Z17ST7735_DrawStringttPcs       
00017e5d  _Z17ST7735_FillScreent           
00016d85  _Z17ST7735_InitPrintf10initRFlags
000181c5  _Z28TExaS_LaunchPadLogicPB27PB26v
00015dd1  _Z8ADC_InitP10ADC12_Regsjj       
00017c61  _Z8LED_Initv                     
00018285  _Z8PLL_Initv                     
00016229  _Z8SPI_Initv                     
00017f09  _Z9ADC_StartP10ADC12_Regs        
00016ae5  _Z9Erase_CarssPKt                
000179dd  _Z9SPI_Resetv                    
00016501  _Z9UART_Initv                    
00016a31  _ZN3Car15Update_PositionEjj      
00015c89  _ZN3Car15Update_VelocityEj       
000181d5  _ZN3Car5Get_xEv                  
000181e5  _ZN3Car5Get_yEv                  
00017fa9  _ZN3Car5ResetEv                  
00017779  _ZN3Car5shiftEv                  
000180c9  _ZN3Car7Set_PosEjj               
000166d1  _ZN3Car8Draw_CarEssPKtS1_        
00015615  _ZN3Car8calc_rpmEj               
00016961  _ZN3Car9Set_AngleEj              
00017dfd  _ZN3Car9Set_ModelE4Make          
00017add  _ZN3CarC1Ev                      
00017add  _ZN3CarC2Ev                      
00016ec5  _ZN8SlidePot2InEv                
00016321  _ZN8SlidePot4InitEv              
00018157  _ZN8SlidePot4SaveEj              
00017ff5  _ZN8SlidePot4SyncEv              
00018015  _ZN8SlidePotC1Ejj                
00017eb5  _ZN8SlidePotC1Ejjb               
00018015  _ZN8SlidePotC2Ejj                
00017eb5  _ZN8SlidePotC2Ejjb               
20200498  __CIOBUF_                        
20208000  __STACK_END                      
00000200  __STACK_SIZE                     
00000200  __SYSMEM_SIZE                    
00000000  __TI_ATRegion0_region_sz         
00000000  __TI_ATRegion0_src_addr          
00000000  __TI_ATRegion0_trg_addr          
00000000  __TI_ATRegion1_region_sz         
00000000  __TI_ATRegion1_src_addr          
00000000  __TI_ATRegion1_trg_addr          
00000000  __TI_ATRegion2_region_sz         
00000000  __TI_ATRegion2_src_addr          
00000000  __TI_ATRegion2_trg_addr          
00018354  __TI_CINIT_Base                  
00018364  __TI_CINIT_Limit                 
00018364  __TI_CINIT_Warm                  
00018340  __TI_Handler_Table_Base          
0001834c  __TI_Handler_Table_Limit         
000177cd  __TI_auto_init_nobinit           
00017c95  __TI_cleanup                     
20200250  __TI_cleanup_ptr                 
000172a9  __TI_closefile                   
00017325  __TI_decompress_lzss             
00018193  __TI_decompress_none             
00017821  __TI_doflush                     
20200254  __TI_dtors_ptr                   
20200264  __TI_ft_end                      
ffffffff  __TI_pprof_out_hndl              
ffffffff  __TI_prof_data_size              
ffffffff  __TI_prof_data_start             
00017cc9  __TI_readmsg                     
00000000  __TI_static_base__               
202005b8  __TI_tmpnams                     
00017cfd  __TI_writemsg                    
00018141  __TI_zero_init_nomemset          
00017721  __aeabi_idiv                     
00016d83  __aeabi_idiv0                    
00017721  __aeabi_idivmod                  
00017777  __aeabi_ldiv0                    
0001816d  __aeabi_ldivmod                  
00018055  __aeabi_llsl                     
00017fd1  __aeabi_lmul                     
00018259  __aeabi_memclr                   
00018259  __aeabi_memclr4                  
00018259  __aeabi_memclr8                  
00018291  __aeabi_memcpy                   
00018291  __aeabi_memcpy4                  
00018291  __aeabi_memcpy8                  
00017a1d  __aeabi_uidiv                    
00017a1d  __aeabi_uidivmod                 
00018055  __ashldi3                        
ffffffff  __binit__                        
00017a9d  __divmoddi4                      
UNDEFED   __mpu_init                       
00017fd1  __muldi3                         
00017b19  __muldsi3                        
20207e00  __stack                          
20200000  __start___llvm_prf_bits          
20200000  __start___llvm_prf_cnts          
20200000  __stop___llvm_prf_bits           
20200000  __stop___llvm_prf_cnts           
00016ce1  __udivmoddi4                     
00017f81  _c_int00_noargs                  
202000f0  _device                          
20200000  _ftable                          
20200268  _lock                            
00017873  _nop                             
20200168  _stream                          
20200298  _sys_memory                      
UNDEFED   _system_post_cinit               
000182af  _system_pre_init                 
2020026c  _unlock                          
000182a1  abort                            
00016415  add_device                       
00016011  aligned_alloc                    
ffffffff  binit                            
00017875  close                            
20200270  current_bg                       
00017d31  exit                             
00017d65  finddevice                       
00017e2d  fopen                            
000165e9  free                             
00017d99  freopen                          
000174e9  getdevice                        
20200244  images                           
00000000  interruptVectors                 
00015101  main                             
00018265  malloc                           
202001b8  maps                             
00016011  memalign                         
20200274  o                                
00016e25  open                             
20200278  os                               
20200658  parmbuf                          
20200286  pause_flag                       
2020027c  prev_sout                        
202001e8  racecar                          
00018299  remove                           
000167b1  setvbuf                          
00017121  strcmp                           
20200287  track_idx                        
00017e89  unlink                           
00017f59  write                            


GLOBAL SYMBOLS: SORTED BY Symbol Address 

address   name                             
-------   ----                             
00000000  __TI_ATRegion0_region_sz         
00000000  __TI_ATRegion0_src_addr          
00000000  __TI_ATRegion0_trg_addr          
00000000  __TI_ATRegion1_region_sz         
00000000  __TI_ATRegion1_src_addr          
00000000  __TI_ATRegion1_trg_addr          
00000000  __TI_ATRegion2_region_sz         
00000000  __TI_ATRegion2_src_addr          
00000000  __TI_ATRegion2_trg_addr          
00000000  __TI_static_base__               
00000000  interruptVectors                 
00000200  __STACK_SIZE                     
00000200  __SYSMEM_SIZE                    
000150f8  SHT$$INIT_ARRAY$$Base            
000150fc  SHT$$INIT_ARRAY$$Limit           
00015101  main                             
00015405  _Z17ST7735_DrawBitmapssPKtss     
00015615  _ZN3Car8calc_rpmEj               
000157e1  _Z15Clock_Init80MHzi             
00015995  _Z16ST7735_DrawCharSsscssh       
00015c89  _ZN3Car15Update_VelocityEj       
00015dd1  _Z8ADC_InitP10ADC12_Regsjj       
00015ef9  _Z15ST7735_FillRectsssst         
00016011  aligned_alloc                    
00016011  memalign                         
00016125  TIMG12_IRQHandler                
00016229  _Z8SPI_Initv                     
00016321  _ZN8SlidePot4InitEv              
00016415  add_device                       
00016501  _Z9UART_Initv                    
000165e9  free                             
000166d1  _ZN3Car8Draw_CarEssPKtS1_        
000167b1  setvbuf                          
00016891  _Z14ST7735_OutCharc              
00016961  _ZN3Car9Set_AngleEj              
00016a31  _ZN3Car15Update_PositionEjj      
00016ae5  _Z9Erase_CarssPKt                
00016b93  SysTick_Handler                  
00016b95  _Z14TimerG7_IntArmtjj            
00016cdf  _Z10Sound_Initv                  
00016ce1  __udivmoddi4                     
00016d83  __aeabi_idiv0                    
00016d85  _Z17ST7735_InitPrintf10initRFlags
00016e25  open                             
00016ec5  _ZN8SlidePot2InEv                
00016f61  _Z12ST7735_InitR10initRFlags     
00016ff9  _Z15TimerG12_IntArmjj            
00017115  _Z10Clock_Freqv                  
00017121  strcmp                           
000171a9  _Z17ST7735_DrawStringttPcs       
0001722d  _Z14LaunchPad_Initv              
000172a9  __TI_closefile                   
00017325  __TI_decompress_lzss             
000173a1  _Z16ST7735_DrawPixelsst          
00017411  HOSTlseek                        
0001747d  HOSTrename                       
000174e9  getdevice                        
000175b9  HOSTopen                         
00017619  HOSTread                         
00017671  HOSTwrite                        
000176c9  _Z10TExaS_InitP10ADC12_RegsjPFhvE
00017721  __aeabi_idiv                     
00017721  __aeabi_idivmod                  
00017777  __aeabi_ldiv0                    
00017779  _ZN3Car5shiftEv                  
000177cd  __TI_auto_init_nobinit           
00017821  __TI_doflush                     
00017873  _nop                             
00017875  close                            
000178c5  HOSTclose                        
0001790d  HOSTunlink                       
00017955  _Z14SPI_OutCommandc              
0001799d  TIMG7_IRQHandler                 
000179dd  _Z9SPI_Resetv                    
00017a1d  __aeabi_uidiv                    
00017a1d  __aeabi_uidivmod                 
00017a9d  __divmoddi4                      
00017add  _ZN3CarC1Ev                      
00017add  _ZN3CarC2Ev                      
00017b19  __muldsi3                        
00017b55  _Z11SPI_OutDatac                 
00017b8d  _Z15ActivatePortA_Bv             
00017bc5  _Z12ST7735_writeiPKcj            
00017bf9  _Z14Clock_Delay1msj              
00017c2d  _Z16ST7735_SetCursorjj           
00017c61  _Z8LED_Initv                     
00017c95  __TI_cleanup                     
00017cc9  __TI_readmsg                     
00017cfd  __TI_writemsg                    
00017d29  C$$IO$$                          
00017d31  exit                             
00017d65  finddevice                       
00017d99  freopen                          
00017dfd  _ZN3Car9Set_ModelE4Make          
00017e2d  fopen                            
00017e5d  _Z17ST7735_FillScreent           
00017e89  unlink                           
00017eb5  _ZN8SlidePotC1Ejjb               
00017eb5  _ZN8SlidePotC2Ejjb               
00017ee1  _Z11Switch_Initv                 
00017f09  _Z9ADC_StartP10ADC12_Regs        
00017f59  write                            
00017f81  _c_int00_noargs                  
00017fa9  _ZN3Car5ResetEv                  
00017fd1  __aeabi_lmul                     
00017fd1  __muldi3                         
00017ff5  _ZN8SlidePot4SyncEv              
00018015  _ZN8SlidePotC1Ejj                
00018015  _ZN8SlidePotC2Ejj                
00018055  __aeabi_llsl                     
00018055  __ashldi3                        
00018075  ADC0_IRQHandler                  
00018075  ADC1_IRQHandler                  
00018075  AES_IRQHandler                   
00018075  CANFD0_IRQHandler                
00018075  DAC0_IRQHandler                  
00018075  DMA_IRQHandler                   
00018075  Default_Handler                  
00018075  GROUP0_IRQHandler                
00018075  GROUP1_IRQHandler                
00018075  I2C0_IRQHandler                  
00018075  I2C1_IRQHandler                  
00018075  NMI_Handler                      
00018075  PendSV_Handler                   
00018075  RTC_IRQHandler                   
00018075  SPI0_IRQHandler                  
00018075  SPI1_IRQHandler                  
00018075  SVC_Handler                      
00018075  TIMA0_IRQHandler                 
00018075  TIMA1_IRQHandler                 
00018075  TIMG0_IRQHandler                 
00018075  TIMG6_IRQHandler                 
00018075  TIMG8_IRQHandler                 
00018075  UART0_IRQHandler                 
00018075  UART1_IRQHandler                 
00018075  UART2_IRQHandler                 
00018075  UART3_IRQHandler                 
00018091  HardFault_Handler                
000180c9  _ZN3Car7Set_PosEjj               
00018115  _Z11ST7735_openPKcji             
0001812b  _Z11ST7735_readiPcj              
00018141  __TI_zero_init_nomemset          
00018157  _ZN8SlidePot4SaveEj              
0001816d  __aeabi_ldivmod                  
00018181  TI_memcpy_small                  
00018193  __TI_decompress_none             
000181b5  _Z11Clock_Delayj                 
000181c5  _Z28TExaS_LaunchPadLogicPB27PB26v
000181d5  _ZN3Car5Get_xEv                  
000181e5  _ZN3Car5Get_yEv                  
00018213  _Z12ST7735_lseekili              
0001823d  TI_memset_small                  
0001824b  _Z13ST7735_renamePKcS0_          
00018259  __aeabi_memclr                   
00018259  __aeabi_memclr4                  
00018259  __aeabi_memclr8                  
00018265  malloc                           
00018271  _Z12ST7735_closei                
0001827b  _Z13ST7735_unlinkPKc             
00018285  _Z8PLL_Initv                     
00018291  __aeabi_memcpy                   
00018291  __aeabi_memcpy4                  
00018291  __aeabi_memcpy8                  
00018299  remove                           
000182a1  abort                            
000182a6  C$$EXIT                          
000182a7  HOSTexit                         
000182ab  Reset_Handler                    
000182af  _system_pre_init                 
00018340  __TI_Handler_Table_Base          
0001834c  __TI_Handler_Table_Limit         
00018354  __TI_CINIT_Base                  
00018364  __TI_CINIT_Limit                 
00018364  __TI_CINIT_Warm                  
20200000  __start___llvm_prf_bits          
20200000  __start___llvm_prf_cnts          
20200000  __stop___llvm_prf_bits           
20200000  __stop___llvm_prf_cnts           
20200000  _ftable                          
202000f0  _device                          
20200168  _stream                          
202001b8  maps                             
202001e8  racecar                          
20200214  Sensor                           
2020022c  Sensor_Acc                       
20200244  images                           
20200250  __TI_cleanup_ptr                 
20200254  __TI_dtors_ptr                   
20200258  BusFreq                          
2020025c  StX                              
20200260  StY                              
20200264  __TI_ft_end                      
20200268  _lock                            
2020026c  _unlock                          
20200270  current_bg                       
20200274  o                                
20200278  os                               
2020027c  prev_sout                        
20200280  StTextColor                      
20200286  pause_flag                       
20200287  track_idx                        
20200298  _sys_memory                      
20200498  _CIOBUF_                         
20200498  __CIOBUF_                        
202005b8  __TI_tmpnams                     
20200658  parmbuf                          
20200660  TExaSLogic                       
20200664  TExaSadc                         
20207e00  __stack                          
20208000  __STACK_END                      
ffffffff  __TI_pprof_out_hndl              
ffffffff  __TI_prof_data_size              
ffffffff  __TI_prof_data_start             
ffffffff  __binit__                        
ffffffff  binit                            
UNDEFED   __mpu_init                       
UNDEFED   _system_post_cinit               

[217 symbols]
