******************************************************************************
            TI ARM Clang Linker PC v4.0.4                      
******************************************************************************
>> Linked Thu Apr 23 03:26:13 2026

OUTPUT FILE NAME:   <ECE319K_Lab9H.out>
ENTRY POINT SYMBOL: "_c_int00_noargs"  address: 00006ded


MEMORY CONFIGURATION

         name            origin    length      used     unused   attr    fill
----------------------  --------  ---------  --------  --------  ----  --------
  FLASH                 00000000   00020000  0000dd08  000122f8  R  X
  SRAM                  20200000   00008000  00000abb  00007545  RW X
  BCR_CONFIG            41c00000   00000080  00000000  00000080  R   
  BSL_CONFIG            41c00100   00000080  00000000  00000080  R   


SEGMENT ALLOCATION MAP

run origin  load origin   length   init length attrs members
----------  ----------- ---------- ----------- ----- -------
00000000    00000000    0000dd08   0000dd08    r-x
  00000000    00000000    000000c0   000000c0    r-- .intvecs
  000000c0    000000c0    000071b0   000071b0    r-x .text
  00007270    00007270    000069e8   000069e8    r-- .rodata
  0000dc58    0000dc58    00000008   00000008    r-- .init_array
  0000dc60    0000dc60    000000a8   000000a8    r-- .cinit
20200000    20200000    000008c0   00000000    rw-
  20200000    20200000    000004b9   00000000    rw- .data
  202004bc    202004bc    00000202   00000000    rw- .bss
  202006c0    202006c0    00000200   00000000    rw- .sysmem
20207e00    20207e00    00000200   00000000    rw-
  20207e00    20207e00    00000200   00000000    rw- .stack


SECTION ALLOCATION MAP

 output                                  attributes/
section   page    origin      length       input sections
--------  ----  ----------  ----------   ----------------
.intvecs   0    00000000    000000c0     
                  00000000    000000c0     startup_mspm0g3507_ticlang.o (.intvecs)

.binit     0    00000000    00000000     

.text      0    000000c0    000071b0     
                  000000c0    00000598     ff.o (.text._ZL11find_volumePP5FATFSPPKch)
                  00000658    0000036c     track.o (.text._Z15Display_Segment12TrackSegmentR3CarPsS2_)
                  000009c4    00000318     ff.o (.text._ZL11create_nameP3DIRPPKc)
                  00000cdc    000002d8     Lab9HMain.o (.text.main)
                  00000fb4    000002b8     diskio.o (.text.disk_ioctl)
                  0000126c    000002a4     ff.o (.text.f_lseek)
                  00001510    00000298     ff.o (.text.f_read)
                  000017a8    00000270     ff.o (.text.f_open)
                  00001a18    00000228     diskio.o (.text.disk_initialize)
                  00001c40    00000210     ST7735_SDC.o (.text._Z17ST7735_DrawBitmapssPKtss)
                  00001e50    000001d0     ff.o (.text._Z7put_fatP5FATFSmm)
                  00002020    000001cc     ff.o (.text._ZL8dir_nextP3DIRi)
                  000021ec    000001cc     Car.o (.text._ZN3Car8calc_rpmEj)
                  000023b8    000001c4     Car.o (.text._ZN3Car15Update_VelocityEj)
                  0000257c    000001bc     track.o (.text._Z10Update_CarssssPKtPKc)
                  00002738    000001b4     Clock.o (.text.Clock_Init80MHz)
                  000028ec    000001b0     StartScreen.o (.text._ZL18DrawLanguageSelecth)
                  00002a9c    000001a0     ST7735_SDC.o (.text._Z16ST7735_DrawCharSsscssh)
                  00002c3c    0000016c     ff.o (.text._ZL12create_chainP5FATFSm)
                  00002da8    00000158     ff.o (.text._Z7get_fatP5FATFSm)
                  00002f00    00000154     libc.a : fopen.c.obj (.text._openfile)
                  00003054    00000144     ff.o (.text._ZL7sync_fsP5FATFS)
                  00003198    00000140     diskio.o (.text._Z9SPI1_Initv)
                  000032d8    00000134     Lab9HMain.o (.text.TIMG12_IRQHandler)
                  0000340c    0000012c     SDImage.o (.text._Z12SDImage_Initv)
                  00003538    00000128     TExaS.o (.text._Z8ADC_InitP10ADC12_Regsjj)
                  00003660    00000126     diskio.o (.text._ZL8send_cmdhm)
                  00003786    00000124     ff.o (.text._ZL7dir_sdiP3DIRj)
                  000038aa    00000120     ff.o (.text._ZL11follow_pathP3DIRPKc)
                  000039ca    00000002     libclang_rt.builtins.a : aeabi_div0.c.obj (.text.__aeabi_idiv0)
                  000039cc    00000118     ST7735_SDC.o (.text._Z15ST7735_FillRectsssst)
                  00003ae4    00000118     diskio.o (.text.disk_write)
                  00003bfc    00000114     libc.a : memory.c.obj (.text.aligned_alloc)
                  00003d10    00000114     ff.o (.text.f_sync)
                  00003e24    00000104     StartScreen.o (.text._ZL10DrawSplashv)
                  00003f28    000000fa     SDImage.o (.text._Z12SDImage_DrawPKcss)
                  00004022    00000002     libclang_rt.builtins.a : aeabi_div0.c.obj (.text.__aeabi_ldiv0)
                  00004024    000000f4     SlidePot.o (.text._ZN8SlidePot4InitEv)
                  00004118    000000ec     libsysbm.a : add_device.c.obj (.text.add_device)
                  00004204    000000e8     TExaS.o (.text._Z9UART_Initv)
                  000042ec    000000e8     StartScreen.o (.text._ZL11UpdateArrowh)
                  000043d4    000000e8     libc.a : memory.c.obj (.text.free)
                  000044bc    000000e4     diskio.o (.text.disk_read)
                  000045a0    000000e0     libc.a : setvbuf.c.obj (.text.setvbuf)
                  00004680    000000d8     Car.o (.text._ZN3Car15Update_PositionEjj)
                  00004758    000000d0     ST7735_SDC.o (.text._Z14ST7735_OutCharc)
                  00004828    000000c8     Car.o (.text._ZN3Car9Set_AngleEj)
                  000048f0    000000b8     ff.o (.text._ZL12remove_chainP5FATFSm)
                  000049a8    000000b4     Sound.o (.text._Z10Sound_Initv)
                  00004a5c    000000b4     StartScreen.o (.text._Z15StartScreen_RunR8SlidePot)
                  00004b10    000000ae     ff.o (.text._ZL12get_ldnumberPPKc)
                  00004bbe    00000002     libc.a : _lock.c.obj (.text._nop)
                  00004bc0    000000ac     ff.o (.text._ZL8check_fsP5FATFSm)
                  00004c6c    000000a8     Sound.o (.text.SysTick_Handler)
                  00004d14    000000a8     Timer.o (.text._Z14TimerG6_IntArmtjj)
                  00004dbc    000000a8     Timer.o (.text._Z14TimerG7_IntArmtjj)
                  00004e64    000000a6     ff.o (.text._ZL8dir_findP3DIR)
                  00004f0a    000000a2     ST7735_SDC.o (.text._ZL11commandListPKh)
                  00004fac    000000a2     ff.o (.text._ZL9dir_allocP3DIRj)
                  0000504e    00000002     --HOLE-- [fill = 0]
                  00005050    000000a2     libclang_rt.builtins.a : udivmoddi4.S.obj (.text)
                  000050f2    00000002     --HOLE-- [fill = 0]
                  000050f4    000000a0     libsysbm.a : open.c.obj (.text.open)
                  00005194    0000009c     ST7735_SDC.o (.text._Z17ST7735_InitPrintfv)
                  00005230    0000009c     SlidePot.o (.text._ZN8SlidePot2InEv)
                  000052cc    00000098     ST7735_SDC.o (.text._Z12ST7735_InitR10initRFlags)
                  00005364    00000098     ff.o (.text.f_mount)
                  000053fc    00000094     Timer.o (.text._Z15TimerG12_IntArmjj)
                  00005490    0000008e     ff.o (.text._ZL11sync_windowP5FATFS)
                  0000551e    00000002     --HOLE-- [fill = 0]
                  00005520    00000088     ST7735_SDC.o (.text._Z12fillmessage4j)
                  000055a8    00000088     ST7735_SDC.o (.text._ZL13setAddrWindowhhhh)
                  00005630    00000088     libc.a : strcmp-armv6m.S.obj (.text:strcmp)
                  000056b8    00000084     track.o (.text._Z12Display_Timessj)
                  0000573c    00000084     ST7735_SDC.o (.text._Z14ST7735_OutUDecj)
                  000057c0    00000084     ST7735_SDC.o (.text._Z15ST7735_OutUDec4j)
                  00005844    00000084     ST7735_SDC.o (.text._Z17ST7735_DrawStringttPcs)
                  000058c8    0000007c     LaunchPad.o (.text._Z14LaunchPad_Initv)
                  00005944    0000007c     libc.a : fclose.c.obj (.text.__TI_closefile)
                  000059c0    0000007c            : copy_decompress_lzss.c.obj (.text:decompress:lzss)
                  00005a3c    00000078     diskio.o (.text._ZL14rcvr_datablockPhj)
                  00005ab4    00000076     diskio.o (.text._ZL14xmit_datablockPKhh)
                  00005b2a    00000002     --HOLE-- [fill = 0]
                  00005b2c    00000070     ST7735_SDC.o (.text._Z14TFT_OutCommandc)
                  00005b9c    00000070     diskio.o (.text._Z14disk_timerprocv)
                  00005c0c    00000070     ST7735_SDC.o (.text._Z16ST7735_DrawPixelsst)
                  00005c7c    0000006c     libsysbm.a : hostlseek.c.obj (.text.HOSTlseek)
                  00005ce8    0000006c                : hostrename.c.obj (.text.HOSTrename)
                  00005d54    0000006c     ST7735_SDC.o (.text._Z11TFT_OutDatac)
                  00005dc0    0000006c     libc.a : getdevice.c.obj (.text.getdevice)
                  00005e2c    00000068     ff.o (.text._ZL8validatePv)
                  00005e94    00000064     libc.a : memory.c.obj (.text.split)
                  00005ef8    00000062     ff.o (.text._ZL11move_windowP5FATFSm)
                  00005f5a    00000002     --HOLE-- [fill = 0]
                  00005f5c    00000060     libsysbm.a : hostopen.c.obj (.text.HOSTopen)
                  00005fbc    00000060     ff.o (.text._ZL12dir_registerP3DIR)
                  0000601c    00000060     StartScreen.o (.text._ZL13WaitForSwitchv)
                  0000607c    00000058     libsysbm.a : hostread.c.obj (.text.HOSTread)
                  000060d4    00000058                : hostwrite.c.obj (.text.HOSTwrite)
                  0000612c    00000058     TExaS.o (.text._Z10TExaS_InitP10ADC12_RegsjPFhvE)
                  00006184    00000056     libclang_rt.builtins.a : aeabi_idivmod.S.obj (.text.__aeabi_idivmod)
                  000061da    00000002     --HOLE-- [fill = 0]
                  000061dc    00000054     ST7735_SDC.o (.text._Z11fillmessagej)
                  00006230    00000054     ff.o (.text._ZL7mem_cmpPKvS0_j)
                  00006284    00000054     Car.o (.text._ZN3Car5shiftEv)
                  000062d8    00000054     libc.a : autoinit.c.obj (.text:__TI_auto_init_nobinit)
                  0000632c    00000052            : fflush.c.obj (.text.__TI_doflush)
                  0000637e    00000002     --HOLE-- [fill = 0]
                  00006380    00000050     diskio.o (.text._ZL10wait_readyj)
                  000063d0    00000050     diskio.o (.text._ZL14xmit_spi_multiPKhj)
                  00006420    00000050     libsysbm.a : close.c.obj (.text.close)
                  00006470    00000048                : hostclose.c.obj (.text.HOSTclose)
                  000064b8    00000048                : hostunlink.c.obj (.text.HOSTunlink)
                  00006500    00000048     diskio.o (.text._ZL8xchg_spih)
                  00006548    00000044     diskio.o (.text._ZL6selectv)
                  0000658c    00000040     TExaS.o (.text.TIMG7_IRQHandler)
                  000065cc    00000040     Sound.o (.text._Z14SysTick_IntArmjj)
                  0000660c    00000040     SPI.o (.text._Z9SPI_Resetv)
                  0000664c    00000040     ff.o (.text._ZL7chk_chrPKci)
                  0000668c    00000040     libclang_rt.builtins.a : aeabi_uidivmod.S.obj (.text.__aeabi_uidivmod)
                  000066cc    00000040     libc.a : fopen.c.obj (.text._search_fp)
                  0000670c    00000040     ff.o (.text.f_close)
                  0000674c    0000003e     libclang_rt.builtins.a : divmoddi4.c.obj (.text.__divmoddi4)
                  0000678a    00000002     --HOLE-- [fill = 0]
                  0000678c    0000003c     diskio.o (.text._ZL8rcvr_spiv)
                  000067c8    0000003c     Car.o (.text._ZN3CarC2Ev)
                  00006804    0000003a     libclang_rt.builtins.a : muldsi3.S.obj (.text.__muldsi3)
                  0000683e    00000002     --HOLE-- [fill = 0]
                  00006840    00000038     LaunchPad.o (.text._Z15ActivatePortA_Bv)
                  00006878    00000038     diskio.o (.text._ZL8init_spiv)
                  000068b0    00000036     UART.o (.text.UART_OutUDec)
                  000068e6    00000036     ff.o (.text._Z10clust2sectP5FATFSm)
                  0000691c    00000036     ff.o (.text._ZL8ld_clustP5FATFSPh)
                  00006952    00000002     --HOLE-- [fill = 0]
                  00006954    00000034     Clock.o (.text.Clock_Delay1ms)
                  00006988    00000034     ST7735_SDC.o (.text._Z12ST7735_writeiPKcj)
                  000069bc    00000034     ST7735_SDC.o (.text._Z16ST7735_SetCursorjj)
                  000069f0    00000034     LED.o (.text._Z8LED_Initv)
                  00006a24    00000034     ff.o (.text._ZL7mem_cpyPvPKvj)
                  00006a58    00000034     libc.a : fopen.c.obj (.text.__TI_cleanup)
                  00006a8c    00000034     libsysbm.a : trgmsg.c.obj (.text.__TI_readmsg)
                  00006ac0    00000034                : trgmsg.c.obj (.text.__TI_writemsg)
                  00006af4    00000034     libc.a : exit.c.obj (.text.exit)
                  00006b28    00000034            : getdevice.c.obj (.text.finddevice)
                  00006b5c    00000034            : fopen.c.obj (.text.freopen)
                  00006b90    00000030     diskio.o (.text.disk_status)
                  00006bc0    00000030     libc.a : fopen.c.obj (.text.fopen)
                  00006bf0    0000002c     UARTbusywait.o (.text.UART_OutChar)
                  00006c1c    0000002c     Sound.o (.text._Z11Sound_StartPKsj)
                  00006c48    0000002c     ST7735_SDC.o (.text._Z17ST7735_FillScreent)
                  00006c74    0000002c     ST7735_SDC.o (.text._ZL10commonInitPKh)
                  00006ca0    0000002c     diskio.o (.text._ZL14rcvr_spi_multiPhj)
                  00006ccc    0000002c     libsysbm.a : unlink.c.obj (.text.unlink)
                  00006cf8    0000002a     ff.o (.text._ZL7mem_setPvij)
                  00006d22    0000002a     SlidePot.o (.text._ZN8SlidePotC2Ejjb)
                  00006d4c    00000028     TExaS.o (.text._Z9ADC_StartP10ADC12_Regs)
                  00006d74    00000028     Lab9HMain.o (.text.__cxx_global_var_init.4)
                  00006d9c    00000028     libc.a : memory.c.obj (.text.free_list_insert)
                  00006dc4    00000028     libsysbm.a : write.c.obj (.text.write)
                  00006dec    00000028     libc.a : boot_cortex_m.c.obj (.text:_c_int00_noargs)
                  00006e14    00000026     UART.o (.text.UART_OutString)
                  00006e3a    00000026     ST7735_SDC.o (.text._Z16ST7735_OutStringPc)
                  00006e60    00000026     ff.o (.text._ZL8st_clustPhm)
                  00006e86    00000026     Car.o (.text._ZN3Car5ResetEv)
                  00006eac    00000024     diskio.o (.text._Z7CS_Initv)
                  00006ed0    00000024     libclang_rt.builtins.a : muldi3.S.obj (.text.__muldi3)
                  00006ef4    00000020     SlidePot.o (.text._ZN8SlidePot4SyncEv)
                  00006f14    00000020     SlidePot.o (.text._ZN8SlidePotC2Ejj)
                  00006f34    0000001e     ST7735_SDC.o (.text._ZL9pushColort)
                  00006f52    00000002     --HOLE-- [fill = 0]
                  00006f54    0000001e     libclang_rt.builtins.a : ashldi3.S.obj (.text.__ashldi3)
                  00006f72    00000002     --HOLE-- [fill = 0]
                  00006f74    0000001c     startup_mspm0g3507_ticlang.o (.text.Default_Handler)
                  00006f90    0000001c     startup_mspm0g3507_ticlang.o (.text.HardFault_Handler)
                  00006fac    0000001c     libc.a : memory.c.obj (.text.free_list_remove)
                  00006fc8    0000001a     Car.o (.text._ZN3Car7Set_PosEjj)
                  00006fe2    00000002     --HOLE-- [fill = 0]
                  00006fe4    00000018     diskio.o (.text.TIMG6_IRQHandler)
                  00006ffc    00000018     Switch.o (.text._Z11Switch_Initv)
                  00007014    00000018     Switch.o (.text._Z9Switch_Inv)
                  0000702c    00000018     diskio.o (.text._ZL8deselectv)
                  00007044    00000018     Lab9HMain.o (.text.__cxx_global_var_init.1)
                  0000705c    00000018     Lab9HMain.o (.text.__cxx_global_var_init)
                  00007074    00000016     ST7735_SDC.o (.text._Z11ST7735_openPKcji)
                  0000708a    00000016     ST7735_SDC.o (.text._Z11ST7735_readiPcj)
                  000070a0    00000016     libc.a : copy_zero_init.c.obj (.text:decompress:ZI:__TI_zero_init_nomemset)
                  000070b6    00000014     Lab9HMain.o (.text._GLOBAL__sub_I_Lab9HMain.cpp)
                  000070ca    00000002     --HOLE-- [fill = 0]
                  000070cc    00000014     Sound.o (.text._Z15Sound_GameStartv)
                  000070e0    00000014     ST7735_SDC.o (.text._Z19ST7735_SetTextColort)
                  000070f4    00000014     Sound.o (.text._Z22Sound_EngineAcceleratev)
                  00007108    00000014     SlidePot.o (.text._ZN8SlidePot4SaveEj)
                  0000711c    00000014     libclang_rt.builtins.a : aeabi_ldivmod.S.obj (.text.__aeabi_ldivmod)
                  00007130    00000012     libc.a : memcpy16.S.obj (.text:TI_memcpy_small)
                  00007142    00000012            : copy_decompress_none.c.obj (.text:decompress:none)
                  00007154    00000010     Clock.o (.text.Clock_Delay)
                  00007164    00000010     Sound.o (.text._Z15Sound_IsPlayingv)
                  00007174    00000010     Lab9HMain.o (.text._Z28TExaS_LaunchPadLogicPB27PB26v)
                  00007184    00000010     Car.o (.text._ZN3Car5Get_xEv)
                  00007194    00000010     Car.o (.text._ZN3Car5Get_yEv)
                  000071a4    00000010     Lab9HMain.o (.text.__cxx_global_var_init.2)
                  000071b4    0000000e     libc.a : memory.c.obj (.text.OUTLINED_FUNCTION_0)
                  000071c2    0000000e     ST7735_SDC.o (.text._Z12ST7735_lseekili)
                  000071d0    0000000e     libsysbm.a : hostrename.c.obj (.text.strcpy)
                  000071de    0000000e                : hostrename.c.obj (.text.strlen)
                  000071ec    0000000e     libc.a : memset16.S.obj (.text:TI_memset_small)
                  000071fa    00000002     --HOLE-- [fill = 0]
                  000071fc    0000000c     Clock.o (.text.Clock_Freq)
                  00007208    0000000c     ST7735_SDC.o (.text._Z13ST7735_renamePKcS0_)
                  00007214    0000000c     libclang_rt.builtins.a : aeabi_memset.S.obj (.text.__aeabi_memclr)
                  00007220    0000000c     libc.a : memory.c.obj (.text.malloc)
                  0000722c    0000000a     ST7735_SDC.o (.text._Z12ST7735_closei)
                  00007236    0000000a     ST7735_SDC.o (.text._Z13ST7735_unlinkPKc)
                  00007240    0000000a     Lab9HMain.o (.text._Z8PLL_Initv)
                  0000724a    00000002     --HOLE-- [fill = 0]
                  0000724c    00000008     libclang_rt.builtins.a : aeabi_memcpy.S.obj (.text.__aeabi_memcpy)
                  00007254    00000008     libsysbm.a : remove.c.obj (.text.remove)
                  0000725c    00000006     libc.a : exit.c.obj (.text:abort)
                  00007262    00000004     libsysbm.a : hostexit.c.obj (.text.HOSTexit)
                  00007266    00000004     startup_mspm0g3507_ticlang.o (.text.Reset_Handler)
                  0000726a    00000004     libc.a : pre_init.c.obj (.text._system_pre_init)
                  0000726e    00000002     --HOLE-- [fill = 0]

.cinit     0    0000dc60    000000a8     
                  0000dc60    00000080     (.cinit..data.load) [load image, compression = lzss]
                  0000dce0    0000000c     (__TI_handler_table)
                  0000dcec    00000008     (.cinit..bss.load) [load image, compression = zero_init]
                  0000dcf4    00000010     (__TI_cinit_table)
                  0000dd04    00000004     --HOLE-- [fill = 0]

.rodata    0    00007270    000069e8     
                  00007270    00004a00     Sound.o (.rodata._ZL6engine)
                  0000bc70    00000e14     Sound.o (.rodata._ZL9gameStart)
                  0000ca84    000004fb     ST7735_SDC.o (.rodata._ZL4Font)
                  0000cf7f    00000001     SDImage.o (.rodata.str1.921622077005895403.1)
                  0000cf80    000002d0     Car.o (.rodata._ZL9sin_table)
                  0000d250    00000190     Car.o (.rodata._ZL5lotus)
                  0000d3e0    00000188     Car.o (.rodata._ZL8BlueBall)
                  0000d568    00000188     Lab9HMain.o (.rodata._ZL8BlueBall)
                  0000d6f0    000000c0     Car.o (.rodata._ZL11exige_gear1)
                  0000d7b0    000000c0     Car.o (.rodata._ZL11exige_gear2)
                  0000d870    00000060     Car.o (.rodata._ZL11exige_gear3)
                  0000d8d0    00000060     Car.o (.rodata._ZL11exige_gear4)
                  0000d930    00000060     Car.o (.rodata._ZL11exige_gear5)
                  0000d990    00000060     Car.o (.rodata._ZL11exige_gear6)
                  0000d9f0    0000003b     ST7735_SDC.o (.rodata._ZL5Rcmd1)
                  0000da2b    0000002b     ST7735_SDC.o (.rodata._ZL5Rcmd3)
                  0000da56    00000002     ST7735_SDC.o (.rodata.str1.13906918424339813706.1)
                  0000da58    00000028     Lab9HMain.o (.rodata.track)
                  0000da80    00000016     SDImage.o (.rodata.str1.10403520586394815838.1)
                  0000da96    00000016     ST7735_SDC.o (.rodata.str1.4709128905130643978.1)
                  0000daac    00000014     StartScreen.o (.rodata.str1.4841217215070303453.1)
                  0000dac0    00000013     StartScreen.o (.rodata.str1.2153351890680823668.1)
                  0000dad3    00000013     SDImage.o (.rodata.str1.9715486647197297939.1)
                  0000dae6    00000012     StartScreen.o (.rodata.str1.5365977075351153378.1)
                  0000daf8    00000011     StartScreen.o (.rodata.str1.6624015646036745125.1)
                  0000db09    00000010     StartScreen.o (.rodata.str1.11749143265520993022.1)
                  0000db19    00000010     StartScreen.o (.rodata.str1.12904855151126179143.1)
                  0000db29    00000010     StartScreen.o (.rodata.str1.8463736913069917711.1)
                  0000db39    0000000f     SDImage.o (.rodata.str1.3905562354290767683.1)
                  0000db48    0000000f     StartScreen.o (.rodata.str1.9307688485660039821.1)
                  0000db57    0000000f     ff.o (.rodata.str1.9498762492020144949.1)
                  0000db66    0000000e     StartScreen.o (.rodata.str1.17828322577495813722.1)
                  0000db74    0000000e     SDImage.o (.rodata.str1.4062828609339555605.1)
                  0000db82    0000000e     StartScreen.o (.rodata.str1.8476945815924904168.1)
                  0000db90    0000000d     ST7735_SDC.o (.rodata._ZL10Rcmd2green)
                  0000db9d    0000000d     ST7735_SDC.o (.rodata._ZL8Rcmd2red)
                  0000dbaa    0000000c     StartScreen.o (.rodata.str1.14412181492286948012.1)
                  0000dbb6    0000000c     StartScreen.o (.rodata.str1.16225496245257589207.1)
                  0000dbc2    0000000c     StartScreen.o (.rodata.str1.4870346415780113440.1)
                  0000dbce    0000000b     Lab9HMain.o (.rodata.str1.17941944938679876980.1)
                  0000dbd9    0000000a     StartScreen.o (.rodata.str1.10054083363783869146.1)
                  0000dbe3    0000000a     StartScreen.o (.rodata.str1.11609040118820710114.1)
                  0000dbed    0000000a     StartScreen.o (.rodata.str1.11664577185519541394.1)
                  0000dbf7    0000000a     StartScreen.o (.rodata.str1.2832061793817608231.1)
                  0000dc01    0000000a     StartScreen.o (.rodata.str1.6291620905242822150.1)
                  0000dc0b    0000000a     StartScreen.o (.rodata.str1.7201740183005649860.1)
                  0000dc15    00000009     Lab9HMain.o (.rodata.str1.11873993020133721197.1)
                  0000dc1e    00000009     StartScreen.o (.rodata.str1.15917315231217229126.1)
                  0000dc27    00000009     StartScreen.o (.rodata.str1.3657445651459388826.1)
                  0000dc30    00000008     ST7735_SDC.o (.rodata.str1.1110301845630341403.1)
                  0000dc38    00000008     SDImage.o (.rodata.str1.3982056380671005016.1)
                  0000dc40    00000007     ST7735_SDC.o (.rodata.str1.16294601312641015783.1)
                  0000dc47    00000007     ST7735_SDC.o (.rodata.str1.3196674271758700844.1)
                  0000dc4e    00000004     SDImage.o (.rodata.str1.1368755384793173073.1)
                  0000dc52    00000003     SDImage.o (.rodata.str1.6251291102216933250.1)
                  0000dc55    00000003     --HOLE-- [fill = 0]

.init_array 
*          0    0000dc58    00000008     
                  0000dc58    00000004     Lab9HMain.o (.init_array)
                  0000dc5c    00000004     --HOLE-- [fill = 0]

.data      0    20200000    000004b9     UNINITIALIZED
                  20200000    00000234     SDImage.o (.data._ZL4g_fs)
                  20200234    000000f0     libc.a : defs.c.obj (.data._ftable)
                  20200324    00000078     libsysbm.a : host_device.c.obj (.data._device)
                  2020039c    00000050                : host_device.c.obj (.data._stream)
                  202003ec    0000002c     Lab9HMain.o (.data.racecar)
                  20200418    00000018     Lab9HMain.o (.data.Sensor)
                  20200430    00000018     Lab9HMain.o (.data.Sensor_Acc)
                  20200448    00000014     Lab9HMain.o (.data.seg)
                  2020045c    0000000c     Car.o (.data.images)
                  20200468    00000008     libc.a : exit.c.obj (.data..L_MergedGlobals)
                  20200470    00000004     Clock.o (.data.BusFreq)
                  20200474    00000004     ST7735_SDC.o (.data.StX)
                  20200478    00000004     ST7735_SDC.o (.data.StY)
                  2020047c    00000004     libc.a : defs.c.obj (.data.__TI_ft_end)
                  20200480    00000004            : _lock.c.obj (.data._lock)
                  20200484    00000004            : _lock.c.obj (.data._unlock)
                  20200488    00000004     Lab9HMain.o (.data.count)
                  2020048c    00000004     Lab9HMain.o (.data.current_bg)
                  20200490    00000004     Lab9HMain.o (.data.lap_count)
                  20200494    00000004     Lab9HMain.o (.data.lap_record)
                  20200498    00000004     Lab9HMain.o (.data.last_time_display)
                  2020049c    00000004     Lab9HMain.o (.data.o)
                  202004a0    00000004     Lab9HMain.o (.data.os)
                  202004a4    00000002     ST7735_SDC.o (.data.StTextColor)
                  202004a6    00000002     ST7735_SDC.o (.data._ZL6_width)
                  202004a8    00000002     ST7735_SDC.o (.data._ZL7_height)
                  202004aa    00000002     Lab9HMain.o (.data.old_x)
                  202004ac    00000002     Lab9HMain.o (.data.old_y)
                  202004ae    00000001     diskio.o (.data._ZL4Stat)
                  202004af    00000001     Lab9HMain.o (.data.cleared)
                  202004b0    00000001     libsysbm.a : add_device.c.obj (.data.add_device.device_init)
                  202004b1    00000001     Lab9HMain.o (.data.game_flag)
                  202004b2    00000001     Lab9HMain.o (.data.lang)
                  202004b3    00000001     Lab9HMain.o (.data.lap_complete)
                  202004b4    00000001     libc.a : memory.c.obj (.data.memory_is_initialized)
                  202004b5    00000001     Lab9HMain.o (.data.reset_flag)
                  202004b6    00000001     Lab9HMain.o (.data.start_flag)
                  202004b7    00000001     Lab9HMain.o (.data.track_idx)
                  202004b8    00000001     libsysbm.a : open.c.obj (.data.open.stream_init)

.bss       0    202004bc    00000202     UNINITIALIZED
                  202004bc    00000120     libsysbm.a : trgmsg.c.obj (.bss:_CIOBUF_)
                  202005dc    000000a0     libc.a : defs.c.obj (.bss.__TI_tmpnams)
                  2020067c    0000000c     ST7735_SDC.o (.bss.Message)
                  20200688    00000008     libsysbm.a : hostopen.c.obj (.bss.parmbuf)
                  20200690    00000004     diskio.o (.bss.LCDresetFlag)
                  20200694    00000004     ST7735_SDC.o (.bss.Messageindex)
                  20200698    00000004     Sound.o (.bss.SoundCount)
                  2020069c    00000004     Sound.o (.bss.SoundPt)
                  202006a0    00000004     TExaS.o (.bss.TExaSLogic)
                  202006a4    00000004     TExaS.o (.bss.TExaSadc)
                  202006a8    00000004     ff.o (.bss._ZL5FatFs)
                  202006ac    00000004     diskio.o (.bss._ZL6Timer1)
                  202006b0    00000004     diskio.o (.bss._ZL6Timer2)
                  202006b4    00000004     libc.a : memory.c.obj (.bss.sys_free)
                  202006b8    00000002     ff.o (.bss._ZL4Fsid)
                  202006ba    00000001     diskio.o (.bss._ZL8CardType)
                  202006bb    00000001     ST7735_SDC.o (.bss._ZL8ColStart)
                  202006bc    00000001     ST7735_SDC.o (.bss._ZL8RowStart)
                  202006bd    00000001     ST7735_SDC.o (.bss._ZL8TabColor)

.sysmem    0    202006c0    00000200     UNINITIALIZED
                  202006c0    00000010     libc.a : memory.c.obj (.sysmem)
                  202006d0    000001f0     --HOLE--

.stack     0    20207e00    00000200     UNINITIALIZED
                  20207e00    00000004     libc.a : boot_cortex_m.c.obj (.stack)
                  20207e04    000001fc     --HOLE--

__llvm_prf_cnts 
*          0    20200000    00000000     UNINITIALIZED

__llvm_prf_bits 
*          0    20200000    00000000     UNINITIALIZED

MODULE SUMMARY

       Module                         code    ro data   rw data
       ------                         ----    -------   -------
    .\
       Sound.o                        512     22548     8      
       ff.o                           8902    15        6      
       ST7735_SDC.o                   3356    1449      33     
       Car.o                          1568    2280      12     
       diskio.o                       3312    0         14     
       Lab9HMain.o                    1186    456       151    
       StartScreen.o                  1200    279       0      
       track.o                        1452    0         0      
       SDImage.o                      550     86        564    
       TExaS.o                        720     0         8      
       SlidePot.o                     526     0         0      
       Clock.o                        516     0         4      
       Timer.o                        484     0         0      
       LaunchPad.o                    180     0         0      
       UART.o                         92      0         0      
       SPI.o                          64      0         0      
       LED.o                          52      0         0      
       Switch.o                       48      0         0      
       UARTbusywait.o                 44      0         0      
    +--+------------------------------+-------+---------+---------+
       Total:                         24764   27113     800    
                                                               
    .\ticlang\
       startup_mspm0g3507_ticlang.o   60      192       0      
    +--+------------------------------+-------+---------+---------+
       Total:                         60      192       0      
                                                               
    C:\ti\ccs2040\ccs\tools\compiler\ti-cgt-armllvm_4.0.4.LTS\lib\armv6m-ti-none-eabi/c/libc.a
       memory.c.obj                   702     0         5      
       fopen.c.obj                    556     0         0      
       defs.c.obj                     0       0         404    
       setvbuf.c.obj                  224     0         0      
       getdevice.c.obj                160     0         0      
       strcmp-armv6m.S.obj            136     0         0      
       copy_decompress_lzss.c.obj     124     0         0      
       fclose.c.obj                   124     0         0      
       autoinit.c.obj                 84      0         0      
       fflush.c.obj                   82      0         0      
       exit.c.obj                     58      0         8      
       boot_cortex_m.c.obj            40      0         0      
       copy_zero_init.c.obj           22      0         0      
       copy_decompress_none.c.obj     18      0         0      
       memcpy16.S.obj                 18      0         0      
       memset16.S.obj                 14      0         0      
       _lock.c.obj                    2       0         8      
       pre_init.c.obj                 4       0         0      
    +--+------------------------------+-------+---------+---------+
       Total:                         2368    0         425    
                                                               
    C:\ti\ccs2040\ccs\tools\compiler\ti-cgt-armllvm_4.0.4.LTS\lib\armv6m-ti-none-eabi/c/libsysbm.a
       trgmsg.c.obj                   104     0         288    
       add_device.c.obj               236     0         1      
       host_device.c.obj              0       0         200    
       open.c.obj                     160     0         1      
       hostrename.c.obj               136     0         0      
       hostlseek.c.obj                108     0         0      
       hostopen.c.obj                 96      0         8      
       hostread.c.obj                 88      0         0      
       hostwrite.c.obj                88      0         0      
       close.c.obj                    80      0         0      
       hostclose.c.obj                72      0         0      
       hostunlink.c.obj               72      0         0      
       unlink.c.obj                   44      0         0      
       write.c.obj                    40      0         0      
       remove.c.obj                   8       0         0      
       hostexit.c.obj                 4       0         0      
    +--+------------------------------+-------+---------+---------+
       Total:                         1336    0         498    
                                                               
    C:\ti\ccs2040\ccs\tools\compiler\ti-cgt-armllvm_4.0.4.LTS\lib\armv6m-ti-none-eabi/libclang_rt.builtins.a
       udivmoddi4.S.obj               162     0         0      
       aeabi_idivmod.S.obj            86      0         0      
       aeabi_uidivmod.S.obj           64      0         0      
       divmoddi4.c.obj                62      0         0      
       muldsi3.S.obj                  58      0         0      
       muldi3.S.obj                   36      0         0      
       ashldi3.S.obj                  30      0         0      
       aeabi_ldivmod.S.obj            20      0         0      
       aeabi_memset.S.obj             12      0         0      
       aeabi_memcpy.S.obj             8       0         0      
       aeabi_div0.c.obj               4       0         0      
    +--+------------------------------+-------+---------+---------+
       Total:                         542     0         0      
                                                               
       Heap:                          0       0         512    
       Stack:                         0       0         512    
       Linker Generated:              0       164       0      
    +--+------------------------------+-------+---------+---------+
       Grand Total:                   29070   27469     2747   


LINKER GENERATED COPY TABLES

__TI_cinit_table @ 0000dcf4 records: 2, size/record: 8, table size: 16
	.data: load addr=0000dc60, load size=00000080 bytes, run addr=20200000, run size=000004b9 bytes, compression=lzss
	.bss: load addr=0000dcec, load size=00000008 bytes, run addr=202004bc, run size=00000202 bytes, compression=zero_init


LINKER GENERATED HANDLER TABLE

__TI_handler_table @ 0000dce0 records: 3, size/record: 4, table size: 12
	index: 0, handler: __TI_decompress_lzss
	index: 1, handler: __TI_decompress_none
	index: 2, handler: __TI_zero_init


GLOBAL SYMBOLS: SORTED ALPHABETICALLY BY Name 

address   name                                       
-------   ----                                       
00006f75  ADC0_IRQHandler                            
00006f75  ADC1_IRQHandler                            
00006f75  AES_IRQHandler                             
20200470  BusFreq                                    
00007262  C$$EXIT                                    
00006aed  C$$IO$$                                    
00006f75  CANFD0_IRQHandler                          
00007155  Clock_Delay                                
00006955  Clock_Delay1ms                             
000071fd  Clock_Freq                                 
00002739  Clock_Init80MHz                            
00006f75  DAC0_IRQHandler                            
00006f75  DMA_IRQHandler                             
00006f75  Default_Handler                            
00006f75  GROUP0_IRQHandler                          
00006f75  GROUP1_IRQHandler                          
00006471  HOSTclose                                  
00007263  HOSTexit                                   
00005c7d  HOSTlseek                                  
00005f5d  HOSTopen                                   
0000607d  HOSTread                                   
00005ce9  HOSTrename                                 
000064b9  HOSTunlink                                 
000060d5  HOSTwrite                                  
00006f91  HardFault_Handler                          
00006f75  I2C0_IRQHandler                            
00006f75  I2C1_IRQHandler                            
20200690  LCDresetFlag                               
2020067c  Message                                    
20200694  Messageindex                               
00006f75  NMI_Handler                                
00006f75  PendSV_Handler                             
00006f75  RTC_IRQHandler                             
00007267  Reset_Handler                              
0000dc58  SHT$$INIT_ARRAY$$Base                      
0000dc5c  SHT$$INIT_ARRAY$$Limit                     
00006f75  SPI0_IRQHandler                            
00006f75  SPI1_IRQHandler                            
00006f75  SVC_Handler                                
20200418  Sensor                                     
20200430  Sensor_Acc                                 
20200698  SoundCount                                 
2020069c  SoundPt                                    
202004a4  StTextColor                                
20200474  StX                                        
20200478  StY                                        
00004c6d  SysTick_Handler                            
202006a0  TExaSLogic                                 
202006a4  TExaSadc                                   
00006f75  TIMA0_IRQHandler                           
00006f75  TIMA1_IRQHandler                           
00006f75  TIMG0_IRQHandler                           
000032d9  TIMG12_IRQHandler                          
00006fe5  TIMG6_IRQHandler                           
0000658d  TIMG7_IRQHandler                           
00006f75  TIMG8_IRQHandler                           
00007131  TI_memcpy_small                            
000071ed  TI_memset_small                            
00006f75  UART0_IRQHandler                           
00006f75  UART1_IRQHandler                           
00006f75  UART2_IRQHandler                           
00006f75  UART3_IRQHandler                           
00006bf1  UART_OutChar                               
00006e15  UART_OutString                             
000068b1  UART_OutUDec                               
202004bc  _CIOBUF_                                   
000049a9  _Z10Sound_Initv                            
0000612d  _Z10TExaS_InitP10ADC12_RegsjPFhvE          
0000257d  _Z10Update_CarssssPKtPKc                   
000068e7  _Z10clust2sectP5FATFSm                     
00007075  _Z11ST7735_openPKcji                       
0000708b  _Z11ST7735_readiPcj                        
00006c1d  _Z11Sound_StartPKsj                        
00006ffd  _Z11Switch_Initv                           
00005d55  _Z11TFT_OutDatac                           
000061dd  _Z11fillmessagej                           
000056b9  _Z12Display_Timessj                        
00003f29  _Z12SDImage_DrawPKcss                      
0000340d  _Z12SDImage_Initv                          
000052cd  _Z12ST7735_InitR10initRFlags               
0000722d  _Z12ST7735_closei                          
000071c3  _Z12ST7735_lseekili                        
00006989  _Z12ST7735_writeiPKcj                      
00005521  _Z12fillmessage4j                          
00007209  _Z13ST7735_renamePKcS0_                    
00007237  _Z13ST7735_unlinkPKc                       
000058c9  _Z14LaunchPad_Initv                        
00004759  _Z14ST7735_OutCharc                        
0000573d  _Z14ST7735_OutUDecj                        
000065cd  _Z14SysTick_IntArmjj                       
00005b2d  _Z14TFT_OutCommandc                        
00004d15  _Z14TimerG6_IntArmtjj                      
00004dbd  _Z14TimerG7_IntArmtjj                      
00005b9d  _Z14disk_timerprocv                        
00006841  _Z15ActivatePortA_Bv                       
00000659  _Z15Display_Segment12TrackSegmentR3CarPsS2_
000039cd  _Z15ST7735_FillRectsssst                   
000057c1  _Z15ST7735_OutUDec4j                       
000070cd  _Z15Sound_GameStartv                       
00007165  _Z15Sound_IsPlayingv                       
00004a5d  _Z15StartScreen_RunR8SlidePot              
000053fd  _Z15TimerG12_IntArmjj                      
00002a9d  _Z16ST7735_DrawCharSsscssh                 
00005c0d  _Z16ST7735_DrawPixelsst                    
00006e3b  _Z16ST7735_OutStringPc                     
000069bd  _Z16ST7735_SetCursorjj                     
00001c41  _Z17ST7735_DrawBitmapssPKtss               
00005845  _Z17ST7735_DrawStringttPcs                 
00006c49  _Z17ST7735_FillScreent                     
00005195  _Z17ST7735_InitPrintfv                     
000070e1  _Z19ST7735_SetTextColort                   
000070f5  _Z22Sound_EngineAcceleratev                
00007175  _Z28TExaS_LaunchPadLogicPB27PB26v          
00006ead  _Z7CS_Initv                                
00002da9  _Z7get_fatP5FATFSm                         
00001e51  _Z7put_fatP5FATFSmm                        
00003539  _Z8ADC_InitP10ADC12_Regsjj                 
000069f1  _Z8LED_Initv                               
00007241  _Z8PLL_Initv                               
00006d4d  _Z9ADC_StartP10ADC12_Regs                  
00003199  _Z9SPI1_Initv                              
0000660d  _Z9SPI_Resetv                              
00007015  _Z9Switch_Inv                              
00004205  _Z9UART_Initv                              
00004681  _ZN3Car15Update_PositionEjj                
000023b9  _ZN3Car15Update_VelocityEj                 
00007185  _ZN3Car5Get_xEv                            
00007195  _ZN3Car5Get_yEv                            
00006e87  _ZN3Car5ResetEv                            
00006285  _ZN3Car5shiftEv                            
00006fc9  _ZN3Car7Set_PosEjj                         
000021ed  _ZN3Car8calc_rpmEj                         
00004829  _ZN3Car9Set_AngleEj                        
000067c9  _ZN3CarC1Ev                                
000067c9  _ZN3CarC2Ev                                
00005231  _ZN8SlidePot2InEv                          
00004025  _ZN8SlidePot4InitEv                        
00007109  _ZN8SlidePot4SaveEj                        
00006ef5  _ZN8SlidePot4SyncEv                        
00006f15  _ZN8SlidePotC1Ejj                          
00006d23  _ZN8SlidePotC1Ejjb                         
00006f15  _ZN8SlidePotC2Ejj                          
00006d23  _ZN8SlidePotC2Ejjb                         
202004bc  __CIOBUF_                                  
20208000  __STACK_END                                
00000200  __STACK_SIZE                               
00000200  __SYSMEM_SIZE                              
00000000  __TI_ATRegion0_region_sz                   
00000000  __TI_ATRegion0_src_addr                    
00000000  __TI_ATRegion0_trg_addr                    
00000000  __TI_ATRegion1_region_sz                   
00000000  __TI_ATRegion1_src_addr                    
00000000  __TI_ATRegion1_trg_addr                    
00000000  __TI_ATRegion2_region_sz                   
00000000  __TI_ATRegion2_src_addr                    
00000000  __TI_ATRegion2_trg_addr                    
0000dcf4  __TI_CINIT_Base                            
0000dd04  __TI_CINIT_Limit                           
0000dd04  __TI_CINIT_Warm                            
0000dce0  __TI_Handler_Table_Base                    
0000dcec  __TI_Handler_Table_Limit                   
000062d9  __TI_auto_init_nobinit                     
00006a59  __TI_cleanup                               
20200468  __TI_cleanup_ptr                           
00005945  __TI_closefile                             
000059c1  __TI_decompress_lzss                       
00007143  __TI_decompress_none                       
0000632d  __TI_doflush                               
2020046c  __TI_dtors_ptr                             
2020047c  __TI_ft_end                                
ffffffff  __TI_pprof_out_hndl                        
ffffffff  __TI_prof_data_size                        
ffffffff  __TI_prof_data_start                       
00006a8d  __TI_readmsg                               
00000000  __TI_static_base__                         
202005dc  __TI_tmpnams                               
00006ac1  __TI_writemsg                              
000070a1  __TI_zero_init_nomemset                    
00006185  __aeabi_idiv                               
000039cb  __aeabi_idiv0                              
00006185  __aeabi_idivmod                            
00004023  __aeabi_ldiv0                              
0000711d  __aeabi_ldivmod                            
00006f55  __aeabi_llsl                               
00006ed1  __aeabi_lmul                               
00007215  __aeabi_memclr                             
00007215  __aeabi_memclr4                            
00007215  __aeabi_memclr8                            
0000724d  __aeabi_memcpy                             
0000724d  __aeabi_memcpy4                            
0000724d  __aeabi_memcpy8                            
0000668d  __aeabi_uidiv                              
0000668d  __aeabi_uidivmod                           
00006f55  __ashldi3                                  
ffffffff  __binit__                                  
0000674d  __divmoddi4                                
UNDEFED   __mpu_init                                 
00006ed1  __muldi3                                   
00006805  __muldsi3                                  
20207e00  __stack                                    
20200000  __start___llvm_prf_bits                    
20200000  __start___llvm_prf_cnts                    
20200000  __stop___llvm_prf_bits                     
20200000  __stop___llvm_prf_cnts                     
00005051  __udivmoddi4                               
00006ded  _c_int00_noargs                            
20200324  _device                                    
20200234  _ftable                                    
20200480  _lock                                      
00004bbf  _nop                                       
2020039c  _stream                                    
202006c0  _sys_memory                                
UNDEFED   _system_post_cinit                         
0000726b  _system_pre_init                           
20200484  _unlock                                    
0000725d  abort                                      
00004119  add_device                                 
00003bfd  aligned_alloc                              
ffffffff  binit                                      
202004af  cleared                                    
00006421  close                                      
20200488  count                                      
2020048c  current_bg                                 
00001a19  disk_initialize                            
00000fb5  disk_ioctl                                 
000044bd  disk_read                                  
00006b91  disk_status                                
00003ae5  disk_write                                 
00006af5  exit                                       
0000670d  f_close                                    
0000126d  f_lseek                                    
00005365  f_mount                                    
000017a9  f_open                                     
00001511  f_read                                     
00003d11  f_sync                                     
00006b29  finddevice                                 
00006bc1  fopen                                      
000043d5  free                                       
00006b5d  freopen                                    
202004b1  game_flag                                  
00005dc1  getdevice                                  
2020045c  images                                     
00000000  interruptVectors                           
202004b2  lang                                       
202004b3  lap_complete                               
20200490  lap_count                                  
20200494  lap_record                                 
20200498  last_time_display                          
00000cdd  main                                       
00007221  malloc                                     
00003bfd  memalign                                   
2020049c  o                                          
202004aa  old_x                                      
202004ac  old_y                                      
000050f5  open                                       
202004a0  os                                         
20200688  parmbuf                                    
202003ec  racecar                                    
00007255  remove                                     
202004b5  reset_flag                                 
20200448  seg                                        
000045a1  setvbuf                                    
202004b6  start_flag                                 
00005631  strcmp                                     
0000da58  track                                      
202004b7  track_idx                                  
00006ccd  unlink                                     
00006dc5  write                                      


GLOBAL SYMBOLS: SORTED BY Symbol Address 

address   name                                       
-------   ----                                       
00000000  __TI_ATRegion0_region_sz                   
00000000  __TI_ATRegion0_src_addr                    
00000000  __TI_ATRegion0_trg_addr                    
00000000  __TI_ATRegion1_region_sz                   
00000000  __TI_ATRegion1_src_addr                    
00000000  __TI_ATRegion1_trg_addr                    
00000000  __TI_ATRegion2_region_sz                   
00000000  __TI_ATRegion2_src_addr                    
00000000  __TI_ATRegion2_trg_addr                    
00000000  __TI_static_base__                         
00000000  interruptVectors                           
00000200  __STACK_SIZE                               
00000200  __SYSMEM_SIZE                              
00000659  _Z15Display_Segment12TrackSegmentR3CarPsS2_
00000cdd  main                                       
00000fb5  disk_ioctl                                 
0000126d  f_lseek                                    
00001511  f_read                                     
000017a9  f_open                                     
00001a19  disk_initialize                            
00001c41  _Z17ST7735_DrawBitmapssPKtss               
00001e51  _Z7put_fatP5FATFSmm                        
000021ed  _ZN3Car8calc_rpmEj                         
000023b9  _ZN3Car15Update_VelocityEj                 
0000257d  _Z10Update_CarssssPKtPKc                   
00002739  Clock_Init80MHz                            
00002a9d  _Z16ST7735_DrawCharSsscssh                 
00002da9  _Z7get_fatP5FATFSm                         
00003199  _Z9SPI1_Initv                              
000032d9  TIMG12_IRQHandler                          
0000340d  _Z12SDImage_Initv                          
00003539  _Z8ADC_InitP10ADC12_Regsjj                 
000039cb  __aeabi_idiv0                              
000039cd  _Z15ST7735_FillRectsssst                   
00003ae5  disk_write                                 
00003bfd  aligned_alloc                              
00003bfd  memalign                                   
00003d11  f_sync                                     
00003f29  _Z12SDImage_DrawPKcss                      
00004023  __aeabi_ldiv0                              
00004025  _ZN8SlidePot4InitEv                        
00004119  add_device                                 
00004205  _Z9UART_Initv                              
000043d5  free                                       
000044bd  disk_read                                  
000045a1  setvbuf                                    
00004681  _ZN3Car15Update_PositionEjj                
00004759  _Z14ST7735_OutCharc                        
00004829  _ZN3Car9Set_AngleEj                        
000049a9  _Z10Sound_Initv                            
00004a5d  _Z15StartScreen_RunR8SlidePot              
00004bbf  _nop                                       
00004c6d  SysTick_Handler                            
00004d15  _Z14TimerG6_IntArmtjj                      
00004dbd  _Z14TimerG7_IntArmtjj                      
00005051  __udivmoddi4                               
000050f5  open                                       
00005195  _Z17ST7735_InitPrintfv                     
00005231  _ZN8SlidePot2InEv                          
000052cd  _Z12ST7735_InitR10initRFlags               
00005365  f_mount                                    
000053fd  _Z15TimerG12_IntArmjj                      
00005521  _Z12fillmessage4j                          
00005631  strcmp                                     
000056b9  _Z12Display_Timessj                        
0000573d  _Z14ST7735_OutUDecj                        
000057c1  _Z15ST7735_OutUDec4j                       
00005845  _Z17ST7735_DrawStringttPcs                 
000058c9  _Z14LaunchPad_Initv                        
00005945  __TI_closefile                             
000059c1  __TI_decompress_lzss                       
00005b2d  _Z14TFT_OutCommandc                        
00005b9d  _Z14disk_timerprocv                        
00005c0d  _Z16ST7735_DrawPixelsst                    
00005c7d  HOSTlseek                                  
00005ce9  HOSTrename                                 
00005d55  _Z11TFT_OutDatac                           
00005dc1  getdevice                                  
00005f5d  HOSTopen                                   
0000607d  HOSTread                                   
000060d5  HOSTwrite                                  
0000612d  _Z10TExaS_InitP10ADC12_RegsjPFhvE          
00006185  __aeabi_idiv                               
00006185  __aeabi_idivmod                            
000061dd  _Z11fillmessagej                           
00006285  _ZN3Car5shiftEv                            
000062d9  __TI_auto_init_nobinit                     
0000632d  __TI_doflush                               
00006421  close                                      
00006471  HOSTclose                                  
000064b9  HOSTunlink                                 
0000658d  TIMG7_IRQHandler                           
000065cd  _Z14SysTick_IntArmjj                       
0000660d  _Z9SPI_Resetv                              
0000668d  __aeabi_uidiv                              
0000668d  __aeabi_uidivmod                           
0000670d  f_close                                    
0000674d  __divmoddi4                                
000067c9  _ZN3CarC1Ev                                
000067c9  _ZN3CarC2Ev                                
00006805  __muldsi3                                  
00006841  _Z15ActivatePortA_Bv                       
000068b1  UART_OutUDec                               
000068e7  _Z10clust2sectP5FATFSm                     
00006955  Clock_Delay1ms                             
00006989  _Z12ST7735_writeiPKcj                      
000069bd  _Z16ST7735_SetCursorjj                     
000069f1  _Z8LED_Initv                               
00006a59  __TI_cleanup                               
00006a8d  __TI_readmsg                               
00006ac1  __TI_writemsg                              
00006aed  C$$IO$$                                    
00006af5  exit                                       
00006b29  finddevice                                 
00006b5d  freopen                                    
00006b91  disk_status                                
00006bc1  fopen                                      
00006bf1  UART_OutChar                               
00006c1d  _Z11Sound_StartPKsj                        
00006c49  _Z17ST7735_FillScreent                     
00006ccd  unlink                                     
00006d23  _ZN8SlidePotC1Ejjb                         
00006d23  _ZN8SlidePotC2Ejjb                         
00006d4d  _Z9ADC_StartP10ADC12_Regs                  
00006dc5  write                                      
00006ded  _c_int00_noargs                            
00006e15  UART_OutString                             
00006e3b  _Z16ST7735_OutStringPc                     
00006e87  _ZN3Car5ResetEv                            
00006ead  _Z7CS_Initv                                
00006ed1  __aeabi_lmul                               
00006ed1  __muldi3                                   
00006ef5  _ZN8SlidePot4SyncEv                        
00006f15  _ZN8SlidePotC1Ejj                          
00006f15  _ZN8SlidePotC2Ejj                          
00006f55  __aeabi_llsl                               
00006f55  __ashldi3                                  
00006f75  ADC0_IRQHandler                            
00006f75  ADC1_IRQHandler                            
00006f75  AES_IRQHandler                             
00006f75  CANFD0_IRQHandler                          
00006f75  DAC0_IRQHandler                            
00006f75  DMA_IRQHandler                             
00006f75  Default_Handler                            
00006f75  GROUP0_IRQHandler                          
00006f75  GROUP1_IRQHandler                          
00006f75  I2C0_IRQHandler                            
00006f75  I2C1_IRQHandler                            
00006f75  NMI_Handler                                
00006f75  PendSV_Handler                             
00006f75  RTC_IRQHandler                             
00006f75  SPI0_IRQHandler                            
00006f75  SPI1_IRQHandler                            
00006f75  SVC_Handler                                
00006f75  TIMA0_IRQHandler                           
00006f75  TIMA1_IRQHandler                           
00006f75  TIMG0_IRQHandler                           
00006f75  TIMG8_IRQHandler                           
00006f75  UART0_IRQHandler                           
00006f75  UART1_IRQHandler                           
00006f75  UART2_IRQHandler                           
00006f75  UART3_IRQHandler                           
00006f91  HardFault_Handler                          
00006fc9  _ZN3Car7Set_PosEjj                         
00006fe5  TIMG6_IRQHandler                           
00006ffd  _Z11Switch_Initv                           
00007015  _Z9Switch_Inv                              
00007075  _Z11ST7735_openPKcji                       
0000708b  _Z11ST7735_readiPcj                        
000070a1  __TI_zero_init_nomemset                    
000070cd  _Z15Sound_GameStartv                       
000070e1  _Z19ST7735_SetTextColort                   
000070f5  _Z22Sound_EngineAcceleratev                
00007109  _ZN8SlidePot4SaveEj                        
0000711d  __aeabi_ldivmod                            
00007131  TI_memcpy_small                            
00007143  __TI_decompress_none                       
00007155  Clock_Delay                                
00007165  _Z15Sound_IsPlayingv                       
00007175  _Z28TExaS_LaunchPadLogicPB27PB26v          
00007185  _ZN3Car5Get_xEv                            
00007195  _ZN3Car5Get_yEv                            
000071c3  _Z12ST7735_lseekili                        
000071ed  TI_memset_small                            
000071fd  Clock_Freq                                 
00007209  _Z13ST7735_renamePKcS0_                    
00007215  __aeabi_memclr                             
00007215  __aeabi_memclr4                            
00007215  __aeabi_memclr8                            
00007221  malloc                                     
0000722d  _Z12ST7735_closei                          
00007237  _Z13ST7735_unlinkPKc                       
00007241  _Z8PLL_Initv                               
0000724d  __aeabi_memcpy                             
0000724d  __aeabi_memcpy4                            
0000724d  __aeabi_memcpy8                            
00007255  remove                                     
0000725d  abort                                      
00007262  C$$EXIT                                    
00007263  HOSTexit                                   
00007267  Reset_Handler                              
0000726b  _system_pre_init                           
0000da58  track                                      
0000dc58  SHT$$INIT_ARRAY$$Base                      
0000dc5c  SHT$$INIT_ARRAY$$Limit                     
0000dce0  __TI_Handler_Table_Base                    
0000dcec  __TI_Handler_Table_Limit                   
0000dcf4  __TI_CINIT_Base                            
0000dd04  __TI_CINIT_Limit                           
0000dd04  __TI_CINIT_Warm                            
20200000  __start___llvm_prf_bits                    
20200000  __start___llvm_prf_cnts                    
20200000  __stop___llvm_prf_bits                     
20200000  __stop___llvm_prf_cnts                     
20200234  _ftable                                    
20200324  _device                                    
2020039c  _stream                                    
202003ec  racecar                                    
20200418  Sensor                                     
20200430  Sensor_Acc                                 
20200448  seg                                        
2020045c  images                                     
20200468  __TI_cleanup_ptr                           
2020046c  __TI_dtors_ptr                             
20200470  BusFreq                                    
20200474  StX                                        
20200478  StY                                        
2020047c  __TI_ft_end                                
20200480  _lock                                      
20200484  _unlock                                    
20200488  count                                      
2020048c  current_bg                                 
20200490  lap_count                                  
20200494  lap_record                                 
20200498  last_time_display                          
2020049c  o                                          
202004a0  os                                         
202004a4  StTextColor                                
202004aa  old_x                                      
202004ac  old_y                                      
202004af  cleared                                    
202004b1  game_flag                                  
202004b2  lang                                       
202004b3  lap_complete                               
202004b5  reset_flag                                 
202004b6  start_flag                                 
202004b7  track_idx                                  
202004bc  _CIOBUF_                                   
202004bc  __CIOBUF_                                  
202005dc  __TI_tmpnams                               
2020067c  Message                                    
20200688  parmbuf                                    
20200690  LCDresetFlag                               
20200694  Messageindex                               
20200698  SoundCount                                 
2020069c  SoundPt                                    
202006a0  TExaSLogic                                 
202006a4  TExaSadc                                   
202006c0  _sys_memory                                
20207e00  __stack                                    
20208000  __STACK_END                                
ffffffff  __TI_pprof_out_hndl                        
ffffffff  __TI_prof_data_size                        
ffffffff  __TI_prof_data_start                       
ffffffff  __binit__                                  
ffffffff  binit                                      
UNDEFED   __mpu_init                                 
UNDEFED   _system_post_cinit                         

[268 symbols]
