******************************************************************************
            TI ARM Clang Linker PC v4.0.4                      
******************************************************************************
>> Linked Wed Apr 22 17:44:12 2026

OUTPUT FILE NAME:   <ECE319K_Lab9H.out>
ENTRY POINT SYMBOL: "_c_int00_noargs"  address: 0001e55d


MEMORY CONFIGURATION

         name            origin    length      used     unused   attr    fill
----------------------  --------  ---------  --------  --------  ----  --------
  FLASH                 00000000   00020000  0001e9f0  00001610  R  X
  SRAM                  20200000   00008000  00000870  00007790  RW X
  BCR_CONFIG            41c00000   00000080  00000000  00000080  R   
  BSL_CONFIG            41c00100   00000080  00000000  00000080  R   


SEGMENT ALLOCATION MAP

run origin  load origin   length   init length attrs members
----------  ----------- ---------- ----------- ----- -------
00000000    00000000    0001e9f0   0001e9f0    r-x
  00000000    00000000    000000c0   000000c0    r-- .intvecs
  000000c0    000000c0    0001a970   0001a970    r-- .rodata
  0001aa30    0001aa30    00003f10   00003f10    r-x .text
  0001e940    0001e940    00000008   00000008    r-- .init_array
  0001e948    0001e948    000000a8   000000a8    r-- .cinit
20200000    20200000    00000677   00000000    rw-
  20200000    20200000    00000281   00000000    rw- .data
  20200288    20200288    00000200   00000000    rw- .sysmem
  20200488    20200488    000001ef   00000000    rw- .bss
20207e00    20207e00    00000200   00000000    rw-
  20207e00    20207e00    00000200   00000000    rw- .stack


SECTION ALLOCATION MAP

 output                                  attributes/
section   page    origin      length       input sections
--------  ----  ----------  ----------   ----------------
.intvecs   0    00000000    000000c0     
                  00000000    000000c0     startup_mspm0g3507_ticlang.o (.intvecs)

.binit     0    00000000    00000000     

.text      0    0001aa30    00003f10     
                  0001aa30    00000370     track.o (.text._Z15Display_Segment12TrackSegmentR3CarPsS2_)
                  0001ada0    000002d0     Lab9HMain.o (.text.main)
                  0001b070    00000210     ST7735.o (.text._Z17ST7735_DrawBitmapssPKtss)
                  0001b280    000001cc     Car.o (.text._ZN3Car8calc_rpmEj)
                  0001b44c    000001c4     Car.o (.text._ZN3Car15Update_VelocityEj)
                  0001b610    000001b4     Clock.o (.text.Clock_Init80MHz)
                  0001b7c4    000001b0     StartScreen.o (.text._ZL18DrawLanguageSelecth)
                  0001b974    000001a0     ST7735.o (.text._Z16ST7735_DrawCharSsscssh)
                  0001bb14    00000154     libc.a : fopen.c.obj (.text._openfile)
                  0001bc68    00000134     Lab9HMain.o (.text.TIMG12_IRQHandler)
                  0001bd9c    00000128     TExaS.o (.text._Z8ADC_InitP10ADC12_Regsjj)
                  0001bec4    00000118     ST7735.o (.text._Z15ST7735_FillRectsssst)
                  0001bfdc    00000114     libc.a : memory.c.obj (.text.aligned_alloc)
                  0001c0f0    00000104     StartScreen.o (.text._ZL10DrawSplashv)
                  0001c1f4    000000f8     SPI.o (.text._Z8SPI_Initv)
                  0001c2ec    000000f4     SlidePot.o (.text._ZN8SlidePot4InitEv)
                  0001c3e0    000000ec     libsysbm.a : add_device.c.obj (.text.add_device)
                  0001c4cc    000000e8     TExaS.o (.text._Z9UART_Initv)
                  0001c5b4    000000e8     StartScreen.o (.text._ZL11UpdateArrowh)
                  0001c69c    000000e8     libc.a : memory.c.obj (.text.free)
                  0001c784    000000e0            : setvbuf.c.obj (.text.setvbuf)
                  0001c864    000000de     track.o (.text._Z8Draw_CarssPKtS0_)
                  0001c942    00000002     libclang_rt.builtins.a : aeabi_div0.c.obj (.text.__aeabi_idiv0)
                  0001c944    000000d8     Car.o (.text._ZN3Car15Update_PositionEjj)
                  0001ca1c    000000d0     ST7735.o (.text._Z14ST7735_OutCharc)
                  0001caec    000000c8     Car.o (.text._ZN3Car9Set_AngleEj)
                  0001cbb4    000000b4     Sound.o (.text._Z10Sound_Initv)
                  0001cc68    000000b4     StartScreen.o (.text._Z15StartScreen_RunR8SlidePot)
                  0001cd1c    000000ae     track.o (.text._Z9Erase_CarssPKt)
                  0001cdca    00000002     libclang_rt.builtins.a : aeabi_div0.c.obj (.text.__aeabi_ldiv0)
                  0001cdcc    000000a8     Sound.o (.text.SysTick_Handler)
                  0001ce74    000000a8     Timer.o (.text._Z14TimerG7_IntArmtjj)
                  0001cf1c    000000a2     ST7735.o (.text._ZL11commandListPKh)
                  0001cfbe    00000002     libc.a : _lock.c.obj (.text._nop)
                  0001cfc0    000000a2     libclang_rt.builtins.a : udivmoddi4.S.obj (.text)
                  0001d062    00000002     --HOLE-- [fill = 0]
                  0001d064    000000a0     ST7735.o (.text._Z17ST7735_InitPrintf10initRFlags)
                  0001d104    000000a0     libsysbm.a : open.c.obj (.text.open)
                  0001d1a4    0000009c     SlidePot.o (.text._ZN8SlidePot2InEv)
                  0001d240    00000098     ST7735.o (.text._Z12ST7735_InitR10initRFlags)
                  0001d2d8    00000094     Timer.o (.text._Z15TimerG12_IntArmjj)
                  0001d36c    00000088     ST7735.o (.text._Z12fillmessage4j)
                  0001d3f4    00000088     ST7735.o (.text._ZL13setAddrWindowhhhh)
                  0001d47c    00000004     libsysbm.a : hostexit.c.obj (.text.HOSTexit)
                  0001d480    00000088     libc.a : strcmp-armv6m.S.obj (.text:strcmp)
                  0001d508    00000084     track.o (.text._Z12Display_Timessj)
                  0001d58c    00000084     ST7735.o (.text._Z14ST7735_OutUDecj)
                  0001d610    00000084     ST7735.o (.text._Z15ST7735_OutUDec4j)
                  0001d694    00000084     ST7735.o (.text._Z17ST7735_DrawStringttPcs)
                  0001d718    0000007c     LaunchPad.o (.text._Z14LaunchPad_Initv)
                  0001d794    0000007c     libc.a : fclose.c.obj (.text.__TI_closefile)
                  0001d810    0000007c            : copy_decompress_lzss.c.obj (.text:decompress:lzss)
                  0001d88c    00000070     ST7735.o (.text._Z16ST7735_DrawPixelsst)
                  0001d8fc    0000006c     libsysbm.a : hostlseek.c.obj (.text.HOSTlseek)
                  0001d968    0000006c                : hostrename.c.obj (.text.HOSTrename)
                  0001d9d4    0000006c     libc.a : getdevice.c.obj (.text.getdevice)
                  0001da40    00000064            : memory.c.obj (.text.split)
                  0001daa4    00000060     libsysbm.a : hostopen.c.obj (.text.HOSTopen)
                  0001db04    00000060     StartScreen.o (.text._ZL13WaitForSwitchv)
                  0001db64    00000058     libsysbm.a : hostread.c.obj (.text.HOSTread)
                  0001dbbc    00000058                : hostwrite.c.obj (.text.HOSTwrite)
                  0001dc14    00000058     TExaS.o (.text._Z10TExaS_InitP10ADC12_RegsjPFhvE)
                  0001dc6c    00000056     libclang_rt.builtins.a : aeabi_idivmod.S.obj (.text.__aeabi_idivmod)
                  0001dcc2    00000002     --HOLE-- [fill = 0]
                  0001dcc4    00000054     ST7735.o (.text._Z11fillmessagej)
                  0001dd18    00000054     Car.o (.text._ZN3Car5shiftEv)
                  0001dd6c    00000054     libc.a : autoinit.c.obj (.text:__TI_auto_init_nobinit)
                  0001ddc0    00000052            : fflush.c.obj (.text.__TI_doflush)
                  0001de12    00000002     --HOLE-- [fill = 0]
                  0001de14    00000050     libsysbm.a : close.c.obj (.text.close)
                  0001de64    00000048                : hostclose.c.obj (.text.HOSTclose)
                  0001deac    00000048                : hostunlink.c.obj (.text.HOSTunlink)
                  0001def4    00000048     SPI.o (.text._Z14SPI_OutCommandc)
                  0001df3c    00000040     TExaS.o (.text.TIMG7_IRQHandler)
                  0001df7c    00000040     Sound.o (.text._Z14SysTick_IntArmjj)
                  0001dfbc    00000040     SPI.o (.text._Z9SPI_Resetv)
                  0001dffc    00000040     libclang_rt.builtins.a : aeabi_uidivmod.S.obj (.text.__aeabi_uidivmod)
                  0001e03c    00000040     libc.a : fopen.c.obj (.text._search_fp)
                  0001e07c    0000003e     libclang_rt.builtins.a : divmoddi4.c.obj (.text.__divmoddi4)
                  0001e0ba    00000002     --HOLE-- [fill = 0]
                  0001e0bc    0000003c     Car.o (.text._ZN3CarC2Ev)
                  0001e0f8    0000003a     libclang_rt.builtins.a : muldsi3.S.obj (.text.__muldsi3)
                  0001e132    00000002     --HOLE-- [fill = 0]
                  0001e134    00000038     SPI.o (.text._Z11SPI_OutDatac)
                  0001e16c    00000038     LaunchPad.o (.text._Z15ActivatePortA_Bv)
                  0001e1a4    00000034     Clock.o (.text.Clock_Delay1ms)
                  0001e1d8    00000034     ST7735.o (.text._Z12ST7735_writeiPKcj)
                  0001e20c    00000034     ST7735.o (.text._Z16ST7735_SetCursorjj)
                  0001e240    00000034     LED.o (.text._Z8LED_Initv)
                  0001e274    00000034     libc.a : fopen.c.obj (.text.__TI_cleanup)
                  0001e2a8    00000034     libsysbm.a : trgmsg.c.obj (.text.__TI_readmsg)
                  0001e2dc    00000034                : trgmsg.c.obj (.text.__TI_writemsg)
                  0001e310    00000034     libc.a : exit.c.obj (.text.exit)
                  0001e344    00000034            : getdevice.c.obj (.text.finddevice)
                  0001e378    00000034            : fopen.c.obj (.text.freopen)
                  0001e3ac    00000030     ST7735.o (.text._ZL10commonInitPKh)
                  0001e3dc    00000030     libc.a : fopen.c.obj (.text.fopen)
                  0001e40c    0000002c     Sound.o (.text._Z11Sound_StartPKsj)
                  0001e438    0000002c     ST7735.o (.text._Z17ST7735_FillScreent)
                  0001e464    0000002c     libsysbm.a : unlink.c.obj (.text.unlink)
                  0001e490    0000002a     SlidePot.o (.text._ZN8SlidePotC2Ejjb)
                  0001e4ba    00000002     --HOLE-- [fill = 0]
                  0001e4bc    00000028     TExaS.o (.text._Z9ADC_StartP10ADC12_Regs)
                  0001e4e4    00000028     Lab9HMain.o (.text.__cxx_global_var_init.3)
                  0001e50c    00000028     libc.a : memory.c.obj (.text.free_list_insert)
                  0001e534    00000028     libsysbm.a : write.c.obj (.text.write)
                  0001e55c    00000028     libc.a : boot_cortex_m.c.obj (.text:_c_int00_noargs)
                  0001e584    00000026     ST7735.o (.text._Z16ST7735_OutStringPc)
                  0001e5aa    00000026     Car.o (.text._ZN3Car5ResetEv)
                  0001e5d0    00000024     libclang_rt.builtins.a : muldi3.S.obj (.text.__muldi3)
                  0001e5f4    00000020     SlidePot.o (.text._ZN8SlidePot4SyncEv)
                  0001e614    00000020     SlidePot.o (.text._ZN8SlidePotC2Ejj)
                  0001e634    0000001e     ST7735.o (.text._ZL9pushColort)
                  0001e652    00000002     --HOLE-- [fill = 0]
                  0001e654    0000001e     libclang_rt.builtins.a : ashldi3.S.obj (.text.__ashldi3)
                  0001e672    00000002     --HOLE-- [fill = 0]
                  0001e674    0000001c     startup_mspm0g3507_ticlang.o (.text.Default_Handler)
                  0001e690    0000001c     startup_mspm0g3507_ticlang.o (.text.HardFault_Handler)
                  0001e6ac    0000001c     libc.a : memory.c.obj (.text.free_list_remove)
                  0001e6c8    0000001a     Car.o (.text._ZN3Car7Set_PosEjj)
                  0001e6e2    00000002     --HOLE-- [fill = 0]
                  0001e6e4    00000018     Switch.o (.text._Z11Switch_Initv)
                  0001e6fc    00000018     Switch.o (.text._Z9Switch_Inv)
                  0001e714    00000018     Lab9HMain.o (.text.__cxx_global_var_init.1)
                  0001e72c    00000018     Lab9HMain.o (.text.__cxx_global_var_init)
                  0001e744    00000016     ST7735.o (.text._Z11ST7735_openPKcji)
                  0001e75a    00000016     ST7735.o (.text._Z11ST7735_readiPcj)
                  0001e770    00000016     libc.a : copy_zero_init.c.obj (.text:decompress:ZI:__TI_zero_init_nomemset)
                  0001e786    00000014     Lab9HMain.o (.text._GLOBAL__sub_I_Lab9HMain.cpp)
                  0001e79a    00000002     --HOLE-- [fill = 0]
                  0001e79c    00000014     Sound.o (.text._Z15Sound_GameStartv)
                  0001e7b0    00000014     ST7735.o (.text._Z19ST7735_SetTextColort)
                  0001e7c4    00000014     Sound.o (.text._Z22Sound_EngineAcceleratev)
                  0001e7d8    00000014     SlidePot.o (.text._ZN8SlidePot4SaveEj)
                  0001e7ec    00000014     libclang_rt.builtins.a : aeabi_ldivmod.S.obj (.text.__aeabi_ldivmod)
                  0001e800    00000012     libc.a : memcpy16.S.obj (.text:TI_memcpy_small)
                  0001e812    00000012            : copy_decompress_none.c.obj (.text:decompress:none)
                  0001e824    00000010     Clock.o (.text.Clock_Delay)
                  0001e834    00000010     Sound.o (.text._Z15Sound_IsPlayingv)
                  0001e844    00000010     Lab9HMain.o (.text._Z28TExaS_LaunchPadLogicPB27PB26v)
                  0001e854    00000010     Car.o (.text._ZN3Car5Get_xEv)
                  0001e864    00000010     Car.o (.text._ZN3Car5Get_yEv)
                  0001e874    00000010     Lab9HMain.o (.text.__cxx_global_var_init.2)
                  0001e884    0000000e     libc.a : memory.c.obj (.text.OUTLINED_FUNCTION_0)
                  0001e892    0000000e     ST7735.o (.text._Z12ST7735_lseekili)
                  0001e8a0    0000000e     libsysbm.a : hostrename.c.obj (.text.strcpy)
                  0001e8ae    0000000e                : hostrename.c.obj (.text.strlen)
                  0001e8bc    0000000e     libc.a : memset16.S.obj (.text:TI_memset_small)
                  0001e8ca    00000002     --HOLE-- [fill = 0]
                  0001e8cc    0000000c     Clock.o (.text.Clock_Freq)
                  0001e8d8    0000000c     ST7735.o (.text._Z13ST7735_renamePKcS0_)
                  0001e8e4    0000000c     libclang_rt.builtins.a : aeabi_memset.S.obj (.text.__aeabi_memclr)
                  0001e8f0    0000000c     libc.a : memory.c.obj (.text.malloc)
                  0001e8fc    0000000a     ST7735.o (.text._Z12ST7735_closei)
                  0001e906    0000000a     ST7735.o (.text._Z13ST7735_unlinkPKc)
                  0001e910    0000000a     Lab9HMain.o (.text._Z8PLL_Initv)
                  0001e91a    00000002     --HOLE-- [fill = 0]
                  0001e91c    00000008     libclang_rt.builtins.a : aeabi_memcpy.S.obj (.text.__aeabi_memcpy)
                  0001e924    00000008     libsysbm.a : remove.c.obj (.text.remove)
                  0001e92c    00000006     libc.a : exit.c.obj (.text:abort)
                  0001e932    00000004     startup_mspm0g3507_ticlang.o (.text.Reset_Handler)
                  0001e936    00000004     libc.a : pre_init.c.obj (.text._system_pre_init)
                  0001e93a    00000006     --HOLE-- [fill = 0]

.cinit     0    0001e948    000000a8     
                  0001e948    00000081     (.cinit..data.load) [load image, compression = lzss]
                  0001e9c9    00000003     --HOLE-- [fill = 0]
                  0001e9cc    0000000c     (__TI_handler_table)
                  0001e9d8    00000008     (.cinit..bss.load) [load image, compression = zero_init]
                  0001e9e0    00000010     (__TI_cinit_table)

.rodata    0    000000c0    0001a970     
                  000000c0    0000a000     Lab9HMain.o (.rodata._ZL4T1_2)
                  0000a0c0    0000a000     Lab9HMain.o (.rodata._ZL6T17_20)
                  000140c0    00004a00     Sound.o (.rodata._ZL6engine)
                  00018ac0    00000e14     Sound.o (.rodata._ZL9gameStart)
                  000198d4    000004fb     ST7735.o (.rodata._ZL4Font)
                  00019dcf    00000001     --HOLE-- [fill = 0]
                  00019dd0    000002d0     Car.o (.rodata._ZL9sin_table)
                  0001a0a0    00000190     Car.o (.rodata._ZL5lotus)
                  0001a230    00000188     Car.o (.rodata._ZL8BlueBall)
                  0001a3b8    00000188     Lab9HMain.o (.rodata._ZL8BlueBall)
                  0001a540    000000c0     Car.o (.rodata._ZL11exige_gear1)
                  0001a600    000000c0     Car.o (.rodata._ZL11exige_gear2)
                  0001a6c0    00000060     Car.o (.rodata._ZL11exige_gear3)
                  0001a720    00000060     Car.o (.rodata._ZL11exige_gear4)
                  0001a780    00000060     Car.o (.rodata._ZL11exige_gear5)
                  0001a7e0    00000060     Car.o (.rodata._ZL11exige_gear6)
                  0001a840    0000003b     ST7735.o (.rodata._ZL5Rcmd1)
                  0001a87b    0000002b     ST7735.o (.rodata._ZL5Rcmd3)
                  0001a8a6    00000002     ST7735.o (.rodata.str1.18358205720993799461.1)
                  0001a8a8    00000028     Lab9HMain.o (.rodata.track)
                  0001a8d0    00000016     ST7735.o (.rodata.str1.14736978382213673245.1)
                  0001a8e6    00000014     StartScreen.o (.rodata.str1.4841217215070303453.1)
                  0001a8fa    00000013     StartScreen.o (.rodata.str1.2153351890680823668.1)
                  0001a90d    00000012     StartScreen.o (.rodata.str1.5365977075351153378.1)
                  0001a91f    00000011     StartScreen.o (.rodata.str1.6624015646036745125.1)
                  0001a930    00000010     StartScreen.o (.rodata.str1.11749143265520993022.1)
                  0001a940    00000010     StartScreen.o (.rodata.str1.12904855151126179143.1)
                  0001a950    00000010     StartScreen.o (.rodata.str1.8463736913069917711.1)
                  0001a960    0000000f     StartScreen.o (.rodata.str1.9307688485660039821.1)
                  0001a96f    0000000e     StartScreen.o (.rodata.str1.17828322577495813722.1)
                  0001a97d    0000000e     StartScreen.o (.rodata.str1.8476945815924904168.1)
                  0001a98b    0000000d     ST7735.o (.rodata._ZL10Rcmd2green)
                  0001a998    0000000d     ST7735.o (.rodata._ZL8Rcmd2red)
                  0001a9a5    0000000c     StartScreen.o (.rodata.str1.14412181492286948012.1)
                  0001a9b1    0000000c     StartScreen.o (.rodata.str1.16225496245257589207.1)
                  0001a9bd    0000000c     StartScreen.o (.rodata.str1.4870346415780113440.1)
                  0001a9c9    0000000a     StartScreen.o (.rodata.str1.10054083363783869146.1)
                  0001a9d3    0000000a     StartScreen.o (.rodata.str1.11609040118820710114.1)
                  0001a9dd    0000000a     StartScreen.o (.rodata.str1.11664577185519541394.1)
                  0001a9e7    0000000a     StartScreen.o (.rodata.str1.2832061793817608231.1)
                  0001a9f1    0000000a     StartScreen.o (.rodata.str1.6291620905242822150.1)
                  0001a9fb    0000000a     StartScreen.o (.rodata.str1.7201740183005649860.1)
                  0001aa05    00000009     StartScreen.o (.rodata.str1.15917315231217229126.1)
                  0001aa0e    00000009     StartScreen.o (.rodata.str1.3657445651459388826.1)
                  0001aa17    00000008     ST7735.o (.rodata.str1.7209918599617305731.1)
                  0001aa1f    00000007     ST7735.o (.rodata.str1.10208736415454880443.1)
                  0001aa26    00000007     ST7735.o (.rodata.str1.8723687351022562626.1)
                  0001aa2d    00000003     --HOLE-- [fill = 0]

.init_array 
*          0    0001e940    00000008     
                  0001e940    00000004     Lab9HMain.o (.init_array)
                  0001e944    00000004     --HOLE-- [fill = 0]

.data      0    20200000    00000281     UNINITIALIZED
                  20200000    000000f0     libc.a : defs.c.obj (.data._ftable)
                  202000f0    00000078     libsysbm.a : host_device.c.obj (.data._device)
                  20200168    00000050                : host_device.c.obj (.data._stream)
                  202001b8    0000002c     Lab9HMain.o (.data.racecar)
                  202001e4    00000018     Lab9HMain.o (.data.Sensor)
                  202001fc    00000018     Lab9HMain.o (.data.Sensor_Acc)
                  20200214    00000014     Lab9HMain.o (.data.seg)
                  20200228    0000000c     Car.o (.data.images)
                  20200234    00000008     libc.a : exit.c.obj (.data..L_MergedGlobals)
                  2020023c    00000004     Clock.o (.data.BusFreq)
                  20200240    00000004     ST7735.o (.data.StX)
                  20200244    00000004     ST7735.o (.data.StY)
                  20200248    00000004     libc.a : defs.c.obj (.data.__TI_ft_end)
                  2020024c    00000004            : _lock.c.obj (.data._lock)
                  20200250    00000004            : _lock.c.obj (.data._unlock)
                  20200254    00000004     Lab9HMain.o (.data.count)
                  20200258    00000004     Lab9HMain.o (.data.current_bg)
                  2020025c    00000004     Lab9HMain.o (.data.lap_count)
                  20200260    00000004     Lab9HMain.o (.data.lap_record)
                  20200264    00000004     Lab9HMain.o (.data.o)
                  20200268    00000004     Lab9HMain.o (.data.os)
                  2020026c    00000002     ST7735.o (.data.StTextColor)
                  2020026e    00000002     ST7735.o (.data._ZL6_width)
                  20200270    00000002     ST7735.o (.data._ZL7_height)
                  20200272    00000002     Lab9HMain.o (.data.old_x)
                  20200274    00000002     Lab9HMain.o (.data.old_y)
                  20200276    00000001     Lab9HMain.o (.data.cleared)
                  20200277    00000001     Lab9HMain.o (.data.game_flag)
                  20200278    00000001     libsysbm.a : add_device.c.obj (.data.add_device.device_init)
                  20200279    00000001     Lab9HMain.o (.data.lang)
                  2020027a    00000001     Lab9HMain.o (.data.lap_complete)
                  2020027b    00000001     Lab9HMain.o (.data.reset_flag)
                  2020027c    00000001     libc.a : memory.c.obj (.data.memory_is_initialized)
                  2020027d    00000001     Lab9HMain.o (.data.start_flag)
                  2020027e    00000001     Lab9HMain.o (.data.track_idx)
                  2020027f    00000001     --HOLE--
                  20200280    00000001     libsysbm.a : open.c.obj (.data.open.stream_init)

.sysmem    0    20200288    00000200     UNINITIALIZED
                  20200288    00000010     libc.a : memory.c.obj (.sysmem)
                  20200298    000001f0     --HOLE--

.bss       0    20200488    000001ef     UNINITIALIZED
                  20200488    00000120     libsysbm.a : trgmsg.c.obj (.bss:_CIOBUF_)
                  202005a8    000000a0     libc.a : defs.c.obj (.bss.__TI_tmpnams)
                  20200648    0000000c     ST7735.o (.bss.Message)
                  20200654    00000008     libsysbm.a : hostopen.c.obj (.bss.parmbuf)
                  2020065c    00000004     ST7735.o (.bss.Messageindex)
                  20200660    00000004     Sound.o (.bss.SoundCount)
                  20200664    00000004     Sound.o (.bss.SoundPt)
                  20200668    00000004     TExaS.o (.bss.TExaSLogic)
                  2020066c    00000004     TExaS.o (.bss.TExaSadc)
                  20200670    00000004     libc.a : memory.c.obj (.bss.sys_free)
                  20200674    00000001     ST7735.o (.bss._ZL8ColStart)
                  20200675    00000001     ST7735.o (.bss._ZL8RowStart)
                  20200676    00000001     ST7735.o (.bss._ZL8TabColor)

.stack     0    20207e00    00000200     UNINITIALIZED
                  20207e00    00000004     libc.a : boot_cortex_m.c.obj (.stack)
                  20207e04    000001fc     --HOLE--

__llvm_prf_cnts 
*          0    20200000    00000000     UNINITIALIZED

__llvm_prf_bits 
*          0    20200000    00000000     UNINITIALIZED

MODULE SUMMARY

       Module                         code    ro data   rw data
       ------                         ----    -------   -------
    .\
       Lab9HMain.o                    1178    82356     147    
       Sound.o                        512     22548     8      
       ST7735.o                       3144    1449      33     
       Car.o                          1568    2280      12     
       StartScreen.o                  1200    279       0      
       track.o                        1408    0         0      
       TExaS.o                        720     0         8      
       SlidePot.o                     526     0         0      
       Clock.o                        516     0         4      
       SPI.o                          440     0         0      
       Timer.o                        316     0         0      
       LaunchPad.o                    180     0         0      
       LED.o                          52      0         0      
       Switch.o                       48      0         0      
    +--+------------------------------+-------+---------+---------+
       Total:                         11808   108912    212    
                                                               
    .\ticlang\
       startup_mspm0g3507_ticlang.o   60      192       0      
    +--+------------------------------+-------+---------+---------+
       Total:                         60      192       0      
                                                               
    C:\ti\ccs2040\ccs\tools\compiler\ti-cgt-armllvm_4.0.4.LTS\lib\armv6m-ti-none-eabi/c/libc.a
       memory.c.obj                   702     0         5      
       fopen.c.obj                    556     0         0      
       defs.c.obj                     0       0         404    
       setvbuf.c.obj                  224     0         0      
       getdevice.c.obj                160     0         0      
       strcmp-armv6m.S.obj            136     0         0      
       copy_decompress_lzss.c.obj     124     0         0      
       fclose.c.obj                   124     0         0      
       autoinit.c.obj                 84      0         0      
       fflush.c.obj                   82      0         0      
       exit.c.obj                     58      0         8      
       boot_cortex_m.c.obj            40      0         0      
       copy_zero_init.c.obj           22      0         0      
       copy_decompress_none.c.obj     18      0         0      
       memcpy16.S.obj                 18      0         0      
       memset16.S.obj                 14      0         0      
       _lock.c.obj                    2       0         8      
       pre_init.c.obj                 4       0         0      
    +--+------------------------------+-------+---------+---------+
       Total:                         2368    0         425    
                                                               
    C:\ti\ccs2040\ccs\tools\compiler\ti-cgt-armllvm_4.0.4.LTS\lib\armv6m-ti-none-eabi/c/libsysbm.a
       trgmsg.c.obj                   104     0         288    
       add_device.c.obj               236     0         1      
       host_device.c.obj              0       0         200    
       open.c.obj                     160     0         1      
       hostrename.c.obj               136     0         0      
       hostlseek.c.obj                108     0         0      
       hostopen.c.obj                 96      0         8      
       hostread.c.obj                 88      0         0      
       hostwrite.c.obj                88      0         0      
       close.c.obj                    80      0         0      
       hostclose.c.obj                72      0         0      
       hostunlink.c.obj               72      0         0      
       unlink.c.obj                   44      0         0      
       write.c.obj                    40      0         0      
       remove.c.obj                   8       0         0      
       hostexit.c.obj                 4       0         0      
    +--+------------------------------+-------+---------+---------+
       Total:                         1336    0         498    
                                                               
    C:\ti\ccs2040\ccs\tools\compiler\ti-cgt-armllvm_4.0.4.LTS\lib\armv6m-ti-none-eabi/libclang_rt.builtins.a
       udivmoddi4.S.obj               162     0         0      
       aeabi_idivmod.S.obj            86      0         0      
       aeabi_uidivmod.S.obj           64      0         0      
       divmoddi4.c.obj                62      0         0      
       muldsi3.S.obj                  58      0         0      
       muldi3.S.obj                   36      0         0      
       ashldi3.S.obj                  30      0         0      
       aeabi_ldivmod.S.obj            20      0         0      
       aeabi_memset.S.obj             12      0         0      
       aeabi_memcpy.S.obj             8       0         0      
       aeabi_div0.c.obj               4       0         0      
    +--+------------------------------+-------+---------+---------+
       Total:                         542     0         0      
                                                               
       Heap:                          0       0         512    
       Stack:                         0       0         512    
       Linker Generated:              0       165       0      
    +--+------------------------------+-------+---------+---------+
       Grand Total:                   16114   109269    2159   


LINKER GENERATED COPY TABLES

__TI_cinit_table @ 0001e9e0 records: 2, size/record: 8, table size: 16
	.data: load addr=0001e948, load size=00000081 bytes, run addr=20200000, run size=00000281 bytes, compression=lzss
	.bss: load addr=0001e9d8, load size=00000008 bytes, run addr=20200488, run size=000001ef bytes, compression=zero_init


LINKER GENERATED HANDLER TABLE

__TI_handler_table @ 0001e9cc records: 3, size/record: 4, table size: 12
	index: 0, handler: __TI_decompress_lzss
	index: 1, handler: __TI_decompress_none
	index: 2, handler: __TI_zero_init


GLOBAL SYMBOLS: SORTED ALPHABETICALLY BY Name 

address   name                                       
-------   ----                                       
0001e675  ADC0_IRQHandler                            
0001e675  ADC1_IRQHandler                            
0001e675  AES_IRQHandler                             
2020023c  BusFreq                                    
0001d47c  C$$EXIT                                    
0001e309  C$$IO$$                                    
0001e675  CANFD0_IRQHandler                          
0001e825  Clock_Delay                                
0001e1a5  Clock_Delay1ms                             
0001e8cd  Clock_Freq                                 
0001b611  Clock_Init80MHz                            
0001e675  DAC0_IRQHandler                            
0001e675  DMA_IRQHandler                             
0001e675  Default_Handler                            
0001e675  GROUP0_IRQHandler                          
0001e675  GROUP1_IRQHandler                          
0001de65  HOSTclose                                  
0001d47d  HOSTexit                                   
0001d8fd  HOSTlseek                                  
0001daa5  HOSTopen                                   
0001db65  HOSTread                                   
0001d969  HOSTrename                                 
0001dead  HOSTunlink                                 
0001dbbd  HOSTwrite                                  
0001e691  HardFault_Handler                          
0001e675  I2C0_IRQHandler                            
0001e675  I2C1_IRQHandler                            
20200648  Message                                    
2020065c  Messageindex                               
0001e675  NMI_Handler                                
0001e675  PendSV_Handler                             
0001e675  RTC_IRQHandler                             
0001e933  Reset_Handler                              
0001e940  SHT$$INIT_ARRAY$$Base                      
0001e944  SHT$$INIT_ARRAY$$Limit                     
0001e675  SPI0_IRQHandler                            
0001e675  SPI1_IRQHandler                            
0001e675  SVC_Handler                                
202001e4  Sensor                                     
202001fc  Sensor_Acc                                 
20200660  SoundCount                                 
20200664  SoundPt                                    
2020026c  StTextColor                                
20200240  StX                                        
20200244  StY                                        
0001cdcd  SysTick_Handler                            
20200668  TExaSLogic                                 
2020066c  TExaSadc                                   
0001e675  TIMA0_IRQHandler                           
0001e675  TIMA1_IRQHandler                           
0001e675  TIMG0_IRQHandler                           
0001bc69  TIMG12_IRQHandler                          
0001e675  TIMG6_IRQHandler                           
0001df3d  TIMG7_IRQHandler                           
0001e675  TIMG8_IRQHandler                           
0001e801  TI_memcpy_small                            
0001e8bd  TI_memset_small                            
0001e675  UART0_IRQHandler                           
0001e675  UART1_IRQHandler                           
0001e675  UART2_IRQHandler                           
0001e675  UART3_IRQHandler                           
20200488  _CIOBUF_                                   
0001cbb5  _Z10Sound_Initv                            
0001dc15  _Z10TExaS_InitP10ADC12_RegsjPFhvE          
0001e135  _Z11SPI_OutDatac                           
0001e745  _Z11ST7735_openPKcji                       
0001e75b  _Z11ST7735_readiPcj                        
0001e40d  _Z11Sound_StartPKsj                        
0001e6e5  _Z11Switch_Initv                           
0001dcc5  _Z11fillmessagej                           
0001d509  _Z12Display_Timessj                        
0001d241  _Z12ST7735_InitR10initRFlags               
0001e8fd  _Z12ST7735_closei                          
0001e893  _Z12ST7735_lseekili                        
0001e1d9  _Z12ST7735_writeiPKcj                      
0001d36d  _Z12fillmessage4j                          
0001e8d9  _Z13ST7735_renamePKcS0_                    
0001e907  _Z13ST7735_unlinkPKc                       
0001d719  _Z14LaunchPad_Initv                        
0001def5  _Z14SPI_OutCommandc                        
0001ca1d  _Z14ST7735_OutCharc                        
0001d58d  _Z14ST7735_OutUDecj                        
0001df7d  _Z14SysTick_IntArmjj                       
0001ce75  _Z14TimerG7_IntArmtjj                      
0001e16d  _Z15ActivatePortA_Bv                       
0001aa31  _Z15Display_Segment12TrackSegmentR3CarPsS2_
0001bec5  _Z15ST7735_FillRectsssst                   
0001d611  _Z15ST7735_OutUDec4j                       
0001e79d  _Z15Sound_GameStartv                       
0001e835  _Z15Sound_IsPlayingv                       
0001cc69  _Z15StartScreen_RunR8SlidePot              
0001d2d9  _Z15TimerG12_IntArmjj                      
0001b975  _Z16ST7735_DrawCharSsscssh                 
0001d88d  _Z16ST7735_DrawPixelsst                    
0001e585  _Z16ST7735_OutStringPc                     
0001e20d  _Z16ST7735_SetCursorjj                     
0001b071  _Z17ST7735_DrawBitmapssPKtss               
0001d695  _Z17ST7735_DrawStringttPcs                 
0001e439  _Z17ST7735_FillScreent                     
0001d065  _Z17ST7735_InitPrintf10initRFlags          
0001e7b1  _Z19ST7735_SetTextColort                   
0001e7c5  _Z22Sound_EngineAcceleratev                
0001e845  _Z28TExaS_LaunchPadLogicPB27PB26v          
0001bd9d  _Z8ADC_InitP10ADC12_Regsjj                 
0001c865  _Z8Draw_CarssPKtS0_                        
0001e241  _Z8LED_Initv                               
0001e911  _Z8PLL_Initv                               
0001c1f5  _Z8SPI_Initv                               
0001e4bd  _Z9ADC_StartP10ADC12_Regs                  
0001cd1d  _Z9Erase_CarssPKt                          
0001dfbd  _Z9SPI_Resetv                              
0001e6fd  _Z9Switch_Inv                              
0001c4cd  _Z9UART_Initv                              
0001c945  _ZN3Car15Update_PositionEjj                
0001b44d  _ZN3Car15Update_VelocityEj                 
0001e855  _ZN3Car5Get_xEv                            
0001e865  _ZN3Car5Get_yEv                            
0001e5ab  _ZN3Car5ResetEv                            
0001dd19  _ZN3Car5shiftEv                            
0001e6c9  _ZN3Car7Set_PosEjj                         
0001b281  _ZN3Car8calc_rpmEj                         
0001caed  _ZN3Car9Set_AngleEj                        
0001e0bd  _ZN3CarC1Ev                                
0001e0bd  _ZN3CarC2Ev                                
0001d1a5  _ZN8SlidePot2InEv                          
0001c2ed  _ZN8SlidePot4InitEv                        
0001e7d9  _ZN8SlidePot4SaveEj                        
0001e5f5  _ZN8SlidePot4SyncEv                        
0001e615  _ZN8SlidePotC1Ejj                          
0001e491  _ZN8SlidePotC1Ejjb                         
0001e615  _ZN8SlidePotC2Ejj                          
0001e491  _ZN8SlidePotC2Ejjb                         
20200488  __CIOBUF_                                  
20208000  __STACK_END                                
00000200  __STACK_SIZE                               
00000200  __SYSMEM_SIZE                              
00000000  __TI_ATRegion0_region_sz                   
00000000  __TI_ATRegion0_src_addr                    
00000000  __TI_ATRegion0_trg_addr                    
00000000  __TI_ATRegion1_region_sz                   
00000000  __TI_ATRegion1_src_addr                    
00000000  __TI_ATRegion1_trg_addr                    
00000000  __TI_ATRegion2_region_sz                   
00000000  __TI_ATRegion2_src_addr                    
00000000  __TI_ATRegion2_trg_addr                    
0001e9e0  __TI_CINIT_Base                            
0001e9f0  __TI_CINIT_Limit                           
0001e9f0  __TI_CINIT_Warm                            
0001e9cc  __TI_Handler_Table_Base                    
0001e9d8  __TI_Handler_Table_Limit                   
0001dd6d  __TI_auto_init_nobinit                     
0001e275  __TI_cleanup                               
20200234  __TI_cleanup_ptr                           
0001d795  __TI_closefile                             
0001d811  __TI_decompress_lzss                       
0001e813  __TI_decompress_none                       
0001ddc1  __TI_doflush                               
20200238  __TI_dtors_ptr                             
20200248  __TI_ft_end                                
ffffffff  __TI_pprof_out_hndl                        
ffffffff  __TI_prof_data_size                        
ffffffff  __TI_prof_data_start                       
0001e2a9  __TI_readmsg                               
00000000  __TI_static_base__                         
202005a8  __TI_tmpnams                               
0001e2dd  __TI_writemsg                              
0001e771  __TI_zero_init_nomemset                    
0001dc6d  __aeabi_idiv                               
0001c943  __aeabi_idiv0                              
0001dc6d  __aeabi_idivmod                            
0001cdcb  __aeabi_ldiv0                              
0001e7ed  __aeabi_ldivmod                            
0001e655  __aeabi_llsl                               
0001e5d1  __aeabi_lmul                               
0001e8e5  __aeabi_memclr                             
0001e8e5  __aeabi_memclr4                            
0001e8e5  __aeabi_memclr8                            
0001e91d  __aeabi_memcpy                             
0001e91d  __aeabi_memcpy4                            
0001e91d  __aeabi_memcpy8                            
0001dffd  __aeabi_uidiv                              
0001dffd  __aeabi_uidivmod                           
0001e655  __ashldi3                                  
ffffffff  __binit__                                  
0001e07d  __divmoddi4                                
UNDEFED   __mpu_init                                 
0001e5d1  __muldi3                                   
0001e0f9  __muldsi3                                  
20207e00  __stack                                    
20200000  __start___llvm_prf_bits                    
20200000  __start___llvm_prf_cnts                    
20200000  __stop___llvm_prf_bits                     
20200000  __stop___llvm_prf_cnts                     
0001cfc1  __udivmoddi4                               
0001e55d  _c_int00_noargs                            
202000f0  _device                                    
20200000  _ftable                                    
2020024c  _lock                                      
0001cfbf  _nop                                       
20200168  _stream                                    
20200288  _sys_memory                                
UNDEFED   _system_post_cinit                         
0001e937  _system_pre_init                           
20200250  _unlock                                    
0001e92d  abort                                      
0001c3e1  add_device                                 
0001bfdd  aligned_alloc                              
ffffffff  binit                                      
20200276  cleared                                    
0001de15  close                                      
20200254  count                                      
20200258  current_bg                                 
0001e311  exit                                       
0001e345  finddevice                                 
0001e3dd  fopen                                      
0001c69d  free                                       
0001e379  freopen                                    
20200277  game_flag                                  
0001d9d5  getdevice                                  
20200228  images                                     
00000000  interruptVectors                           
20200279  lang                                       
2020027a  lap_complete                               
2020025c  lap_count                                  
20200260  lap_record                                 
0001ada1  main                                       
0001e8f1  malloc                                     
0001bfdd  memalign                                   
20200264  o                                          
20200272  old_x                                      
20200274  old_y                                      
0001d105  open                                       
20200268  os                                         
20200654  parmbuf                                    
202001b8  racecar                                    
0001e925  remove                                     
2020027b  reset_flag                                 
20200214  seg                                        
0001c785  setvbuf                                    
2020027d  start_flag                                 
0001d481  strcmp                                     
0001a8a8  track                                      
2020027e  track_idx                                  
0001e465  unlink                                     
0001e535  write                                      


GLOBAL SYMBOLS: SORTED BY Symbol Address 

address   name                                       
-------   ----                                       
00000000  __TI_ATRegion0_region_sz                   
00000000  __TI_ATRegion0_src_addr                    
00000000  __TI_ATRegion0_trg_addr                    
00000000  __TI_ATRegion1_region_sz                   
00000000  __TI_ATRegion1_src_addr                    
00000000  __TI_ATRegion1_trg_addr                    
00000000  __TI_ATRegion2_region_sz                   
00000000  __TI_ATRegion2_src_addr                    
00000000  __TI_ATRegion2_trg_addr                    
00000000  __TI_static_base__                         
00000000  interruptVectors                           
00000200  __STACK_SIZE                               
00000200  __SYSMEM_SIZE                              
0001a8a8  track                                      
0001aa31  _Z15Display_Segment12TrackSegmentR3CarPsS2_
0001ada1  main                                       
0001b071  _Z17ST7735_DrawBitmapssPKtss               
0001b281  _ZN3Car8calc_rpmEj                         
0001b44d  _ZN3Car15Update_VelocityEj                 
0001b611  Clock_Init80MHz                            
0001b975  _Z16ST7735_DrawCharSsscssh                 
0001bc69  TIMG12_IRQHandler                          
0001bd9d  _Z8ADC_InitP10ADC12_Regsjj                 
0001bec5  _Z15ST7735_FillRectsssst                   
0001bfdd  aligned_alloc                              
0001bfdd  memalign                                   
0001c1f5  _Z8SPI_Initv                               
0001c2ed  _ZN8SlidePot4InitEv                        
0001c3e1  add_device                                 
0001c4cd  _Z9UART_Initv                              
0001c69d  free                                       
0001c785  setvbuf                                    
0001c865  _Z8Draw_CarssPKtS0_                        
0001c943  __aeabi_idiv0                              
0001c945  _ZN3Car15Update_PositionEjj                
0001ca1d  _Z14ST7735_OutCharc                        
0001caed  _ZN3Car9Set_AngleEj                        
0001cbb5  _Z10Sound_Initv                            
0001cc69  _Z15StartScreen_RunR8SlidePot              
0001cd1d  _Z9Erase_CarssPKt                          
0001cdcb  __aeabi_ldiv0                              
0001cdcd  SysTick_Handler                            
0001ce75  _Z14TimerG7_IntArmtjj                      
0001cfbf  _nop                                       
0001cfc1  __udivmoddi4                               
0001d065  _Z17ST7735_InitPrintf10initRFlags          
0001d105  open                                       
0001d1a5  _ZN8SlidePot2InEv                          
0001d241  _Z12ST7735_InitR10initRFlags               
0001d2d9  _Z15TimerG12_IntArmjj                      
0001d36d  _Z12fillmessage4j                          
0001d47c  C$$EXIT                                    
0001d47d  HOSTexit                                   
0001d481  strcmp                                     
0001d509  _Z12Display_Timessj                        
0001d58d  _Z14ST7735_OutUDecj                        
0001d611  _Z15ST7735_OutUDec4j                       
0001d695  _Z17ST7735_DrawStringttPcs                 
0001d719  _Z14LaunchPad_Initv                        
0001d795  __TI_closefile                             
0001d811  __TI_decompress_lzss                       
0001d88d  _Z16ST7735_DrawPixelsst                    
0001d8fd  HOSTlseek                                  
0001d969  HOSTrename                                 
0001d9d5  getdevice                                  
0001daa5  HOSTopen                                   
0001db65  HOSTread                                   
0001dbbd  HOSTwrite                                  
0001dc15  _Z10TExaS_InitP10ADC12_RegsjPFhvE          
0001dc6d  __aeabi_idiv                               
0001dc6d  __aeabi_idivmod                            
0001dcc5  _Z11fillmessagej                           
0001dd19  _ZN3Car5shiftEv                            
0001dd6d  __TI_auto_init_nobinit                     
0001ddc1  __TI_doflush                               
0001de15  close                                      
0001de65  HOSTclose                                  
0001dead  HOSTunlink                                 
0001def5  _Z14SPI_OutCommandc                        
0001df3d  TIMG7_IRQHandler                           
0001df7d  _Z14SysTick_IntArmjj                       
0001dfbd  _Z9SPI_Resetv                              
0001dffd  __aeabi_uidiv                              
0001dffd  __aeabi_uidivmod                           
0001e07d  __divmoddi4                                
0001e0bd  _ZN3CarC1Ev                                
0001e0bd  _ZN3CarC2Ev                                
0001e0f9  __muldsi3                                  
0001e135  _Z11SPI_OutDatac                           
0001e16d  _Z15ActivatePortA_Bv                       
0001e1a5  Clock_Delay1ms                             
0001e1d9  _Z12ST7735_writeiPKcj                      
0001e20d  _Z16ST7735_SetCursorjj                     
0001e241  _Z8LED_Initv                               
0001e275  __TI_cleanup                               
0001e2a9  __TI_readmsg                               
0001e2dd  __TI_writemsg                              
0001e309  C$$IO$$                                    
0001e311  exit                                       
0001e345  finddevice                                 
0001e379  freopen                                    
0001e3dd  fopen                                      
0001e40d  _Z11Sound_StartPKsj                        
0001e439  _Z17ST7735_FillScreent                     
0001e465  unlink                                     
0001e491  _ZN8SlidePotC1Ejjb                         
0001e491  _ZN8SlidePotC2Ejjb                         
0001e4bd  _Z9ADC_StartP10ADC12_Regs                  
0001e535  write                                      
0001e55d  _c_int00_noargs                            
0001e585  _Z16ST7735_OutStringPc                     
0001e5ab  _ZN3Car5ResetEv                            
0001e5d1  __aeabi_lmul                               
0001e5d1  __muldi3                                   
0001e5f5  _ZN8SlidePot4SyncEv                        
0001e615  _ZN8SlidePotC1Ejj                          
0001e615  _ZN8SlidePotC2Ejj                          
0001e655  __aeabi_llsl                               
0001e655  __ashldi3                                  
0001e675  ADC0_IRQHandler                            
0001e675  ADC1_IRQHandler                            
0001e675  AES_IRQHandler                             
0001e675  CANFD0_IRQHandler                          
0001e675  DAC0_IRQHandler                            
0001e675  DMA_IRQHandler                             
0001e675  Default_Handler                            
0001e675  GROUP0_IRQHandler                          
0001e675  GROUP1_IRQHandler                          
0001e675  I2C0_IRQHandler                            
0001e675  I2C1_IRQHandler                            
0001e675  NMI_Handler                                
0001e675  PendSV_Handler                             
0001e675  RTC_IRQHandler                             
0001e675  SPI0_IRQHandler                            
0001e675  SPI1_IRQHandler                            
0001e675  SVC_Handler                                
0001e675  TIMA0_IRQHandler                           
0001e675  TIMA1_IRQHandler                           
0001e675  TIMG0_IRQHandler                           
0001e675  TIMG6_IRQHandler                           
0001e675  TIMG8_IRQHandler                           
0001e675  UART0_IRQHandler                           
0001e675  UART1_IRQHandler                           
0001e675  UART2_IRQHandler                           
0001e675  UART3_IRQHandler                           
0001e691  HardFault_Handler                          
0001e6c9  _ZN3Car7Set_PosEjj                         
0001e6e5  _Z11Switch_Initv                           
0001e6fd  _Z9Switch_Inv                              
0001e745  _Z11ST7735_openPKcji                       
0001e75b  _Z11ST7735_readiPcj                        
0001e771  __TI_zero_init_nomemset                    
0001e79d  _Z15Sound_GameStartv                       
0001e7b1  _Z19ST7735_SetTextColort                   
0001e7c5  _Z22Sound_EngineAcceleratev                
0001e7d9  _ZN8SlidePot4SaveEj                        
0001e7ed  __aeabi_ldivmod                            
0001e801  TI_memcpy_small                            
0001e813  __TI_decompress_none                       
0001e825  Clock_Delay                                
0001e835  _Z15Sound_IsPlayingv                       
0001e845  _Z28TExaS_LaunchPadLogicPB27PB26v          
0001e855  _ZN3Car5Get_xEv                            
0001e865  _ZN3Car5Get_yEv                            
0001e893  _Z12ST7735_lseekili                        
0001e8bd  TI_memset_small                            
0001e8cd  Clock_Freq                                 
0001e8d9  _Z13ST7735_renamePKcS0_                    
0001e8e5  __aeabi_memclr                             
0001e8e5  __aeabi_memclr4                            
0001e8e5  __aeabi_memclr8                            
0001e8f1  malloc                                     
0001e8fd  _Z12ST7735_closei                          
0001e907  _Z13ST7735_unlinkPKc                       
0001e911  _Z8PLL_Initv                               
0001e91d  __aeabi_memcpy                             
0001e91d  __aeabi_memcpy4                            
0001e91d  __aeabi_memcpy8                            
0001e925  remove                                     
0001e92d  abort                                      
0001e933  Reset_Handler                              
0001e937  _system_pre_init                           
0001e940  SHT$$INIT_ARRAY$$Base                      
0001e944  SHT$$INIT_ARRAY$$Limit                     
0001e9cc  __TI_Handler_Table_Base                    
0001e9d8  __TI_Handler_Table_Limit                   
0001e9e0  __TI_CINIT_Base                            
0001e9f0  __TI_CINIT_Limit                           
0001e9f0  __TI_CINIT_Warm                            
20200000  __start___llvm_prf_bits                    
20200000  __start___llvm_prf_cnts                    
20200000  __stop___llvm_prf_bits                     
20200000  __stop___llvm_prf_cnts                     
20200000  _ftable                                    
202000f0  _device                                    
20200168  _stream                                    
202001b8  racecar                                    
202001e4  Sensor                                     
202001fc  Sensor_Acc                                 
20200214  seg                                        
20200228  images                                     
20200234  __TI_cleanup_ptr                           
20200238  __TI_dtors_ptr                             
2020023c  BusFreq                                    
20200240  StX                                        
20200244  StY                                        
20200248  __TI_ft_end                                
2020024c  _lock                                      
20200250  _unlock                                    
20200254  count                                      
20200258  current_bg                                 
2020025c  lap_count                                  
20200260  lap_record                                 
20200264  o                                          
20200268  os                                         
2020026c  StTextColor                                
20200272  old_x                                      
20200274  old_y                                      
20200276  cleared                                    
20200277  game_flag                                  
20200279  lang                                       
2020027a  lap_complete                               
2020027b  reset_flag                                 
2020027d  start_flag                                 
2020027e  track_idx                                  
20200288  _sys_memory                                
20200488  _CIOBUF_                                   
20200488  __CIOBUF_                                  
202005a8  __TI_tmpnams                               
20200648  Message                                    
20200654  parmbuf                                    
2020065c  Messageindex                               
20200660  SoundCount                                 
20200664  SoundPt                                    
20200668  TExaSLogic                                 
2020066c  TExaSadc                                   
20207e00  __stack                                    
20208000  __STACK_END                                
ffffffff  __TI_pprof_out_hndl                        
ffffffff  __TI_prof_data_size                        
ffffffff  __TI_prof_data_start                       
ffffffff  __binit__                                  
ffffffff  binit                                      
UNDEFED   __mpu_init                                 
UNDEFED   _system_post_cinit                         

[245 symbols]
