******************************************************************************
            TI ARM Clang Linker PC v4.0.4                      
******************************************************************************
>> Linked Wed Apr 22 00:27:12 2026

OUTPUT FILE NAME:   <ECE319K_Lab9H.out>
ENTRY POINT SYMBOL: "_c_int00_noargs"  address: 00018491


MEMORY CONFIGURATION

         name            origin    length      used     unused   attr    fill
----------------------  --------  ---------  --------  --------  ----  --------
  FLASH                 00000000   00020000  00018898  00007768  R  X
  SRAM                  20200000   00008000  0000086c  00007794  RW X
  BCR_CONFIG            41c00000   00000080  00000000  00000080  R   
  BSL_CONFIG            41c00100   00000080  00000000  00000080  R   


SEGMENT ALLOCATION MAP

run origin  load origin   length   init length attrs members
----------  ----------- ---------- ----------- ----- -------
00000000    00000000    00018898   00018898    r-x
  00000000    00000000    000000c0   000000c0    r-- .intvecs
  000000c0    000000c0    00015048   00015048    r-- .rodata
  00015108    00015108    00000008   00000008    r-- .init_array
  00015110    00015110    000036e0   000036e0    r-x .text
  000187f0    000187f0    000000a8   000000a8    r-- .cinit
20200000    20200000    0000066f   00000000    rw-
  20200000    20200000    00000285   00000000    rw- .data
  20200288    20200288    00000200   00000000    rw- .sysmem
  20200488    20200488    000001e7   00000000    rw- .bss
20207e00    20207e00    00000200   00000000    rw-
  20207e00    20207e00    00000200   00000000    rw- .stack


SECTION ALLOCATION MAP

 output                                  attributes/
section   page    origin      length       input sections
--------  ----  ----------  ----------   ----------------
.intvecs   0    00000000    000000c0     
                  00000000    000000c0     startup_mspm0g3507_ticlang.o (.intvecs)

.binit     0    00000000    00000000     

.text      0    00015110    000036e0     
                  00015110    00000370     track.o (.text._Z15Display_Segment12TrackSegmentR3CarPsS2_)
                  00015480    00000210     ST7735.o (.text._Z17ST7735_DrawBitmapssPKtss)
                  00015690    00000200     Lab9HMain.o (.text.main)
                  00015890    000001cc     Car.o (.text._ZN3Car8calc_rpmEj)
                  00015a5c    000001b4     Clock.o (.text.Clock_Init80MHz)
                  00015c10    000001a0     ST7735.o (.text._Z16ST7735_DrawCharSsscssh)
                  00015db0    000001a0     Car.o (.text._ZN3Car15Update_VelocityEj)
                  00015f50    00000154     libc.a : fopen.c.obj (.text._openfile)
                  000160a4    00000128     TExaS.o (.text._Z8ADC_InitP10ADC12_Regsjj)
                  000161cc    00000118     ST7735.o (.text._Z15ST7735_FillRectsssst)
                  000162e4    00000114     Lab9HMain.o (.text.TIMG12_IRQHandler)
                  000163f8    00000114     libc.a : memory.c.obj (.text.aligned_alloc)
                  0001650c    000000f8     SPI.o (.text._Z8SPI_Initv)
                  00016604    000000f4     SlidePot.o (.text._ZN8SlidePot4InitEv)
                  000166f8    000000ec     libsysbm.a : add_device.c.obj (.text.add_device)
                  000167e4    000000e8     TExaS.o (.text._Z9UART_Initv)
                  000168cc    000000e8     libc.a : memory.c.obj (.text.free)
                  000169b4    000000e0            : setvbuf.c.obj (.text.setvbuf)
                  00016a94    000000de     track.o (.text._Z8Draw_CarssPKtS0_)
                  00016b72    00000002     Sound.o (.text.SysTick_Handler)
                  00016b74    000000d0     ST7735.o (.text._Z14ST7735_OutCharc)
                  00016c44    000000c8     Car.o (.text._ZN3Car9Set_AngleEj)
                  00016d0c    000000bc     Car.o (.text._ZN3Car15Update_PositionEjj)
                  00016dc8    000000ae     track.o (.text._Z9Erase_CarssPKt)
                  00016e76    00000002     Sound.o (.text._Z10Sound_Initv)
                  00016e78    000000a8     Timer.o (.text._Z14TimerG7_IntArmtjj)
                  00016f20    000000a2     ST7735.o (.text._ZL11commandListPKh)
                  00016fc2    00000002     libclang_rt.builtins.a : aeabi_div0.c.obj (.text.__aeabi_idiv0)
                  00016fc4    000000a2                            : udivmoddi4.S.obj (.text)
                  00017066    00000002                            : aeabi_div0.c.obj (.text.__aeabi_ldiv0)
                  00017068    000000a0     ST7735.o (.text._Z17ST7735_InitPrintf10initRFlags)
                  00017108    000000a0     libsysbm.a : open.c.obj (.text.open)
                  000171a8    0000009c     SlidePot.o (.text._ZN8SlidePot2InEv)
                  00017244    00000098     ST7735.o (.text._Z12ST7735_InitR10initRFlags)
                  000172dc    00000094     Timer.o (.text._Z15TimerG12_IntArmjj)
                  00017370    00000088     ST7735.o (.text._Z12fillmessage4j)
                  000173f8    00000088     ST7735.o (.text._ZL13setAddrWindowhhhh)
                  00017480    00000088     libc.a : strcmp-armv6m.S.obj (.text:strcmp)
                  00017508    00000084     track.o (.text._Z12Display_Timessj)
                  0001758c    00000084     ST7735.o (.text._Z14ST7735_OutUDecj)
                  00017610    00000084     ST7735.o (.text._Z15ST7735_OutUDec4j)
                  00017694    00000084     ST7735.o (.text._Z17ST7735_DrawStringttPcs)
                  00017718    0000007c     LaunchPad.o (.text._Z14LaunchPad_Initv)
                  00017794    0000007c     libc.a : fclose.c.obj (.text.__TI_closefile)
                  00017810    0000007c            : copy_decompress_lzss.c.obj (.text:decompress:lzss)
                  0001788c    00000070     ST7735.o (.text._Z16ST7735_DrawPixelsst)
                  000178fc    0000006c     libsysbm.a : hostlseek.c.obj (.text.HOSTlseek)
                  00017968    0000006c                : hostrename.c.obj (.text.HOSTrename)
                  000179d4    0000006c     libc.a : getdevice.c.obj (.text.getdevice)
                  00017a40    00000064            : memory.c.obj (.text.split)
                  00017aa4    00000060     libsysbm.a : hostopen.c.obj (.text.HOSTopen)
                  00017b04    00000058                : hostread.c.obj (.text.HOSTread)
                  00017b5c    00000058                : hostwrite.c.obj (.text.HOSTwrite)
                  00017bb4    00000058     TExaS.o (.text._Z10TExaS_InitP10ADC12_RegsjPFhvE)
                  00017c0c    00000056     libclang_rt.builtins.a : aeabi_idivmod.S.obj (.text.__aeabi_idivmod)
                  00017c62    00000002     libc.a : _lock.c.obj (.text._nop)
                  00017c64    00000054     ST7735.o (.text._Z11fillmessagej)
                  00017cb8    00000054     Car.o (.text._ZN3Car5shiftEv)
                  00017d0c    00000054     libc.a : autoinit.c.obj (.text:__TI_auto_init_nobinit)
                  00017d60    00000052            : fflush.c.obj (.text.__TI_doflush)
                  00017db2    00000002     --HOLE-- [fill = 0]
                  00017db4    00000050     libsysbm.a : close.c.obj (.text.close)
                  00017e04    00000048                : hostclose.c.obj (.text.HOSTclose)
                  00017e4c    00000048                : hostunlink.c.obj (.text.HOSTunlink)
                  00017e94    00000048     SPI.o (.text._Z14SPI_OutCommandc)
                  00017edc    00000040     TExaS.o (.text.TIMG7_IRQHandler)
                  00017f1c    00000040     SPI.o (.text._Z9SPI_Resetv)
                  00017f5c    00000040     libclang_rt.builtins.a : aeabi_uidivmod.S.obj (.text.__aeabi_uidivmod)
                  00017f9c    00000040     libc.a : fopen.c.obj (.text._search_fp)
                  00017fdc    0000003e     libclang_rt.builtins.a : divmoddi4.c.obj (.text.__divmoddi4)
                  0001801a    00000002     --HOLE-- [fill = 0]
                  0001801c    0000003c     Car.o (.text._ZN3CarC2Ev)
                  00018058    0000003a     libclang_rt.builtins.a : muldsi3.S.obj (.text.__muldsi3)
                  00018092    00000002     --HOLE-- [fill = 0]
                  00018094    00000038     SPI.o (.text._Z11SPI_OutDatac)
                  000180cc    00000038     LaunchPad.o (.text._Z15ActivatePortA_Bv)
                  00018104    00000034     Clock.o (.text.Clock_Delay1ms)
                  00018138    00000034     ST7735.o (.text._Z12ST7735_writeiPKcj)
                  0001816c    00000034     ST7735.o (.text._Z16ST7735_SetCursorjj)
                  000181a0    00000034     LED.o (.text._Z8LED_Initv)
                  000181d4    00000034     libc.a : fopen.c.obj (.text.__TI_cleanup)
                  00018208    00000034     libsysbm.a : trgmsg.c.obj (.text.__TI_readmsg)
                  0001823c    00000034                : trgmsg.c.obj (.text.__TI_writemsg)
                  00018270    00000034     libc.a : exit.c.obj (.text.exit)
                  000182a4    00000034            : getdevice.c.obj (.text.finddevice)
                  000182d8    00000034            : fopen.c.obj (.text.freopen)
                  0001830c    00000030     ST7735.o (.text._ZL10commonInitPKh)
                  0001833c    00000030     libc.a : fopen.c.obj (.text.fopen)
                  0001836c    0000002c     ST7735.o (.text._Z17ST7735_FillScreent)
                  00018398    0000002c     libsysbm.a : unlink.c.obj (.text.unlink)
                  000183c4    0000002a     SlidePot.o (.text._ZN8SlidePotC2Ejjb)
                  000183ee    00000002     --HOLE-- [fill = 0]
                  000183f0    00000028     TExaS.o (.text._Z9ADC_StartP10ADC12_Regs)
                  00018418    00000028     Lab9HMain.o (.text.__cxx_global_var_init.3)
                  00018440    00000028     libc.a : memory.c.obj (.text.free_list_insert)
                  00018468    00000028     libsysbm.a : write.c.obj (.text.write)
                  00018490    00000028     libc.a : boot_cortex_m.c.obj (.text:_c_int00_noargs)
                  000184b8    00000026     Car.o (.text._ZN3Car5ResetEv)
                  000184de    00000002     --HOLE-- [fill = 0]
                  000184e0    00000024     libclang_rt.builtins.a : muldi3.S.obj (.text.__muldi3)
                  00018504    00000020     SlidePot.o (.text._ZN8SlidePot4SyncEv)
                  00018524    00000020     SlidePot.o (.text._ZN8SlidePotC2Ejj)
                  00018544    0000001e     ST7735.o (.text._ZL9pushColort)
                  00018562    00000002     --HOLE-- [fill = 0]
                  00018564    0000001e     libclang_rt.builtins.a : ashldi3.S.obj (.text.__ashldi3)
                  00018582    00000002     --HOLE-- [fill = 0]
                  00018584    0000001c     startup_mspm0g3507_ticlang.o (.text.Default_Handler)
                  000185a0    0000001c     startup_mspm0g3507_ticlang.o (.text.HardFault_Handler)
                  000185bc    0000001c     libc.a : memory.c.obj (.text.free_list_remove)
                  000185d8    0000001a     Car.o (.text._ZN3Car7Set_PosEjj)
                  000185f2    00000002     --HOLE-- [fill = 0]
                  000185f4    00000018     Switch.o (.text._Z11Switch_Initv)
                  0001860c    00000018     Lab9HMain.o (.text.__cxx_global_var_init.1)
                  00018624    00000018     Lab9HMain.o (.text.__cxx_global_var_init)
                  0001863c    00000016     ST7735.o (.text._Z11ST7735_openPKcji)
                  00018652    00000016     ST7735.o (.text._Z11ST7735_readiPcj)
                  00018668    00000016     libc.a : copy_zero_init.c.obj (.text:decompress:ZI:__TI_zero_init_nomemset)
                  0001867e    00000014     Lab9HMain.o (.text._GLOBAL__sub_I_Lab9HMain.cpp)
                  00018692    00000014     SlidePot.o (.text._ZN8SlidePot4SaveEj)
                  000186a6    00000002     --HOLE-- [fill = 0]
                  000186a8    00000014     libclang_rt.builtins.a : aeabi_ldivmod.S.obj (.text.__aeabi_ldivmod)
                  000186bc    00000012     libc.a : memcpy16.S.obj (.text:TI_memcpy_small)
                  000186ce    00000012            : copy_decompress_none.c.obj (.text:decompress:none)
                  000186e0    00000010     Clock.o (.text.Clock_Delay)
                  000186f0    00000010     Lab9HMain.o (.text._Z28TExaS_LaunchPadLogicPB27PB26v)
                  00018700    00000010     Car.o (.text._ZN3Car5Get_xEv)
                  00018710    00000010     Car.o (.text._ZN3Car5Get_yEv)
                  00018720    00000010     Lab9HMain.o (.text.__cxx_global_var_init.2)
                  00018730    0000000e     libc.a : memory.c.obj (.text.OUTLINED_FUNCTION_0)
                  0001873e    0000000e     ST7735.o (.text._Z12ST7735_lseekili)
                  0001874c    0000000e     libsysbm.a : hostrename.c.obj (.text.strcpy)
                  0001875a    0000000e                : hostrename.c.obj (.text.strlen)
                  00018768    0000000e     libc.a : memset16.S.obj (.text:TI_memset_small)
                  00018776    00000002     --HOLE-- [fill = 0]
                  00018778    0000000c     Clock.o (.text.Clock_Freq)
                  00018784    0000000c     ST7735.o (.text._Z13ST7735_renamePKcS0_)
                  00018790    0000000c     libclang_rt.builtins.a : aeabi_memset.S.obj (.text.__aeabi_memclr)
                  0001879c    0000000c     libc.a : memory.c.obj (.text.malloc)
                  000187a8    0000000a     ST7735.o (.text._Z12ST7735_closei)
                  000187b2    0000000a     ST7735.o (.text._Z13ST7735_unlinkPKc)
                  000187bc    0000000a     Lab9HMain.o (.text._Z8PLL_Initv)
                  000187c6    00000002     --HOLE-- [fill = 0]
                  000187c8    00000008     libclang_rt.builtins.a : aeabi_memcpy.S.obj (.text.__aeabi_memcpy)
                  000187d0    00000008     libsysbm.a : remove.c.obj (.text.remove)
                  000187d8    00000006     libc.a : exit.c.obj (.text:abort)
                  000187de    00000004     libsysbm.a : hostexit.c.obj (.text.HOSTexit)
                  000187e2    00000004     startup_mspm0g3507_ticlang.o (.text.Reset_Handler)
                  000187e6    00000004     libc.a : pre_init.c.obj (.text._system_pre_init)
                  000187ea    00000006     --HOLE-- [fill = 0]

.cinit     0    000187f0    000000a8     
                  000187f0    00000082     (.cinit..data.load) [load image, compression = lzss]
                  00018872    00000002     --HOLE-- [fill = 0]
                  00018874    0000000c     (__TI_handler_table)
                  00018880    00000008     (.cinit..bss.load) [load image, compression = zero_init]
                  00018888    00000010     (__TI_cinit_table)

.rodata    0    000000c0    00015048     
                  000000c0    0000a000     Lab9HMain.o (.rodata._ZL4T1_2)
                  0000a0c0    0000a000     Lab9HMain.o (.rodata._ZL6T17_20)
                  000140c0    000004fb     ST7735.o (.rodata._ZL4Font)
                  000145bb    00000001     --HOLE-- [fill = 0]
                  000145bc    000002d0     Car.o (.rodata._ZL9sin_table)
                  0001488c    00000190     Car.o (.rodata._ZL5lotus)
                  00014a1c    00000188     Car.o (.rodata._ZL8BlueBall)
                  00014ba4    00000188     Lab9HMain.o (.rodata._ZL8BlueBall)
                  00014d2c    000000c0     Car.o (.rodata._ZL11exige_gear1)
                  00014dec    000000c0     Car.o (.rodata._ZL11exige_gear2)
                  00014eac    00000060     Car.o (.rodata._ZL11exige_gear3)
                  00014f0c    00000060     Car.o (.rodata._ZL11exige_gear4)
                  00014f6c    00000060     Car.o (.rodata._ZL11exige_gear5)
                  00014fcc    00000060     Car.o (.rodata._ZL11exige_gear6)
                  0001502c    0000003b     ST7735.o (.rodata._ZL5Rcmd1)
                  00015067    0000002b     ST7735.o (.rodata._ZL5Rcmd3)
                  00015092    00000002     ST7735.o (.rodata.str1.18358205720993799461.1)
                  00015094    00000028     Lab9HMain.o (.rodata.track)
                  000150bc    00000016     ST7735.o (.rodata.str1.14736978382213673245.1)
                  000150d2    0000000d     ST7735.o (.rodata._ZL10Rcmd2green)
                  000150df    0000000d     ST7735.o (.rodata._ZL8Rcmd2red)
                  000150ec    00000008     ST7735.o (.rodata.str1.7209918599617305731.1)
                  000150f4    00000007     ST7735.o (.rodata.str1.10208736415454880443.1)
                  000150fb    00000007     ST7735.o (.rodata.str1.8723687351022562626.1)
                  00015102    00000006     --HOLE-- [fill = 0]

.init_array 
*          0    00015108    00000008     
                  00015108    00000004     Lab9HMain.o (.init_array)
                  0001510c    00000004     --HOLE-- [fill = 0]

.data      0    20200000    00000285     UNINITIALIZED
                  20200000    000000f0     libc.a : defs.c.obj (.data._ftable)
                  202000f0    00000078     libsysbm.a : host_device.c.obj (.data._device)
                  20200168    00000050                : host_device.c.obj (.data._stream)
                  202001b8    0000002c     Lab9HMain.o (.data.racecar)
                  202001e4    00000018     Lab9HMain.o (.data.Sensor)
                  202001fc    00000018     Lab9HMain.o (.data.Sensor_Acc)
                  20200214    00000014     Lab9HMain.o (.data.seg)
                  20200228    0000000c     Car.o (.data.images)
                  20200234    00000008     libc.a : exit.c.obj (.data..L_MergedGlobals)
                  2020023c    00000004     Clock.o (.data.BusFreq)
                  20200240    00000004     ST7735.o (.data.StX)
                  20200244    00000004     ST7735.o (.data.StY)
                  20200248    00000004     libc.a : defs.c.obj (.data.__TI_ft_end)
                  2020024c    00000004            : _lock.c.obj (.data._lock)
                  20200250    00000004            : _lock.c.obj (.data._unlock)
                  20200254    00000004     Lab9HMain.o (.data.count)
                  20200258    00000004     Lab9HMain.o (.data.current_bg)
                  2020025c    00000004     Lab9HMain.o (.data.lap_count)
                  20200260    00000004     Lab9HMain.o (.data.lap_record)
                  20200264    00000004     Lab9HMain.o (.data.o)
                  20200268    00000004     Lab9HMain.o (.data.os)
                  2020026c    00000004     Lab9HMain.o (.data.prev_sout)
                  20200270    00000002     ST7735.o (.data.StTextColor)
                  20200272    00000002     ST7735.o (.data._ZL6_width)
                  20200274    00000002     ST7735.o (.data._ZL7_height)
                  20200276    00000002     Lab9HMain.o (.data.old_x)
                  20200278    00000002     Lab9HMain.o (.data.old_y)
                  2020027a    00000001     Lab9HMain.o (.data.cleared)
                  2020027b    00000001     Lab9HMain.o (.data.lap_complete)
                  2020027c    00000001     libsysbm.a : add_device.c.obj (.data.add_device.device_init)
                  2020027d    00000001     Lab9HMain.o (.data.pause_flag)
                  2020027e    00000001     Lab9HMain.o (.data.track_idx)
                  2020027f    00000001     --HOLE--
                  20200280    00000001     libc.a : memory.c.obj (.data.memory_is_initialized)
                  20200281    00000003     --HOLE--
                  20200284    00000001     libsysbm.a : open.c.obj (.data.open.stream_init)

.sysmem    0    20200288    00000200     UNINITIALIZED
                  20200288    00000010     libc.a : memory.c.obj (.sysmem)
                  20200298    000001f0     --HOLE--

.bss       0    20200488    000001e7     UNINITIALIZED
                  20200488    00000120     libsysbm.a : trgmsg.c.obj (.bss:_CIOBUF_)
                  202005a8    000000a0     libc.a : defs.c.obj (.bss.__TI_tmpnams)
                  20200648    0000000c     ST7735.o (.bss.Message)
                  20200654    00000008     libsysbm.a : hostopen.c.obj (.bss.parmbuf)
                  2020065c    00000004     ST7735.o (.bss.Messageindex)
                  20200660    00000004     TExaS.o (.bss.TExaSLogic)
                  20200664    00000004     TExaS.o (.bss.TExaSadc)
                  20200668    00000004     libc.a : memory.c.obj (.bss.sys_free)
                  2020066c    00000001     ST7735.o (.bss._ZL8ColStart)
                  2020066d    00000001     ST7735.o (.bss._ZL8RowStart)
                  2020066e    00000001     ST7735.o (.bss._ZL8TabColor)

.stack     0    20207e00    00000200     UNINITIALIZED
                  20207e00    00000004     libc.a : boot_cortex_m.c.obj (.stack)
                  20207e04    000001fc     --HOLE--

__llvm_prf_cnts 
*          0    20200000    00000000     UNINITIALIZED

__llvm_prf_bits 
*          0    20200000    00000000     UNINITIALIZED

MODULE SUMMARY

       Module                         code    ro data   rw data
       ------                         ----    -------   -------
    .\
       Lab9HMain.o                    938     82356     148    
       ST7735.o                       3086    1449      33     
       Car.o                          1504    2280      12     
       track.o                        1408    0         0      
       TExaS.o                        720     0         8      
       SlidePot.o                     526     0         0      
       Clock.o                        516     0         4      
       SPI.o                          440     0         0      
       Timer.o                        316     0         0      
       LaunchPad.o                    180     0         0      
       LED.o                          52      0         0      
       Switch.o                       24      0         0      
       Sound.o                        4       0         0      
    +--+------------------------------+-------+---------+---------+
       Total:                         9714    86085     205    
                                                               
    .\ticlang\
       startup_mspm0g3507_ticlang.o   60      192       0      
    +--+------------------------------+-------+---------+---------+
       Total:                         60      192       0      
                                                               
    C:\ti\ccs2040\ccs\tools\compiler\ti-cgt-armllvm_4.0.4.LTS\lib\armv6m-ti-none-eabi/c/libc.a
       memory.c.obj                   702     0         5      
       fopen.c.obj                    556     0         0      
       defs.c.obj                     0       0         404    
       setvbuf.c.obj                  224     0         0      
       getdevice.c.obj                160     0         0      
       strcmp-armv6m.S.obj            136     0         0      
       copy_decompress_lzss.c.obj     124     0         0      
       fclose.c.obj                   124     0         0      
       autoinit.c.obj                 84      0         0      
       fflush.c.obj                   82      0         0      
       exit.c.obj                     58      0         8      
       boot_cortex_m.c.obj            40      0         0      
       copy_zero_init.c.obj           22      0         0      
       copy_decompress_none.c.obj     18      0         0      
       memcpy16.S.obj                 18      0         0      
       memset16.S.obj                 14      0         0      
       _lock.c.obj                    2       0         8      
       pre_init.c.obj                 4       0         0      
    +--+------------------------------+-------+---------+---------+
       Total:                         2368    0         425    
                                                               
    C:\ti\ccs2040\ccs\tools\compiler\ti-cgt-armllvm_4.0.4.LTS\lib\armv6m-ti-none-eabi/c/libsysbm.a
       trgmsg.c.obj                   104     0         288    
       add_device.c.obj               236     0         1      
       host_device.c.obj              0       0         200    
       open.c.obj                     160     0         1      
       hostrename.c.obj               136     0         0      
       hostlseek.c.obj                108     0         0      
       hostopen.c.obj                 96      0         8      
       hostread.c.obj                 88      0         0      
       hostwrite.c.obj                88      0         0      
       close.c.obj                    80      0         0      
       hostclose.c.obj                72      0         0      
       hostunlink.c.obj               72      0         0      
       unlink.c.obj                   44      0         0      
       write.c.obj                    40      0         0      
       remove.c.obj                   8       0         0      
       hostexit.c.obj                 4       0         0      
    +--+------------------------------+-------+---------+---------+
       Total:                         1336    0         498    
                                                               
    C:\ti\ccs2040\ccs\tools\compiler\ti-cgt-armllvm_4.0.4.LTS\lib\armv6m-ti-none-eabi/libclang_rt.builtins.a
       udivmoddi4.S.obj               162     0         0      
       aeabi_idivmod.S.obj            86      0         0      
       aeabi_uidivmod.S.obj           64      0         0      
       divmoddi4.c.obj                62      0         0      
       muldsi3.S.obj                  58      0         0      
       muldi3.S.obj                   36      0         0      
       ashldi3.S.obj                  30      0         0      
       aeabi_ldivmod.S.obj            20      0         0      
       aeabi_memset.S.obj             12      0         0      
       aeabi_memcpy.S.obj             8       0         0      
       aeabi_div0.c.obj               4       0         0      
    +--+------------------------------+-------+---------+---------+
       Total:                         542     0         0      
                                                               
       Heap:                          0       0         512    
       Stack:                         0       0         512    
       Linker Generated:              0       166       0      
    +--+------------------------------+-------+---------+---------+
       Grand Total:                   14020   86443     2152   


LINKER GENERATED COPY TABLES

__TI_cinit_table @ 00018888 records: 2, size/record: 8, table size: 16
	.data: load addr=000187f0, load size=00000082 bytes, run addr=20200000, run size=00000285 bytes, compression=lzss
	.bss: load addr=00018880, load size=00000008 bytes, run addr=20200488, run size=000001e7 bytes, compression=zero_init


LINKER GENERATED HANDLER TABLE

__TI_handler_table @ 00018874 records: 3, size/record: 4, table size: 12
	index: 0, handler: __TI_decompress_lzss
	index: 1, handler: __TI_decompress_none
	index: 2, handler: __TI_zero_init


GLOBAL SYMBOLS: SORTED ALPHABETICALLY BY Name 

address   name                                       
-------   ----                                       
00018585  ADC0_IRQHandler                            
00018585  ADC1_IRQHandler                            
00018585  AES_IRQHandler                             
2020023c  BusFreq                                    
000187de  C$$EXIT                                    
00018269  C$$IO$$                                    
00018585  CANFD0_IRQHandler                          
000186e1  Clock_Delay                                
00018105  Clock_Delay1ms                             
00018779  Clock_Freq                                 
00015a5d  Clock_Init80MHz                            
00018585  DAC0_IRQHandler                            
00018585  DMA_IRQHandler                             
00018585  Default_Handler                            
00018585  GROUP0_IRQHandler                          
00018585  GROUP1_IRQHandler                          
00017e05  HOSTclose                                  
000187df  HOSTexit                                   
000178fd  HOSTlseek                                  
00017aa5  HOSTopen                                   
00017b05  HOSTread                                   
00017969  HOSTrename                                 
00017e4d  HOSTunlink                                 
00017b5d  HOSTwrite                                  
000185a1  HardFault_Handler                          
00018585  I2C0_IRQHandler                            
00018585  I2C1_IRQHandler                            
20200648  Message                                    
2020065c  Messageindex                               
00018585  NMI_Handler                                
00018585  PendSV_Handler                             
00018585  RTC_IRQHandler                             
000187e3  Reset_Handler                              
00015108  SHT$$INIT_ARRAY$$Base                      
0001510c  SHT$$INIT_ARRAY$$Limit                     
00018585  SPI0_IRQHandler                            
00018585  SPI1_IRQHandler                            
00018585  SVC_Handler                                
202001e4  Sensor                                     
202001fc  Sensor_Acc                                 
20200270  StTextColor                                
20200240  StX                                        
20200244  StY                                        
00016b73  SysTick_Handler                            
20200660  TExaSLogic                                 
20200664  TExaSadc                                   
00018585  TIMA0_IRQHandler                           
00018585  TIMA1_IRQHandler                           
00018585  TIMG0_IRQHandler                           
000162e5  TIMG12_IRQHandler                          
00018585  TIMG6_IRQHandler                           
00017edd  TIMG7_IRQHandler                           
00018585  TIMG8_IRQHandler                           
000186bd  TI_memcpy_small                            
00018769  TI_memset_small                            
00018585  UART0_IRQHandler                           
00018585  UART1_IRQHandler                           
00018585  UART2_IRQHandler                           
00018585  UART3_IRQHandler                           
20200488  _CIOBUF_                                   
00016e77  _Z10Sound_Initv                            
00017bb5  _Z10TExaS_InitP10ADC12_RegsjPFhvE          
00018095  _Z11SPI_OutDatac                           
0001863d  _Z11ST7735_openPKcji                       
00018653  _Z11ST7735_readiPcj                        
000185f5  _Z11Switch_Initv                           
00017c65  _Z11fillmessagej                           
00017509  _Z12Display_Timessj                        
00017245  _Z12ST7735_InitR10initRFlags               
000187a9  _Z12ST7735_closei                          
0001873f  _Z12ST7735_lseekili                        
00018139  _Z12ST7735_writeiPKcj                      
00017371  _Z12fillmessage4j                          
00018785  _Z13ST7735_renamePKcS0_                    
000187b3  _Z13ST7735_unlinkPKc                       
00017719  _Z14LaunchPad_Initv                        
00017e95  _Z14SPI_OutCommandc                        
00016b75  _Z14ST7735_OutCharc                        
0001758d  _Z14ST7735_OutUDecj                        
00016e79  _Z14TimerG7_IntArmtjj                      
000180cd  _Z15ActivatePortA_Bv                       
00015111  _Z15Display_Segment12TrackSegmentR3CarPsS2_
000161cd  _Z15ST7735_FillRectsssst                   
00017611  _Z15ST7735_OutUDec4j                       
000172dd  _Z15TimerG12_IntArmjj                      
00015c11  _Z16ST7735_DrawCharSsscssh                 
0001788d  _Z16ST7735_DrawPixelsst                    
0001816d  _Z16ST7735_SetCursorjj                     
00015481  _Z17ST7735_DrawBitmapssPKtss               
00017695  _Z17ST7735_DrawStringttPcs                 
0001836d  _Z17ST7735_FillScreent                     
00017069  _Z17ST7735_InitPrintf10initRFlags          
000186f1  _Z28TExaS_LaunchPadLogicPB27PB26v          
000160a5  _Z8ADC_InitP10ADC12_Regsjj                 
00016a95  _Z8Draw_CarssPKtS0_                        
000181a1  _Z8LED_Initv                               
000187bd  _Z8PLL_Initv                               
0001650d  _Z8SPI_Initv                               
000183f1  _Z9ADC_StartP10ADC12_Regs                  
00016dc9  _Z9Erase_CarssPKt                          
00017f1d  _Z9SPI_Resetv                              
000167e5  _Z9UART_Initv                              
00016d0d  _ZN3Car15Update_PositionEjj                
00015db1  _ZN3Car15Update_VelocityEj                 
00018701  _ZN3Car5Get_xEv                            
00018711  _ZN3Car5Get_yEv                            
000184b9  _ZN3Car5ResetEv                            
00017cb9  _ZN3Car5shiftEv                            
000185d9  _ZN3Car7Set_PosEjj                         
00015891  _ZN3Car8calc_rpmEj                         
00016c45  _ZN3Car9Set_AngleEj                        
0001801d  _ZN3CarC1Ev                                
0001801d  _ZN3CarC2Ev                                
000171a9  _ZN8SlidePot2InEv                          
00016605  _ZN8SlidePot4InitEv                        
00018693  _ZN8SlidePot4SaveEj                        
00018505  _ZN8SlidePot4SyncEv                        
00018525  _ZN8SlidePotC1Ejj                          
000183c5  _ZN8SlidePotC1Ejjb                         
00018525  _ZN8SlidePotC2Ejj                          
000183c5  _ZN8SlidePotC2Ejjb                         
20200488  __CIOBUF_                                  
20208000  __STACK_END                                
00000200  __STACK_SIZE                               
00000200  __SYSMEM_SIZE                              
00000000  __TI_ATRegion0_region_sz                   
00000000  __TI_ATRegion0_src_addr                    
00000000  __TI_ATRegion0_trg_addr                    
00000000  __TI_ATRegion1_region_sz                   
00000000  __TI_ATRegion1_src_addr                    
00000000  __TI_ATRegion1_trg_addr                    
00000000  __TI_ATRegion2_region_sz                   
00000000  __TI_ATRegion2_src_addr                    
00000000  __TI_ATRegion2_trg_addr                    
00018888  __TI_CINIT_Base                            
00018898  __TI_CINIT_Limit                           
00018898  __TI_CINIT_Warm                            
00018874  __TI_Handler_Table_Base                    
00018880  __TI_Handler_Table_Limit                   
00017d0d  __TI_auto_init_nobinit                     
000181d5  __TI_cleanup                               
20200234  __TI_cleanup_ptr                           
00017795  __TI_closefile                             
00017811  __TI_decompress_lzss                       
000186cf  __TI_decompress_none                       
00017d61  __TI_doflush                               
20200238  __TI_dtors_ptr                             
20200248  __TI_ft_end                                
ffffffff  __TI_pprof_out_hndl                        
ffffffff  __TI_prof_data_size                        
ffffffff  __TI_prof_data_start                       
00018209  __TI_readmsg                               
00000000  __TI_static_base__                         
202005a8  __TI_tmpnams                               
0001823d  __TI_writemsg                              
00018669  __TI_zero_init_nomemset                    
00017c0d  __aeabi_idiv                               
00016fc3  __aeabi_idiv0                              
00017c0d  __aeabi_idivmod                            
00017067  __aeabi_ldiv0                              
000186a9  __aeabi_ldivmod                            
00018565  __aeabi_llsl                               
000184e1  __aeabi_lmul                               
00018791  __aeabi_memclr                             
00018791  __aeabi_memclr4                            
00018791  __aeabi_memclr8                            
000187c9  __aeabi_memcpy                             
000187c9  __aeabi_memcpy4                            
000187c9  __aeabi_memcpy8                            
00017f5d  __aeabi_uidiv                              
00017f5d  __aeabi_uidivmod                           
00018565  __ashldi3                                  
ffffffff  __binit__                                  
00017fdd  __divmoddi4                                
UNDEFED   __mpu_init                                 
000184e1  __muldi3                                   
00018059  __muldsi3                                  
20207e00  __stack                                    
20200000  __start___llvm_prf_bits                    
20200000  __start___llvm_prf_cnts                    
20200000  __stop___llvm_prf_bits                     
20200000  __stop___llvm_prf_cnts                     
00016fc5  __udivmoddi4                               
00018491  _c_int00_noargs                            
202000f0  _device                                    
20200000  _ftable                                    
2020024c  _lock                                      
00017c63  _nop                                       
20200168  _stream                                    
20200288  _sys_memory                                
UNDEFED   _system_post_cinit                         
000187e7  _system_pre_init                           
20200250  _unlock                                    
000187d9  abort                                      
000166f9  add_device                                 
000163f9  aligned_alloc                              
ffffffff  binit                                      
2020027a  cleared                                    
00017db5  close                                      
20200254  count                                      
20200258  current_bg                                 
00018271  exit                                       
000182a5  finddevice                                 
0001833d  fopen                                      
000168cd  free                                       
000182d9  freopen                                    
000179d5  getdevice                                  
20200228  images                                     
00000000  interruptVectors                           
2020027b  lap_complete                               
2020025c  lap_count                                  
20200260  lap_record                                 
00015691  main                                       
0001879d  malloc                                     
000163f9  memalign                                   
20200264  o                                          
20200276  old_x                                      
20200278  old_y                                      
00017109  open                                       
20200268  os                                         
20200654  parmbuf                                    
2020027d  pause_flag                                 
2020026c  prev_sout                                  
202001b8  racecar                                    
000187d1  remove                                     
20200214  seg                                        
000169b5  setvbuf                                    
00017481  strcmp                                     
00015094  track                                      
2020027e  track_idx                                  
00018399  unlink                                     
00018469  write                                      


GLOBAL SYMBOLS: SORTED BY Symbol Address 

address   name                                       
-------   ----                                       
00000000  __TI_ATRegion0_region_sz                   
00000000  __TI_ATRegion0_src_addr                    
00000000  __TI_ATRegion0_trg_addr                    
00000000  __TI_ATRegion1_region_sz                   
00000000  __TI_ATRegion1_src_addr                    
00000000  __TI_ATRegion1_trg_addr                    
00000000  __TI_ATRegion2_region_sz                   
00000000  __TI_ATRegion2_src_addr                    
00000000  __TI_ATRegion2_trg_addr                    
00000000  __TI_static_base__                         
00000000  interruptVectors                           
00000200  __STACK_SIZE                               
00000200  __SYSMEM_SIZE                              
00015094  track                                      
00015108  SHT$$INIT_ARRAY$$Base                      
0001510c  SHT$$INIT_ARRAY$$Limit                     
00015111  _Z15Display_Segment12TrackSegmentR3CarPsS2_
00015481  _Z17ST7735_DrawBitmapssPKtss               
00015691  main                                       
00015891  _ZN3Car8calc_rpmEj                         
00015a5d  Clock_Init80MHz                            
00015c11  _Z16ST7735_DrawCharSsscssh                 
00015db1  _ZN3Car15Update_VelocityEj                 
000160a5  _Z8ADC_InitP10ADC12_Regsjj                 
000161cd  _Z15ST7735_FillRectsssst                   
000162e5  TIMG12_IRQHandler                          
000163f9  aligned_alloc                              
000163f9  memalign                                   
0001650d  _Z8SPI_Initv                               
00016605  _ZN8SlidePot4InitEv                        
000166f9  add_device                                 
000167e5  _Z9UART_Initv                              
000168cd  free                                       
000169b5  setvbuf                                    
00016a95  _Z8Draw_CarssPKtS0_                        
00016b73  SysTick_Handler                            
00016b75  _Z14ST7735_OutCharc                        
00016c45  _ZN3Car9Set_AngleEj                        
00016d0d  _ZN3Car15Update_PositionEjj                
00016dc9  _Z9Erase_CarssPKt                          
00016e77  _Z10Sound_Initv                            
00016e79  _Z14TimerG7_IntArmtjj                      
00016fc3  __aeabi_idiv0                              
00016fc5  __udivmoddi4                               
00017067  __aeabi_ldiv0                              
00017069  _Z17ST7735_InitPrintf10initRFlags          
00017109  open                                       
000171a9  _ZN8SlidePot2InEv                          
00017245  _Z12ST7735_InitR10initRFlags               
000172dd  _Z15TimerG12_IntArmjj                      
00017371  _Z12fillmessage4j                          
00017481  strcmp                                     
00017509  _Z12Display_Timessj                        
0001758d  _Z14ST7735_OutUDecj                        
00017611  _Z15ST7735_OutUDec4j                       
00017695  _Z17ST7735_DrawStringttPcs                 
00017719  _Z14LaunchPad_Initv                        
00017795  __TI_closefile                             
00017811  __TI_decompress_lzss                       
0001788d  _Z16ST7735_DrawPixelsst                    
000178fd  HOSTlseek                                  
00017969  HOSTrename                                 
000179d5  getdevice                                  
00017aa5  HOSTopen                                   
00017b05  HOSTread                                   
00017b5d  HOSTwrite                                  
00017bb5  _Z10TExaS_InitP10ADC12_RegsjPFhvE          
00017c0d  __aeabi_idiv                               
00017c0d  __aeabi_idivmod                            
00017c63  _nop                                       
00017c65  _Z11fillmessagej                           
00017cb9  _ZN3Car5shiftEv                            
00017d0d  __TI_auto_init_nobinit                     
00017d61  __TI_doflush                               
00017db5  close                                      
00017e05  HOSTclose                                  
00017e4d  HOSTunlink                                 
00017e95  _Z14SPI_OutCommandc                        
00017edd  TIMG7_IRQHandler                           
00017f1d  _Z9SPI_Resetv                              
00017f5d  __aeabi_uidiv                              
00017f5d  __aeabi_uidivmod                           
00017fdd  __divmoddi4                                
0001801d  _ZN3CarC1Ev                                
0001801d  _ZN3CarC2Ev                                
00018059  __muldsi3                                  
00018095  _Z11SPI_OutDatac                           
000180cd  _Z15ActivatePortA_Bv                       
00018105  Clock_Delay1ms                             
00018139  _Z12ST7735_writeiPKcj                      
0001816d  _Z16ST7735_SetCursorjj                     
000181a1  _Z8LED_Initv                               
000181d5  __TI_cleanup                               
00018209  __TI_readmsg                               
0001823d  __TI_writemsg                              
00018269  C$$IO$$                                    
00018271  exit                                       
000182a5  finddevice                                 
000182d9  freopen                                    
0001833d  fopen                                      
0001836d  _Z17ST7735_FillScreent                     
00018399  unlink                                     
000183c5  _ZN8SlidePotC1Ejjb                         
000183c5  _ZN8SlidePotC2Ejjb                         
000183f1  _Z9ADC_StartP10ADC12_Regs                  
00018469  write                                      
00018491  _c_int00_noargs                            
000184b9  _ZN3Car5ResetEv                            
000184e1  __aeabi_lmul                               
000184e1  __muldi3                                   
00018505  _ZN8SlidePot4SyncEv                        
00018525  _ZN8SlidePotC1Ejj                          
00018525  _ZN8SlidePotC2Ejj                          
00018565  __aeabi_llsl                               
00018565  __ashldi3                                  
00018585  ADC0_IRQHandler                            
00018585  ADC1_IRQHandler                            
00018585  AES_IRQHandler                             
00018585  CANFD0_IRQHandler                          
00018585  DAC0_IRQHandler                            
00018585  DMA_IRQHandler                             
00018585  Default_Handler                            
00018585  GROUP0_IRQHandler                          
00018585  GROUP1_IRQHandler                          
00018585  I2C0_IRQHandler                            
00018585  I2C1_IRQHandler                            
00018585  NMI_Handler                                
00018585  PendSV_Handler                             
00018585  RTC_IRQHandler                             
00018585  SPI0_IRQHandler                            
00018585  SPI1_IRQHandler                            
00018585  SVC_Handler                                
00018585  TIMA0_IRQHandler                           
00018585  TIMA1_IRQHandler                           
00018585  TIMG0_IRQHandler                           
00018585  TIMG6_IRQHandler                           
00018585  TIMG8_IRQHandler                           
00018585  UART0_IRQHandler                           
00018585  UART1_IRQHandler                           
00018585  UART2_IRQHandler                           
00018585  UART3_IRQHandler                           
000185a1  HardFault_Handler                          
000185d9  _ZN3Car7Set_PosEjj                         
000185f5  _Z11Switch_Initv                           
0001863d  _Z11ST7735_openPKcji                       
00018653  _Z11ST7735_readiPcj                        
00018669  __TI_zero_init_nomemset                    
00018693  _ZN8SlidePot4SaveEj                        
000186a9  __aeabi_ldivmod                            
000186bd  TI_memcpy_small                            
000186cf  __TI_decompress_none                       
000186e1  Clock_Delay                                
000186f1  _Z28TExaS_LaunchPadLogicPB27PB26v          
00018701  _ZN3Car5Get_xEv                            
00018711  _ZN3Car5Get_yEv                            
0001873f  _Z12ST7735_lseekili                        
00018769  TI_memset_small                            
00018779  Clock_Freq                                 
00018785  _Z13ST7735_renamePKcS0_                    
00018791  __aeabi_memclr                             
00018791  __aeabi_memclr4                            
00018791  __aeabi_memclr8                            
0001879d  malloc                                     
000187a9  _Z12ST7735_closei                          
000187b3  _Z13ST7735_unlinkPKc                       
000187bd  _Z8PLL_Initv                               
000187c9  __aeabi_memcpy                             
000187c9  __aeabi_memcpy4                            
000187c9  __aeabi_memcpy8                            
000187d1  remove                                     
000187d9  abort                                      
000187de  C$$EXIT                                    
000187df  HOSTexit                                   
000187e3  Reset_Handler                              
000187e7  _system_pre_init                           
00018874  __TI_Handler_Table_Base                    
00018880  __TI_Handler_Table_Limit                   
00018888  __TI_CINIT_Base                            
00018898  __TI_CINIT_Limit                           
00018898  __TI_CINIT_Warm                            
20200000  __start___llvm_prf_bits                    
20200000  __start___llvm_prf_cnts                    
20200000  __stop___llvm_prf_bits                     
20200000  __stop___llvm_prf_cnts                     
20200000  _ftable                                    
202000f0  _device                                    
20200168  _stream                                    
202001b8  racecar                                    
202001e4  Sensor                                     
202001fc  Sensor_Acc                                 
20200214  seg                                        
20200228  images                                     
20200234  __TI_cleanup_ptr                           
20200238  __TI_dtors_ptr                             
2020023c  BusFreq                                    
20200240  StX                                        
20200244  StY                                        
20200248  __TI_ft_end                                
2020024c  _lock                                      
20200250  _unlock                                    
20200254  count                                      
20200258  current_bg                                 
2020025c  lap_count                                  
20200260  lap_record                                 
20200264  o                                          
20200268  os                                         
2020026c  prev_sout                                  
20200270  StTextColor                                
20200276  old_x                                      
20200278  old_y                                      
2020027a  cleared                                    
2020027b  lap_complete                               
2020027d  pause_flag                                 
2020027e  track_idx                                  
20200288  _sys_memory                                
20200488  _CIOBUF_                                   
20200488  __CIOBUF_                                  
202005a8  __TI_tmpnams                               
20200648  Message                                    
20200654  parmbuf                                    
2020065c  Messageindex                               
20200660  TExaSLogic                                 
20200664  TExaSadc                                   
20207e00  __stack                                    
20208000  __STACK_END                                
ffffffff  __TI_pprof_out_hndl                        
ffffffff  __TI_prof_data_size                        
ffffffff  __TI_prof_data_start                       
ffffffff  __binit__                                  
ffffffff  binit                                      
UNDEFED   __mpu_init                                 
UNDEFED   _system_post_cinit                         

[232 symbols]
