******************************************************************************
            TI ARM Clang Linker PC v4.0.4                      
******************************************************************************
>> Linked Thu Apr 23 12:38:30 2026

OUTPUT FILE NAME:   <ECE319K_Lab9H.out>
ENTRY POINT SYMBOL: "_c_int00_noargs"  address: 00011e4d


MEMORY CONFIGURATION

         name            origin    length      used     unused   attr    fill
----------------------  --------  ---------  --------  --------  ----  --------
  FLASH                 00000000   00020000  00012388  0000dc78  R  X
  SRAM                  20200000   00008000  00000abf  00007541  RW X
  BCR_CONFIG            41c00000   00000080  00000000  00000080  R   
  BSL_CONFIG            41c00100   00000080  00000000  00000080  R   


SEGMENT ALLOCATION MAP

run origin  load origin   length   init length attrs members
----------  ----------- ---------- ----------- ----- -------
00000000    00000000    00012388   00012388    r-x
  00000000    00000000    000000c0   000000c0    r-- .intvecs
  000000c0    000000c0    0000aee8   0000aee8    r-- .rodata
  0000afa8    0000afa8    00000008   00000008    r-- .init_array
  0000afb0    0000afb0    00007330   00007330    r-x .text
  000122e0    000122e0    000000a8   000000a8    r-- .cinit
20200000    20200000    000008c8   00000000    rw-
  20200000    20200000    000004bd   00000000    rw- .data
  202004c0    202004c0    00000202   00000000    rw- .bss
  202006c8    202006c8    00000200   00000000    rw- .sysmem
20207e00    20207e00    00000200   00000000    rw-
  20207e00    20207e00    00000200   00000000    rw- .stack


SECTION ALLOCATION MAP

 output                                  attributes/
section   page    origin      length       input sections
--------  ----  ----------  ----------   ----------------
.intvecs   0    00000000    000000c0     
                  00000000    000000c0     startup_mspm0g3507_ticlang.o (.intvecs)

.binit     0    00000000    00000000     

.text      0    0000afb0    00007330     
                  0000afb0    00000598     ff.o (.text._ZL11find_volumePP5FATFSPPKch)
                  0000b548    000004ac     track.o (.text._Z15Display_Segment12TrackSegmentR3CarPsS2_)
                  0000b9f4    00000318     ff.o (.text._ZL11create_nameP3DIRPPKc)
                  0000bd0c    000002f0     Lab9HMain.o (.text.main)
                  0000bffc    000002b8     diskio.o (.text.disk_ioctl)
                  0000c2b4    000002a4     ff.o (.text.f_lseek)
                  0000c558    00000298     ff.o (.text.f_read)
                  0000c7f0    00000270     ff.o (.text.f_open)
                  0000ca60    00000228     diskio.o (.text.disk_initialize)
                  0000cc88    00000210     ST7735_SDC.o (.text._Z17ST7735_DrawBitmapssPKtss)
                  0000ce98    000001d0     ff.o (.text._Z7put_fatP5FATFSmm)
                  0000d068    000001cc     ff.o (.text._ZL8dir_nextP3DIRi)
                  0000d234    000001cc     Car.o (.text._ZN3Car8calc_rpmEj)
                  0000d400    000001c4     Car.o (.text._ZN3Car15Update_VelocityEj)
                  0000d5c4    000001bc     track.o (.text._Z10Update_CarssssPKtPKc)
                  0000d780    000001b4     Clock.o (.text.Clock_Init80MHz)
                  0000d934    000001b0     StartScreen.o (.text._ZL18DrawLanguageSelecth)
                  0000dae4    000001a0     ST7735_SDC.o (.text._Z16ST7735_DrawCharSsscssh)
                  0000dc84    0000016c     ff.o (.text._ZL12create_chainP5FATFSm)
                  0000ddf0    00000158     ff.o (.text._Z7get_fatP5FATFSm)
                  0000df48    00000154     libc.a : fopen.c.obj (.text._openfile)
                  0000e09c    00000144     ff.o (.text._ZL7sync_fsP5FATFS)
                  0000e1e0    00000140     diskio.o (.text._Z9SPI1_Initv)
                  0000e320    00000134     Lab9HMain.o (.text.TIMG12_IRQHandler)
                  0000e454    0000012c     SDImage.o (.text._Z12SDImage_Initv)
                  0000e580    00000128     TExaS.o (.text._Z8ADC_InitP10ADC12_Regsjj)
                  0000e6a8    00000126     diskio.o (.text._ZL8send_cmdhm)
                  0000e7ce    00000124     ff.o (.text._ZL7dir_sdiP3DIRj)
                  0000e8f2    00000120     ff.o (.text._ZL11follow_pathP3DIRPKc)
                  0000ea12    00000002     libclang_rt.builtins.a : aeabi_div0.c.obj (.text.__aeabi_idiv0)
                  0000ea14    00000118     ST7735_SDC.o (.text._Z15ST7735_FillRectsssst)
                  0000eb2c    00000118     diskio.o (.text.disk_write)
                  0000ec44    00000114     libc.a : memory.c.obj (.text.aligned_alloc)
                  0000ed58    00000114     ff.o (.text.f_sync)
                  0000ee6c    00000104     StartScreen.o (.text._ZL10DrawSplashv)
                  0000ef70    000000fa     SDImage.o (.text._Z12SDImage_DrawPKcss)
                  0000f06a    00000002     libclang_rt.builtins.a : aeabi_div0.c.obj (.text.__aeabi_ldiv0)
                  0000f06c    000000f4     SlidePot.o (.text._ZN8SlidePot4InitEv)
                  0000f160    000000ec     Car.o (.text._ZN3Car15Update_PositionEjj)
                  0000f24c    000000ec     libsysbm.a : add_device.c.obj (.text.add_device)
                  0000f338    000000e8     TExaS.o (.text._Z9UART_Initv)
                  0000f420    000000e8     StartScreen.o (.text._ZL11UpdateArrowh)
                  0000f508    000000e8     libc.a : memory.c.obj (.text.free)
                  0000f5f0    000000e4     diskio.o (.text.disk_read)
                  0000f6d4    000000e0     libc.a : setvbuf.c.obj (.text.setvbuf)
                  0000f7b4    000000d0     ST7735_SDC.o (.text._Z14ST7735_OutCharc)
                  0000f884    000000c8     Car.o (.text._ZN3Car9Set_AngleEj)
                  0000f94c    000000b8     ff.o (.text._ZL12remove_chainP5FATFSm)
                  0000fa04    000000b4     Sound.o (.text._Z10Sound_Initv)
                  0000fab8    000000b4     StartScreen.o (.text._Z15StartScreen_RunR8SlidePot)
                  0000fb6c    000000ae     ff.o (.text._ZL12get_ldnumberPPKc)
                  0000fc1a    00000002     libc.a : _lock.c.obj (.text._nop)
                  0000fc1c    000000ac     ff.o (.text._ZL8check_fsP5FATFSm)
                  0000fcc8    000000a8     Sound.o (.text.SysTick_Handler)
                  0000fd70    000000a8     Timer.o (.text._Z14TimerG6_IntArmtjj)
                  0000fe18    000000a8     Timer.o (.text._Z14TimerG7_IntArmtjj)
                  0000fec0    000000a6     ff.o (.text._ZL8dir_findP3DIR)
                  0000ff66    000000a2     ST7735_SDC.o (.text._ZL11commandListPKh)
                  00010008    000000a2     ff.o (.text._ZL9dir_allocP3DIRj)
                  000100aa    00000002     --HOLE-- [fill = 0]
                  000100ac    000000a2     libclang_rt.builtins.a : udivmoddi4.S.obj (.text)
                  0001014e    00000002     --HOLE-- [fill = 0]
                  00010150    000000a0     libsysbm.a : open.c.obj (.text.open)
                  000101f0    0000009c     ST7735_SDC.o (.text._Z17ST7735_InitPrintfv)
                  0001028c    0000009c     SlidePot.o (.text._ZN8SlidePot2InEv)
                  00010328    00000098     ST7735_SDC.o (.text._Z12ST7735_InitR10initRFlags)
                  000103c0    00000098     ff.o (.text.f_mount)
                  00010458    00000094     Timer.o (.text._Z15TimerG12_IntArmjj)
                  000104ec    0000008e     ff.o (.text._ZL11sync_windowP5FATFS)
                  0001057a    00000002     --HOLE-- [fill = 0]
                  0001057c    00000088     ST7735_SDC.o (.text._Z12fillmessage4j)
                  00010604    00000088     ST7735_SDC.o (.text._ZL13setAddrWindowhhhh)
                  0001068c    00000004     libsysbm.a : hostexit.c.obj (.text.HOSTexit)
                  00010690    00000088     libc.a : strcmp-armv6m.S.obj (.text:strcmp)
                  00010718    00000084     track.o (.text._Z12Display_Timessj)
                  0001079c    00000084     ST7735_SDC.o (.text._Z14ST7735_OutUDecj)
                  00010820    00000084     ST7735_SDC.o (.text._Z15ST7735_OutUDec4j)
                  000108a4    00000084     ST7735_SDC.o (.text._Z17ST7735_DrawStringttPcs)
                  00010928    0000007c     LaunchPad.o (.text._Z14LaunchPad_Initv)
                  000109a4    0000007c     libc.a : fclose.c.obj (.text.__TI_closefile)
                  00010a20    0000007c            : copy_decompress_lzss.c.obj (.text:decompress:lzss)
                  00010a9c    00000078     diskio.o (.text._ZL14rcvr_datablockPhj)
                  00010b14    00000076     diskio.o (.text._ZL14xmit_datablockPKhh)
                  00010b8a    00000002     --HOLE-- [fill = 0]
                  00010b8c    00000070     ST7735_SDC.o (.text._Z14TFT_OutCommandc)
                  00010bfc    00000070     diskio.o (.text._Z14disk_timerprocv)
                  00010c6c    00000070     ST7735_SDC.o (.text._Z16ST7735_DrawPixelsst)
                  00010cdc    0000006c     libsysbm.a : hostlseek.c.obj (.text.HOSTlseek)
                  00010d48    0000006c                : hostrename.c.obj (.text.HOSTrename)
                  00010db4    0000006c     ST7735_SDC.o (.text._Z11TFT_OutDatac)
                  00010e20    0000006c     libc.a : getdevice.c.obj (.text.getdevice)
                  00010e8c    00000068     ff.o (.text._ZL8validatePv)
                  00010ef4    00000064     libc.a : memory.c.obj (.text.split)
                  00010f58    00000062     ff.o (.text._ZL11move_windowP5FATFSm)
                  00010fba    00000002     --HOLE-- [fill = 0]
                  00010fbc    00000060     libsysbm.a : hostopen.c.obj (.text.HOSTopen)
                  0001101c    00000060     ff.o (.text._ZL12dir_registerP3DIR)
                  0001107c    00000060     StartScreen.o (.text._ZL13WaitForSwitchv)
                  000110dc    00000058     libsysbm.a : hostread.c.obj (.text.HOSTread)
                  00011134    00000058                : hostwrite.c.obj (.text.HOSTwrite)
                  0001118c    00000058     TExaS.o (.text._Z10TExaS_InitP10ADC12_RegsjPFhvE)
                  000111e4    00000056     libclang_rt.builtins.a : aeabi_idivmod.S.obj (.text.__aeabi_idivmod)
                  0001123a    00000002     --HOLE-- [fill = 0]
                  0001123c    00000054     ST7735_SDC.o (.text._Z11fillmessagej)
                  00011290    00000054     ff.o (.text._ZL7mem_cmpPKvS0_j)
                  000112e4    00000054     Car.o (.text._ZN3Car5shiftEv)
                  00011338    00000054     libc.a : autoinit.c.obj (.text:__TI_auto_init_nobinit)
                  0001138c    00000052            : fflush.c.obj (.text.__TI_doflush)
                  000113de    00000002     --HOLE-- [fill = 0]
                  000113e0    00000050     diskio.o (.text._ZL10wait_readyj)
                  00011430    00000050     diskio.o (.text._ZL14xmit_spi_multiPKhj)
                  00011480    00000050     libsysbm.a : close.c.obj (.text.close)
                  000114d0    00000048                : hostclose.c.obj (.text.HOSTclose)
                  00011518    00000048                : hostunlink.c.obj (.text.HOSTunlink)
                  00011560    00000048     diskio.o (.text._ZL8xchg_spih)
                  000115a8    00000044     diskio.o (.text._ZL6selectv)
                  000115ec    00000040     TExaS.o (.text.TIMG7_IRQHandler)
                  0001162c    00000040     Sound.o (.text._Z14SysTick_IntArmjj)
                  0001166c    00000040     SPI.o (.text._Z9SPI_Resetv)
                  000116ac    00000040     ff.o (.text._ZL7chk_chrPKci)
                  000116ec    00000040     libclang_rt.builtins.a : aeabi_uidivmod.S.obj (.text.__aeabi_uidivmod)
                  0001172c    00000040     libc.a : fopen.c.obj (.text._search_fp)
                  0001176c    00000040     ff.o (.text.f_close)
                  000117ac    0000003e     libclang_rt.builtins.a : divmoddi4.c.obj (.text.__divmoddi4)
                  000117ea    00000002     --HOLE-- [fill = 0]
                  000117ec    0000003c     diskio.o (.text._ZL8rcvr_spiv)
                  00011828    0000003c     Car.o (.text._ZN3CarC2Ev)
                  00011864    0000003a     libclang_rt.builtins.a : muldsi3.S.obj (.text.__muldsi3)
                  0001189e    00000002     --HOLE-- [fill = 0]
                  000118a0    00000038     LaunchPad.o (.text._Z15ActivatePortA_Bv)
                  000118d8    00000038     diskio.o (.text._ZL8init_spiv)
                  00011910    00000036     UART.o (.text.UART_OutUDec)
                  00011946    00000036     ff.o (.text._Z10clust2sectP5FATFSm)
                  0001197c    00000036     ff.o (.text._ZL8ld_clustP5FATFSPh)
                  000119b2    00000002     --HOLE-- [fill = 0]
                  000119b4    00000034     Clock.o (.text.Clock_Delay1ms)
                  000119e8    00000034     ST7735_SDC.o (.text._Z12ST7735_writeiPKcj)
                  00011a1c    00000034     ST7735_SDC.o (.text._Z16ST7735_SetCursorjj)
                  00011a50    00000034     LED.o (.text._Z8LED_Initv)
                  00011a84    00000034     ff.o (.text._ZL7mem_cpyPvPKvj)
                  00011ab8    00000034     libc.a : fopen.c.obj (.text.__TI_cleanup)
                  00011aec    00000034     libsysbm.a : trgmsg.c.obj (.text.__TI_readmsg)
                  00011b20    00000034                : trgmsg.c.obj (.text.__TI_writemsg)
                  00011b54    00000034     libc.a : exit.c.obj (.text.exit)
                  00011b88    00000034            : getdevice.c.obj (.text.finddevice)
                  00011bbc    00000034            : fopen.c.obj (.text.freopen)
                  00011bf0    00000030     diskio.o (.text.disk_status)
                  00011c20    00000030     libc.a : fopen.c.obj (.text.fopen)
                  00011c50    0000002c     UARTbusywait.o (.text.UART_OutChar)
                  00011c7c    0000002c     Sound.o (.text._Z11Sound_StartPKsj)
                  00011ca8    0000002c     ST7735_SDC.o (.text._Z17ST7735_FillScreent)
                  00011cd4    0000002c     ST7735_SDC.o (.text._ZL10commonInitPKh)
                  00011d00    0000002c     diskio.o (.text._ZL14rcvr_spi_multiPhj)
                  00011d2c    0000002c     libsysbm.a : unlink.c.obj (.text.unlink)
                  00011d58    0000002a     ff.o (.text._ZL7mem_setPvij)
                  00011d82    0000002a     SlidePot.o (.text._ZN8SlidePotC2Ejjb)
                  00011dac    00000028     TExaS.o (.text._Z9ADC_StartP10ADC12_Regs)
                  00011dd4    00000028     Lab9HMain.o (.text.__cxx_global_var_init.9)
                  00011dfc    00000028     libc.a : memory.c.obj (.text.free_list_insert)
                  00011e24    00000028     libsysbm.a : write.c.obj (.text.write)
                  00011e4c    00000028     libc.a : boot_cortex_m.c.obj (.text:_c_int00_noargs)
                  00011e74    00000026     UART.o (.text.UART_OutString)
                  00011e9a    00000026     ST7735_SDC.o (.text._Z16ST7735_OutStringPc)
                  00011ec0    00000026     ff.o (.text._ZL8st_clustPhm)
                  00011ee6    00000026     Car.o (.text._ZN3Car5ResetEv)
                  00011f0c    00000024     diskio.o (.text._Z7CS_Initv)
                  00011f30    00000024     libclang_rt.builtins.a : muldi3.S.obj (.text.__muldi3)
                  00011f54    00000020     SlidePot.o (.text._ZN8SlidePot4SyncEv)
                  00011f74    00000020     SlidePot.o (.text._ZN8SlidePotC2Ejj)
                  00011f94    0000001e     ST7735_SDC.o (.text._ZL9pushColort)
                  00011fb2    00000002     --HOLE-- [fill = 0]
                  00011fb4    0000001e     libclang_rt.builtins.a : ashldi3.S.obj (.text.__ashldi3)
                  00011fd2    00000002     --HOLE-- [fill = 0]
                  00011fd4    0000001c     startup_mspm0g3507_ticlang.o (.text.Default_Handler)
                  00011ff0    0000001c     startup_mspm0g3507_ticlang.o (.text.HardFault_Handler)
                  0001200c    0000001c     libc.a : memory.c.obj (.text.free_list_remove)
                  00012028    0000001a     Car.o (.text._ZN3Car7Set_PosEjj)
                  00012042    00000002     --HOLE-- [fill = 0]
                  00012044    00000018     diskio.o (.text.TIMG6_IRQHandler)
                  0001205c    00000018     Switch.o (.text._Z11Switch_Initv)
                  00012074    00000018     Switch.o (.text._Z9Switch_Inv)
                  0001208c    00000018     diskio.o (.text._ZL8deselectv)
                  000120a4    00000018     Lab9HMain.o (.text.__cxx_global_var_init.1)
                  000120bc    00000018     Lab9HMain.o (.text.__cxx_global_var_init)
                  000120d4    00000016     ST7735_SDC.o (.text._Z11ST7735_openPKcji)
                  000120ea    00000016     ST7735_SDC.o (.text._Z11ST7735_readiPcj)
                  00012100    00000016     libc.a : copy_zero_init.c.obj (.text:decompress:ZI:__TI_zero_init_nomemset)
                  00012116    00000014     Lab9HMain.o (.text._GLOBAL__sub_I_Lab9HMain.cpp)
                  0001212a    00000002     --HOLE-- [fill = 0]
                  0001212c    00000014     Sound.o (.text._Z11Sound_Crashv)
                  00012140    00000014     Sound.o (.text._Z15Sound_GameStartv)
                  00012154    00000014     ST7735_SDC.o (.text._Z19ST7735_SetTextColort)
                  00012168    00000014     Sound.o (.text._Z22Sound_EngineAcceleratev)
                  0001217c    00000014     SlidePot.o (.text._ZN8SlidePot4SaveEj)
                  00012190    00000014     libclang_rt.builtins.a : aeabi_ldivmod.S.obj (.text.__aeabi_ldivmod)
                  000121a4    00000012     libc.a : memcpy16.S.obj (.text:TI_memcpy_small)
                  000121b6    00000012            : copy_decompress_none.c.obj (.text:decompress:none)
                  000121c8    00000010     Clock.o (.text.Clock_Delay)
                  000121d8    00000010     Sound.o (.text._Z15Sound_IsPlayingv)
                  000121e8    00000010     Lab9HMain.o (.text._Z28TExaS_LaunchPadLogicPB27PB26v)
                  000121f8    00000010     Car.o (.text._ZN3Car5Get_xEv)
                  00012208    00000010     Car.o (.text._ZN3Car5Get_yEv)
                  00012218    00000010     Lab9HMain.o (.text.__cxx_global_var_init.2)
                  00012228    0000000e     libc.a : memory.c.obj (.text.OUTLINED_FUNCTION_0)
                  00012236    0000000e     ST7735_SDC.o (.text._Z12ST7735_lseekili)
                  00012244    0000000e     libsysbm.a : hostrename.c.obj (.text.strcpy)
                  00012252    0000000e                : hostrename.c.obj (.text.strlen)
                  00012260    0000000e     libc.a : memset16.S.obj (.text:TI_memset_small)
                  0001226e    00000002     --HOLE-- [fill = 0]
                  00012270    0000000c     Clock.o (.text.Clock_Freq)
                  0001227c    0000000c     ST7735_SDC.o (.text._Z13ST7735_renamePKcS0_)
                  00012288    0000000c     libclang_rt.builtins.a : aeabi_memset.S.obj (.text.__aeabi_memclr)
                  00012294    0000000c     libc.a : memory.c.obj (.text.malloc)
                  000122a0    0000000a     ST7735_SDC.o (.text._Z12ST7735_closei)
                  000122aa    0000000a     ST7735_SDC.o (.text._Z13ST7735_unlinkPKc)
                  000122b4    0000000a     Lab9HMain.o (.text._Z8PLL_Initv)
                  000122be    00000002     --HOLE-- [fill = 0]
                  000122c0    00000008     libclang_rt.builtins.a : aeabi_memcpy.S.obj (.text.__aeabi_memcpy)
                  000122c8    00000008     libsysbm.a : remove.c.obj (.text.remove)
                  000122d0    00000006     libc.a : exit.c.obj (.text:abort)
                  000122d6    00000004     startup_mspm0g3507_ticlang.o (.text.Reset_Handler)
                  000122da    00000004     libc.a : pre_init.c.obj (.text._system_pre_init)
                  000122de    00000002     --HOLE-- [fill = 0]

.cinit     0    000122e0    000000a8     
                  000122e0    00000084     (.cinit..data.load) [load image, compression = lzss]
                  00012364    0000000c     (__TI_handler_table)
                  00012370    00000008     (.cinit..bss.load) [load image, compression = zero_init]
                  00012378    00000010     (__TI_cinit_table)

.rodata    0    000000c0    0000aee8     
                  000000c0    00004a00     Sound.o (.rodata._ZL6engine)
                  00004ac0    00004436     Sound.o (.rodata._ZL5crash)
                  00008ef6    00000e14     Sound.o (.rodata._ZL9gameStart)
                  00009d0a    000004fb     ST7735_SDC.o (.rodata._ZL4Font)
                  0000a205    00000001     SDImage.o (.rodata.str1.921622077005895403.1)
                  0000a206    000002d0     Car.o (.rodata._ZL9sin_table)
                  0000a4d6    00000002     ST7735_SDC.o (.rodata.str1.13906918424339813706.1)
                  0000a4d8    00000190     Car.o (.rodata._ZL5lotus)
                  0000a668    00000188     Car.o (.rodata._ZL8BlueBall)
                  0000a7f0    00000188     Lab9HMain.o (.rodata._ZL8BlueBall)
                  0000a978    000000c0     Car.o (.rodata._ZL11exige_gear1)
                  0000aa38    000000c0     Car.o (.rodata._ZL11exige_gear2)
                  0000aaf8    000000c0     Lab9HMain.o (.rodata.track)
                  0000abb8    00000060     Car.o (.rodata._ZL11exige_gear3)
                  0000ac18    00000060     Car.o (.rodata._ZL11exige_gear4)
                  0000ac78    00000060     Car.o (.rodata._ZL11exige_gear5)
                  0000acd8    00000060     Car.o (.rodata._ZL11exige_gear6)
                  0000ad38    0000003b     ST7735_SDC.o (.rodata._ZL5Rcmd1)
                  0000ad73    0000002b     ST7735_SDC.o (.rodata._ZL5Rcmd3)
                  0000ad9e    00000016     SDImage.o (.rodata.str1.10403520586394815838.1)
                  0000adb4    00000016     ST7735_SDC.o (.rodata.str1.4709128905130643978.1)
                  0000adca    00000014     StartScreen.o (.rodata.str1.4841217215070303453.1)
                  0000adde    00000013     StartScreen.o (.rodata.str1.2153351890680823668.1)
                  0000adf1    00000013     SDImage.o (.rodata.str1.9715486647197297939.1)
                  0000ae04    00000012     StartScreen.o (.rodata.str1.5365977075351153378.1)
                  0000ae16    00000011     StartScreen.o (.rodata.str1.6624015646036745125.1)
                  0000ae27    00000010     StartScreen.o (.rodata.str1.11749143265520993022.1)
                  0000ae37    00000010     StartScreen.o (.rodata.str1.12904855151126179143.1)
                  0000ae47    00000010     StartScreen.o (.rodata.str1.8463736913069917711.1)
                  0000ae57    0000000f     SDImage.o (.rodata.str1.3905562354290767683.1)
                  0000ae66    0000000f     StartScreen.o (.rodata.str1.9307688485660039821.1)
                  0000ae75    0000000f     ff.o (.rodata.str1.9498762492020144949.1)
                  0000ae84    0000000e     StartScreen.o (.rodata.str1.17828322577495813722.1)
                  0000ae92    0000000e     SDImage.o (.rodata.str1.4062828609339555605.1)
                  0000aea0    0000000e     StartScreen.o (.rodata.str1.8476945815924904168.1)
                  0000aeae    0000000d     ST7735_SDC.o (.rodata._ZL10Rcmd2green)
                  0000aebb    0000000d     ST7735_SDC.o (.rodata._ZL8Rcmd2red)
                  0000aec8    0000000d     Lab9HMain.o (.rodata.str1.15635161962301491840.1)
                  0000aed5    0000000c     StartScreen.o (.rodata.str1.14412181492286948012.1)
                  0000aee1    0000000c     StartScreen.o (.rodata.str1.16225496245257589207.1)
                  0000aeed    0000000c     StartScreen.o (.rodata.str1.4870346415780113440.1)
                  0000aef9    0000000b     Lab9HMain.o (.rodata.str1.17941944938679876980.1)
                  0000af04    0000000b     Lab9HMain.o (.rodata.str1.2578874473800058667.1)
                  0000af0f    0000000b     Lab9HMain.o (.rodata.str1.4336216668106844049.1)
                  0000af1a    0000000a     StartScreen.o (.rodata.str1.10054083363783869146.1)
                  0000af24    0000000a     StartScreen.o (.rodata.str1.11609040118820710114.1)
                  0000af2e    0000000a     StartScreen.o (.rodata.str1.11664577185519541394.1)
                  0000af38    0000000a     StartScreen.o (.rodata.str1.2832061793817608231.1)
                  0000af42    0000000a     StartScreen.o (.rodata.str1.6291620905242822150.1)
                  0000af4c    0000000a     StartScreen.o (.rodata.str1.7201740183005649860.1)
                  0000af56    00000009     Lab9HMain.o (.rodata.str1.11873993020133721197.1)
                  0000af5f    00000009     Lab9HMain.o (.rodata.str1.12025775036332399883.1)
                  0000af68    00000009     StartScreen.o (.rodata.str1.15917315231217229126.1)
                  0000af71    00000009     StartScreen.o (.rodata.str1.3657445651459388826.1)
                  0000af7a    00000009     Lab9HMain.o (.rodata.str1.5801453942805561773.1)
                  0000af83    00000008     ST7735_SDC.o (.rodata.str1.1110301845630341403.1)
                  0000af8b    00000008     SDImage.o (.rodata.str1.3982056380671005016.1)
                  0000af93    00000007     ST7735_SDC.o (.rodata.str1.16294601312641015783.1)
                  0000af9a    00000007     ST7735_SDC.o (.rodata.str1.3196674271758700844.1)
                  0000afa1    00000004     SDImage.o (.rodata.str1.1368755384793173073.1)
                  0000afa5    00000003     SDImage.o (.rodata.str1.6251291102216933250.1)

.init_array 
*          0    0000afa8    00000008     
                  0000afa8    00000004     Lab9HMain.o (.init_array)
                  0000afac    00000004     --HOLE-- [fill = 0]

.data      0    20200000    000004bd     UNINITIALIZED
                  20200000    00000234     SDImage.o (.data._ZL4g_fs)
                  20200234    000000f0     libc.a : defs.c.obj (.data._ftable)
                  20200324    00000078     libsysbm.a : host_device.c.obj (.data._device)
                  2020039c    00000050                : host_device.c.obj (.data._stream)
                  202003ec    0000002c     Lab9HMain.o (.data.racecar)
                  20200418    00000018     Lab9HMain.o (.data.Sensor)
                  20200430    00000018     Lab9HMain.o (.data.Sensor_Acc)
                  20200448    00000018     Lab9HMain.o (.data.seg)
                  20200460    0000000c     Car.o (.data.images)
                  2020046c    00000008     libc.a : exit.c.obj (.data..L_MergedGlobals)
                  20200474    00000004     Clock.o (.data.BusFreq)
                  20200478    00000004     ST7735_SDC.o (.data.StX)
                  2020047c    00000004     ST7735_SDC.o (.data.StY)
                  20200480    00000004     libc.a : defs.c.obj (.data.__TI_ft_end)
                  20200484    00000004            : _lock.c.obj (.data._lock)
                  20200488    00000004            : _lock.c.obj (.data._unlock)
                  2020048c    00000004     Lab9HMain.o (.data.count)
                  20200490    00000004     Lab9HMain.o (.data.current_bg)
                  20200494    00000004     Lab9HMain.o (.data.lap_count)
                  20200498    00000004     Lab9HMain.o (.data.lap_record)
                  2020049c    00000004     Lab9HMain.o (.data.last_time_display)
                  202004a0    00000004     Lab9HMain.o (.data.o)
                  202004a4    00000004     Lab9HMain.o (.data.os)
                  202004a8    00000002     ST7735_SDC.o (.data.StTextColor)
                  202004aa    00000002     ST7735_SDC.o (.data._ZL6_width)
                  202004ac    00000002     ST7735_SDC.o (.data._ZL7_height)
                  202004ae    00000002     Lab9HMain.o (.data.old_x)
                  202004b0    00000002     Lab9HMain.o (.data.old_y)
                  202004b2    00000001     diskio.o (.data._ZL4Stat)
                  202004b3    00000001     Lab9HMain.o (.data.cleared)
                  202004b4    00000001     libsysbm.a : add_device.c.obj (.data.add_device.device_init)
                  202004b5    00000001     Lab9HMain.o (.data.game_flag)
                  202004b6    00000001     Lab9HMain.o (.data.lang)
                  202004b7    00000001     Lab9HMain.o (.data.lap_complete)
                  202004b8    00000001     libc.a : memory.c.obj (.data.memory_is_initialized)
                  202004b9    00000001     Lab9HMain.o (.data.reset_flag)
                  202004ba    00000001     Lab9HMain.o (.data.start_flag)
                  202004bb    00000001     Lab9HMain.o (.data.track_idx)
                  202004bc    00000001     libsysbm.a : open.c.obj (.data.open.stream_init)

.bss       0    202004c0    00000202     UNINITIALIZED
                  202004c0    00000120     libsysbm.a : trgmsg.c.obj (.bss:_CIOBUF_)
                  202005e0    000000a0     libc.a : defs.c.obj (.bss.__TI_tmpnams)
                  20200680    0000000c     ST7735_SDC.o (.bss.Message)
                  2020068c    00000008     libsysbm.a : hostopen.c.obj (.bss.parmbuf)
                  20200694    00000004     diskio.o (.bss.LCDresetFlag)
                  20200698    00000004     ST7735_SDC.o (.bss.Messageindex)
                  2020069c    00000004     Sound.o (.bss.SoundCount)
                  202006a0    00000004     Sound.o (.bss.SoundPt)
                  202006a4    00000004     TExaS.o (.bss.TExaSLogic)
                  202006a8    00000004     TExaS.o (.bss.TExaSadc)
                  202006ac    00000004     ff.o (.bss._ZL5FatFs)
                  202006b0    00000004     diskio.o (.bss._ZL6Timer1)
                  202006b4    00000004     diskio.o (.bss._ZL6Timer2)
                  202006b8    00000004     libc.a : memory.c.obj (.bss.sys_free)
                  202006bc    00000002     ff.o (.bss._ZL4Fsid)
                  202006be    00000001     diskio.o (.bss._ZL8CardType)
                  202006bf    00000001     ST7735_SDC.o (.bss._ZL8ColStart)
                  202006c0    00000001     ST7735_SDC.o (.bss._ZL8RowStart)
                  202006c1    00000001     ST7735_SDC.o (.bss._ZL8TabColor)

.sysmem    0    202006c8    00000200     UNINITIALIZED
                  202006c8    00000010     libc.a : memory.c.obj (.sysmem)
                  202006d8    000001f0     --HOLE--

.stack     0    20207e00    00000200     UNINITIALIZED
                  20207e00    00000004     libc.a : boot_cortex_m.c.obj (.stack)
                  20207e04    000001fc     --HOLE--

__llvm_prf_cnts 
*          0    20200000    00000000     UNINITIALIZED

__llvm_prf_bits 
*          0    20200000    00000000     UNINITIALIZED

MODULE SUMMARY

       Module                         code    ro data   rw data
       ------                         ----    -------   -------
    .\
       Sound.o                        532     40010     8      
       ff.o                           8902    15        6      
       ST7735_SDC.o                   3356    1449      33     
       Car.o                          1588    2280      12     
       diskio.o                       3312    0         14     
       Lab9HMain.o                    1210    661       155    
       track.o                        1772    0         0      
       StartScreen.o                  1200    279       0      
       SDImage.o                      550     86        564    
       TExaS.o                        720     0         8      
       SlidePot.o                     526     0         0      
       Clock.o                        516     0         4      
       Timer.o                        484     0         0      
       LaunchPad.o                    180     0         0      
       UART.o                         92      0         0      
       SPI.o                          64      0         0      
       LED.o                          52      0         0      
       Switch.o                       48      0         0      
       UARTbusywait.o                 44      0         0      
    +--+------------------------------+-------+---------+---------+
       Total:                         25148   44780     804    
                                                               
    .\ticlang\
       startup_mspm0g3507_ticlang.o   60      192       0      
    +--+------------------------------+-------+---------+---------+
       Total:                         60      192       0      
                                                               
    C:\ti\ccs2040\ccs\tools\compiler\ti-cgt-armllvm_4.0.4.LTS\lib\armv6m-ti-none-eabi/c/libc.a
       memory.c.obj                   702     0         5      
       fopen.c.obj                    556     0         0      
       defs.c.obj                     0       0         404    
       setvbuf.c.obj                  224     0         0      
       getdevice.c.obj                160     0         0      
       strcmp-armv6m.S.obj            136     0         0      
       copy_decompress_lzss.c.obj     124     0         0      
       fclose.c.obj                   124     0         0      
       autoinit.c.obj                 84      0         0      
       fflush.c.obj                   82      0         0      
       exit.c.obj                     58      0         8      
       boot_cortex_m.c.obj            40      0         0      
       copy_zero_init.c.obj           22      0         0      
       copy_decompress_none.c.obj     18      0         0      
       memcpy16.S.obj                 18      0         0      
       memset16.S.obj                 14      0         0      
       _lock.c.obj                    2       0         8      
       pre_init.c.obj                 4       0         0      
    +--+------------------------------+-------+---------+---------+
       Total:                         2368    0         425    
                                                               
    C:\ti\ccs2040\ccs\tools\compiler\ti-cgt-armllvm_4.0.4.LTS\lib\armv6m-ti-none-eabi/c/libsysbm.a
       trgmsg.c.obj                   104     0         288    
       add_device.c.obj               236     0         1      
       host_device.c.obj              0       0         200    
       open.c.obj                     160     0         1      
       hostrename.c.obj               136     0         0      
       hostlseek.c.obj                108     0         0      
       hostopen.c.obj                 96      0         8      
       hostread.c.obj                 88      0         0      
       hostwrite.c.obj                88      0         0      
       close.c.obj                    80      0         0      
       hostclose.c.obj                72      0         0      
       hostunlink.c.obj               72      0         0      
       unlink.c.obj                   44      0         0      
       write.c.obj                    40      0         0      
       remove.c.obj                   8       0         0      
       hostexit.c.obj                 4       0         0      
    +--+------------------------------+-------+---------+---------+
       Total:                         1336    0         498    
                                                               
    C:\ti\ccs2040\ccs\tools\compiler\ti-cgt-armllvm_4.0.4.LTS\lib\armv6m-ti-none-eabi/libclang_rt.builtins.a
       udivmoddi4.S.obj               162     0         0      
       aeabi_idivmod.S.obj            86      0         0      
       aeabi_uidivmod.S.obj           64      0         0      
       divmoddi4.c.obj                62      0         0      
       muldsi3.S.obj                  58      0         0      
       muldi3.S.obj                   36      0         0      
       ashldi3.S.obj                  30      0         0      
       aeabi_ldivmod.S.obj            20      0         0      
       aeabi_memset.S.obj             12      0         0      
       aeabi_memcpy.S.obj             8       0         0      
       aeabi_div0.c.obj               4       0         0      
    +--+------------------------------+-------+---------+---------+
       Total:                         542     0         0      
                                                               
       Heap:                          0       0         512    
       Stack:                         0       0         512    
       Linker Generated:              0       168       0      
    +--+------------------------------+-------+---------+---------+
       Grand Total:                   29454   45140     2751   


LINKER GENERATED COPY TABLES

__TI_cinit_table @ 00012378 records: 2, size/record: 8, table size: 16
	.data: load addr=000122e0, load size=00000084 bytes, run addr=20200000, run size=000004bd bytes, compression=lzss
	.bss: load addr=00012370, load size=00000008 bytes, run addr=202004c0, run size=00000202 bytes, compression=zero_init


LINKER GENERATED HANDLER TABLE

__TI_handler_table @ 00012364 records: 3, size/record: 4, table size: 12
	index: 0, handler: __TI_decompress_lzss
	index: 1, handler: __TI_decompress_none
	index: 2, handler: __TI_zero_init


GLOBAL SYMBOLS: SORTED ALPHABETICALLY BY Name 

address   name                                       
-------   ----                                       
00011fd5  ADC0_IRQHandler                            
00011fd5  ADC1_IRQHandler                            
00011fd5  AES_IRQHandler                             
20200474  BusFreq                                    
0001068c  C$$EXIT                                    
00011b4d  C$$IO$$                                    
00011fd5  CANFD0_IRQHandler                          
000121c9  Clock_Delay                                
000119b5  Clock_Delay1ms                             
00012271  Clock_Freq                                 
0000d781  Clock_Init80MHz                            
00011fd5  DAC0_IRQHandler                            
00011fd5  DMA_IRQHandler                             
00011fd5  Default_Handler                            
00011fd5  GROUP0_IRQHandler                          
00011fd5  GROUP1_IRQHandler                          
000114d1  HOSTclose                                  
0001068d  HOSTexit                                   
00010cdd  HOSTlseek                                  
00010fbd  HOSTopen                                   
000110dd  HOSTread                                   
00010d49  HOSTrename                                 
00011519  HOSTunlink                                 
00011135  HOSTwrite                                  
00011ff1  HardFault_Handler                          
00011fd5  I2C0_IRQHandler                            
00011fd5  I2C1_IRQHandler                            
20200694  LCDresetFlag                               
20200680  Message                                    
20200698  Messageindex                               
00011fd5  NMI_Handler                                
00011fd5  PendSV_Handler                             
00011fd5  RTC_IRQHandler                             
000122d7  Reset_Handler                              
0000afa8  SHT$$INIT_ARRAY$$Base                      
0000afac  SHT$$INIT_ARRAY$$Limit                     
00011fd5  SPI0_IRQHandler                            
00011fd5  SPI1_IRQHandler                            
00011fd5  SVC_Handler                                
20200418  Sensor                                     
20200430  Sensor_Acc                                 
2020069c  SoundCount                                 
202006a0  SoundPt                                    
202004a8  StTextColor                                
20200478  StX                                        
2020047c  StY                                        
0000fcc9  SysTick_Handler                            
202006a4  TExaSLogic                                 
202006a8  TExaSadc                                   
00011fd5  TIMA0_IRQHandler                           
00011fd5  TIMA1_IRQHandler                           
00011fd5  TIMG0_IRQHandler                           
0000e321  TIMG12_IRQHandler                          
00012045  TIMG6_IRQHandler                           
000115ed  TIMG7_IRQHandler                           
00011fd5  TIMG8_IRQHandler                           
000121a5  TI_memcpy_small                            
00012261  TI_memset_small                            
00011fd5  UART0_IRQHandler                           
00011fd5  UART1_IRQHandler                           
00011fd5  UART2_IRQHandler                           
00011fd5  UART3_IRQHandler                           
00011c51  UART_OutChar                               
00011e75  UART_OutString                             
00011911  UART_OutUDec                               
202004c0  _CIOBUF_                                   
0000fa05  _Z10Sound_Initv                            
0001118d  _Z10TExaS_InitP10ADC12_RegsjPFhvE          
0000d5c5  _Z10Update_CarssssPKtPKc                   
00011947  _Z10clust2sectP5FATFSm                     
000120d5  _Z11ST7735_openPKcji                       
000120eb  _Z11ST7735_readiPcj                        
0001212d  _Z11Sound_Crashv                           
00011c7d  _Z11Sound_StartPKsj                        
0001205d  _Z11Switch_Initv                           
00010db5  _Z11TFT_OutDatac                           
0001123d  _Z11fillmessagej                           
00010719  _Z12Display_Timessj                        
0000ef71  _Z12SDImage_DrawPKcss                      
0000e455  _Z12SDImage_Initv                          
00010329  _Z12ST7735_InitR10initRFlags               
000122a1  _Z12ST7735_closei                          
00012237  _Z12ST7735_lseekili                        
000119e9  _Z12ST7735_writeiPKcj                      
0001057d  _Z12fillmessage4j                          
0001227d  _Z13ST7735_renamePKcS0_                    
000122ab  _Z13ST7735_unlinkPKc                       
00010929  _Z14LaunchPad_Initv                        
0000f7b5  _Z14ST7735_OutCharc                        
0001079d  _Z14ST7735_OutUDecj                        
0001162d  _Z14SysTick_IntArmjj                       
00010b8d  _Z14TFT_OutCommandc                        
0000fd71  _Z14TimerG6_IntArmtjj                      
0000fe19  _Z14TimerG7_IntArmtjj                      
00010bfd  _Z14disk_timerprocv                        
000118a1  _Z15ActivatePortA_Bv                       
0000b549  _Z15Display_Segment12TrackSegmentR3CarPsS2_
0000ea15  _Z15ST7735_FillRectsssst                   
00010821  _Z15ST7735_OutUDec4j                       
00012141  _Z15Sound_GameStartv                       
000121d9  _Z15Sound_IsPlayingv                       
0000fab9  _Z15StartScreen_RunR8SlidePot              
00010459  _Z15TimerG12_IntArmjj                      
0000dae5  _Z16ST7735_DrawCharSsscssh                 
00010c6d  _Z16ST7735_DrawPixelsst                    
00011e9b  _Z16ST7735_OutStringPc                     
00011a1d  _Z16ST7735_SetCursorjj                     
0000cc89  _Z17ST7735_DrawBitmapssPKtss               
000108a5  _Z17ST7735_DrawStringttPcs                 
00011ca9  _Z17ST7735_FillScreent                     
000101f1  _Z17ST7735_InitPrintfv                     
00012155  _Z19ST7735_SetTextColort                   
00012169  _Z22Sound_EngineAcceleratev                
000121e9  _Z28TExaS_LaunchPadLogicPB27PB26v          
00011f0d  _Z7CS_Initv                                
0000ddf1  _Z7get_fatP5FATFSm                         
0000ce99  _Z7put_fatP5FATFSmm                        
0000e581  _Z8ADC_InitP10ADC12_Regsjj                 
00011a51  _Z8LED_Initv                               
000122b5  _Z8PLL_Initv                               
00011dad  _Z9ADC_StartP10ADC12_Regs                  
0000e1e1  _Z9SPI1_Initv                              
0001166d  _Z9SPI_Resetv                              
00012075  _Z9Switch_Inv                              
0000f339  _Z9UART_Initv                              
0000f161  _ZN3Car15Update_PositionEjj                
0000d401  _ZN3Car15Update_VelocityEj                 
000121f9  _ZN3Car5Get_xEv                            
00012209  _ZN3Car5Get_yEv                            
00011ee7  _ZN3Car5ResetEv                            
000112e5  _ZN3Car5shiftEv                            
00012029  _ZN3Car7Set_PosEjj                         
0000d235  _ZN3Car8calc_rpmEj                         
0000f885  _ZN3Car9Set_AngleEj                        
00011829  _ZN3CarC1Ev                                
00011829  _ZN3CarC2Ev                                
0001028d  _ZN8SlidePot2InEv                          
0000f06d  _ZN8SlidePot4InitEv                        
0001217d  _ZN8SlidePot4SaveEj                        
00011f55  _ZN8SlidePot4SyncEv                        
00011f75  _ZN8SlidePotC1Ejj                          
00011d83  _ZN8SlidePotC1Ejjb                         
00011f75  _ZN8SlidePotC2Ejj                          
00011d83  _ZN8SlidePotC2Ejjb                         
202004c0  __CIOBUF_                                  
20208000  __STACK_END                                
00000200  __STACK_SIZE                               
00000200  __SYSMEM_SIZE                              
00000000  __TI_ATRegion0_region_sz                   
00000000  __TI_ATRegion0_src_addr                    
00000000  __TI_ATRegion0_trg_addr                    
00000000  __TI_ATRegion1_region_sz                   
00000000  __TI_ATRegion1_src_addr                    
00000000  __TI_ATRegion1_trg_addr                    
00000000  __TI_ATRegion2_region_sz                   
00000000  __TI_ATRegion2_src_addr                    
00000000  __TI_ATRegion2_trg_addr                    
00012378  __TI_CINIT_Base                            
00012388  __TI_CINIT_Limit                           
00012388  __TI_CINIT_Warm                            
00012364  __TI_Handler_Table_Base                    
00012370  __TI_Handler_Table_Limit                   
00011339  __TI_auto_init_nobinit                     
00011ab9  __TI_cleanup                               
2020046c  __TI_cleanup_ptr                           
000109a5  __TI_closefile                             
00010a21  __TI_decompress_lzss                       
000121b7  __TI_decompress_none                       
0001138d  __TI_doflush                               
20200470  __TI_dtors_ptr                             
20200480  __TI_ft_end                                
ffffffff  __TI_pprof_out_hndl                        
ffffffff  __TI_prof_data_size                        
ffffffff  __TI_prof_data_start                       
00011aed  __TI_readmsg                               
00000000  __TI_static_base__                         
202005e0  __TI_tmpnams                               
00011b21  __TI_writemsg                              
00012101  __TI_zero_init_nomemset                    
000111e5  __aeabi_idiv                               
0000ea13  __aeabi_idiv0                              
000111e5  __aeabi_idivmod                            
0000f06b  __aeabi_ldiv0                              
00012191  __aeabi_ldivmod                            
00011fb5  __aeabi_llsl                               
00011f31  __aeabi_lmul                               
00012289  __aeabi_memclr                             
00012289  __aeabi_memclr4                            
00012289  __aeabi_memclr8                            
000122c1  __aeabi_memcpy                             
000122c1  __aeabi_memcpy4                            
000122c1  __aeabi_memcpy8                            
000116ed  __aeabi_uidiv                              
000116ed  __aeabi_uidivmod                           
00011fb5  __ashldi3                                  
ffffffff  __binit__                                  
000117ad  __divmoddi4                                
UNDEFED   __mpu_init                                 
00011f31  __muldi3                                   
00011865  __muldsi3                                  
20207e00  __stack                                    
20200000  __start___llvm_prf_bits                    
20200000  __start___llvm_prf_cnts                    
20200000  __stop___llvm_prf_bits                     
20200000  __stop___llvm_prf_cnts                     
000100ad  __udivmoddi4                               
00011e4d  _c_int00_noargs                            
20200324  _device                                    
20200234  _ftable                                    
20200484  _lock                                      
0000fc1b  _nop                                       
2020039c  _stream                                    
202006c8  _sys_memory                                
UNDEFED   _system_post_cinit                         
000122db  _system_pre_init                           
20200488  _unlock                                    
000122d1  abort                                      
0000f24d  add_device                                 
0000ec45  aligned_alloc                              
ffffffff  binit                                      
202004b3  cleared                                    
00011481  close                                      
2020048c  count                                      
20200490  current_bg                                 
0000ca61  disk_initialize                            
0000bffd  disk_ioctl                                 
0000f5f1  disk_read                                  
00011bf1  disk_status                                
0000eb2d  disk_write                                 
00011b55  exit                                       
0001176d  f_close                                    
0000c2b5  f_lseek                                    
000103c1  f_mount                                    
0000c7f1  f_open                                     
0000c559  f_read                                     
0000ed59  f_sync                                     
00011b89  finddevice                                 
00011c21  fopen                                      
0000f509  free                                       
00011bbd  freopen                                    
202004b5  game_flag                                  
00010e21  getdevice                                  
20200460  images                                     
00000000  interruptVectors                           
202004b6  lang                                       
202004b7  lap_complete                               
20200494  lap_count                                  
20200498  lap_record                                 
2020049c  last_time_display                          
0000bd0d  main                                       
00012295  malloc                                     
0000ec45  memalign                                   
202004a0  o                                          
202004ae  old_x                                      
202004b0  old_y                                      
00010151  open                                       
202004a4  os                                         
2020068c  parmbuf                                    
202003ec  racecar                                    
000122c9  remove                                     
202004b9  reset_flag                                 
20200448  seg                                        
0000f6d5  setvbuf                                    
202004ba  start_flag                                 
00010691  strcmp                                     
0000aaf8  track                                      
202004bb  track_idx                                  
00011d2d  unlink                                     
00011e25  write                                      


GLOBAL SYMBOLS: SORTED BY Symbol Address 

address   name                                       
-------   ----                                       
00000000  __TI_ATRegion0_region_sz                   
00000000  __TI_ATRegion0_src_addr                    
00000000  __TI_ATRegion0_trg_addr                    
00000000  __TI_ATRegion1_region_sz                   
00000000  __TI_ATRegion1_src_addr                    
00000000  __TI_ATRegion1_trg_addr                    
00000000  __TI_ATRegion2_region_sz                   
00000000  __TI_ATRegion2_src_addr                    
00000000  __TI_ATRegion2_trg_addr                    
00000000  __TI_static_base__                         
00000000  interruptVectors                           
00000200  __STACK_SIZE                               
00000200  __SYSMEM_SIZE                              
0000aaf8  track                                      
0000afa8  SHT$$INIT_ARRAY$$Base                      
0000afac  SHT$$INIT_ARRAY$$Limit                     
0000b549  _Z15Display_Segment12TrackSegmentR3CarPsS2_
0000bd0d  main                                       
0000bffd  disk_ioctl                                 
0000c2b5  f_lseek                                    
0000c559  f_read                                     
0000c7f1  f_open                                     
0000ca61  disk_initialize                            
0000cc89  _Z17ST7735_DrawBitmapssPKtss               
0000ce99  _Z7put_fatP5FATFSmm                        
0000d235  _ZN3Car8calc_rpmEj                         
0000d401  _ZN3Car15Update_VelocityEj                 
0000d5c5  _Z10Update_CarssssPKtPKc                   
0000d781  Clock_Init80MHz                            
0000dae5  _Z16ST7735_DrawCharSsscssh                 
0000ddf1  _Z7get_fatP5FATFSm                         
0000e1e1  _Z9SPI1_Initv                              
0000e321  TIMG12_IRQHandler                          
0000e455  _Z12SDImage_Initv                          
0000e581  _Z8ADC_InitP10ADC12_Regsjj                 
0000ea13  __aeabi_idiv0                              
0000ea15  _Z15ST7735_FillRectsssst                   
0000eb2d  disk_write                                 
0000ec45  aligned_alloc                              
0000ec45  memalign                                   
0000ed59  f_sync                                     
0000ef71  _Z12SDImage_DrawPKcss                      
0000f06b  __aeabi_ldiv0                              
0000f06d  _ZN8SlidePot4InitEv                        
0000f161  _ZN3Car15Update_PositionEjj                
0000f24d  add_device                                 
0000f339  _Z9UART_Initv                              
0000f509  free                                       
0000f5f1  disk_read                                  
0000f6d5  setvbuf                                    
0000f7b5  _Z14ST7735_OutCharc                        
0000f885  _ZN3Car9Set_AngleEj                        
0000fa05  _Z10Sound_Initv                            
0000fab9  _Z15StartScreen_RunR8SlidePot              
0000fc1b  _nop                                       
0000fcc9  SysTick_Handler                            
0000fd71  _Z14TimerG6_IntArmtjj                      
0000fe19  _Z14TimerG7_IntArmtjj                      
000100ad  __udivmoddi4                               
00010151  open                                       
000101f1  _Z17ST7735_InitPrintfv                     
0001028d  _ZN8SlidePot2InEv                          
00010329  _Z12ST7735_InitR10initRFlags               
000103c1  f_mount                                    
00010459  _Z15TimerG12_IntArmjj                      
0001057d  _Z12fillmessage4j                          
0001068c  C$$EXIT                                    
0001068d  HOSTexit                                   
00010691  strcmp                                     
00010719  _Z12Display_Timessj                        
0001079d  _Z14ST7735_OutUDecj                        
00010821  _Z15ST7735_OutUDec4j                       
000108a5  _Z17ST7735_DrawStringttPcs                 
00010929  _Z14LaunchPad_Initv                        
000109a5  __TI_closefile                             
00010a21  __TI_decompress_lzss                       
00010b8d  _Z14TFT_OutCommandc                        
00010bfd  _Z14disk_timerprocv                        
00010c6d  _Z16ST7735_DrawPixelsst                    
00010cdd  HOSTlseek                                  
00010d49  HOSTrename                                 
00010db5  _Z11TFT_OutDatac                           
00010e21  getdevice                                  
00010fbd  HOSTopen                                   
000110dd  HOSTread                                   
00011135  HOSTwrite                                  
0001118d  _Z10TExaS_InitP10ADC12_RegsjPFhvE          
000111e5  __aeabi_idiv                               
000111e5  __aeabi_idivmod                            
0001123d  _Z11fillmessagej                           
000112e5  _ZN3Car5shiftEv                            
00011339  __TI_auto_init_nobinit                     
0001138d  __TI_doflush                               
00011481  close                                      
000114d1  HOSTclose                                  
00011519  HOSTunlink                                 
000115ed  TIMG7_IRQHandler                           
0001162d  _Z14SysTick_IntArmjj                       
0001166d  _Z9SPI_Resetv                              
000116ed  __aeabi_uidiv                              
000116ed  __aeabi_uidivmod                           
0001176d  f_close                                    
000117ad  __divmoddi4                                
00011829  _ZN3CarC1Ev                                
00011829  _ZN3CarC2Ev                                
00011865  __muldsi3                                  
000118a1  _Z15ActivatePortA_Bv                       
00011911  UART_OutUDec                               
00011947  _Z10clust2sectP5FATFSm                     
000119b5  Clock_Delay1ms                             
000119e9  _Z12ST7735_writeiPKcj                      
00011a1d  _Z16ST7735_SetCursorjj                     
00011a51  _Z8LED_Initv                               
00011ab9  __TI_cleanup                               
00011aed  __TI_readmsg                               
00011b21  __TI_writemsg                              
00011b4d  C$$IO$$                                    
00011b55  exit                                       
00011b89  finddevice                                 
00011bbd  freopen                                    
00011bf1  disk_status                                
00011c21  fopen                                      
00011c51  UART_OutChar                               
00011c7d  _Z11Sound_StartPKsj                        
00011ca9  _Z17ST7735_FillScreent                     
00011d2d  unlink                                     
00011d83  _ZN8SlidePotC1Ejjb                         
00011d83  _ZN8SlidePotC2Ejjb                         
00011dad  _Z9ADC_StartP10ADC12_Regs                  
00011e25  write                                      
00011e4d  _c_int00_noargs                            
00011e75  UART_OutString                             
00011e9b  _Z16ST7735_OutStringPc                     
00011ee7  _ZN3Car5ResetEv                            
00011f0d  _Z7CS_Initv                                
00011f31  __aeabi_lmul                               
00011f31  __muldi3                                   
00011f55  _ZN8SlidePot4SyncEv                        
00011f75  _ZN8SlidePotC1Ejj                          
00011f75  _ZN8SlidePotC2Ejj                          
00011fb5  __aeabi_llsl                               
00011fb5  __ashldi3                                  
00011fd5  ADC0_IRQHandler                            
00011fd5  ADC1_IRQHandler                            
00011fd5  AES_IRQHandler                             
00011fd5  CANFD0_IRQHandler                          
00011fd5  DAC0_IRQHandler                            
00011fd5  DMA_IRQHandler                             
00011fd5  Default_Handler                            
00011fd5  GROUP0_IRQHandler                          
00011fd5  GROUP1_IRQHandler                          
00011fd5  I2C0_IRQHandler                            
00011fd5  I2C1_IRQHandler                            
00011fd5  NMI_Handler                                
00011fd5  PendSV_Handler                             
00011fd5  RTC_IRQHandler                             
00011fd5  SPI0_IRQHandler                            
00011fd5  SPI1_IRQHandler                            
00011fd5  SVC_Handler                                
00011fd5  TIMA0_IRQHandler                           
00011fd5  TIMA1_IRQHandler                           
00011fd5  TIMG0_IRQHandler                           
00011fd5  TIMG8_IRQHandler                           
00011fd5  UART0_IRQHandler                           
00011fd5  UART1_IRQHandler                           
00011fd5  UART2_IRQHandler                           
00011fd5  UART3_IRQHandler                           
00011ff1  HardFault_Handler                          
00012029  _ZN3Car7Set_PosEjj                         
00012045  TIMG6_IRQHandler                           
0001205d  _Z11Switch_Initv                           
00012075  _Z9Switch_Inv                              
000120d5  _Z11ST7735_openPKcji                       
000120eb  _Z11ST7735_readiPcj                        
00012101  __TI_zero_init_nomemset                    
0001212d  _Z11Sound_Crashv                           
00012141  _Z15Sound_GameStartv                       
00012155  _Z19ST7735_SetTextColort                   
00012169  _Z22Sound_EngineAcceleratev                
0001217d  _ZN8SlidePot4SaveEj                        
00012191  __aeabi_ldivmod                            
000121a5  TI_memcpy_small                            
000121b7  __TI_decompress_none                       
000121c9  Clock_Delay                                
000121d9  _Z15Sound_IsPlayingv                       
000121e9  _Z28TExaS_LaunchPadLogicPB27PB26v          
000121f9  _ZN3Car5Get_xEv                            
00012209  _ZN3Car5Get_yEv                            
00012237  _Z12ST7735_lseekili                        
00012261  TI_memset_small                            
00012271  Clock_Freq                                 
0001227d  _Z13ST7735_renamePKcS0_                    
00012289  __aeabi_memclr                             
00012289  __aeabi_memclr4                            
00012289  __aeabi_memclr8                            
00012295  malloc                                     
000122a1  _Z12ST7735_closei                          
000122ab  _Z13ST7735_unlinkPKc                       
000122b5  _Z8PLL_Initv                               
000122c1  __aeabi_memcpy                             
000122c1  __aeabi_memcpy4                            
000122c1  __aeabi_memcpy8                            
000122c9  remove                                     
000122d1  abort                                      
000122d7  Reset_Handler                              
000122db  _system_pre_init                           
00012364  __TI_Handler_Table_Base                    
00012370  __TI_Handler_Table_Limit                   
00012378  __TI_CINIT_Base                            
00012388  __TI_CINIT_Limit                           
00012388  __TI_CINIT_Warm                            
20200000  __start___llvm_prf_bits                    
20200000  __start___llvm_prf_cnts                    
20200000  __stop___llvm_prf_bits                     
20200000  __stop___llvm_prf_cnts                     
20200234  _ftable                                    
20200324  _device                                    
2020039c  _stream                                    
202003ec  racecar                                    
20200418  Sensor                                     
20200430  Sensor_Acc                                 
20200448  seg                                        
20200460  images                                     
2020046c  __TI_cleanup_ptr                           
20200470  __TI_dtors_ptr                             
20200474  BusFreq                                    
20200478  StX                                        
2020047c  StY                                        
20200480  __TI_ft_end                                
20200484  _lock                                      
20200488  _unlock                                    
2020048c  count                                      
20200490  current_bg                                 
20200494  lap_count                                  
20200498  lap_record                                 
2020049c  last_time_display                          
202004a0  o                                          
202004a4  os                                         
202004a8  StTextColor                                
202004ae  old_x                                      
202004b0  old_y                                      
202004b3  cleared                                    
202004b5  game_flag                                  
202004b6  lang                                       
202004b7  lap_complete                               
202004b9  reset_flag                                 
202004ba  start_flag                                 
202004bb  track_idx                                  
202004c0  _CIOBUF_                                   
202004c0  __CIOBUF_                                  
202005e0  __TI_tmpnams                               
20200680  Message                                    
2020068c  parmbuf                                    
20200694  LCDresetFlag                               
20200698  Messageindex                               
2020069c  SoundCount                                 
202006a0  SoundPt                                    
202006a4  TExaSLogic                                 
202006a8  TExaSadc                                   
202006c8  _sys_memory                                
20207e00  __stack                                    
20208000  __STACK_END                                
ffffffff  __TI_pprof_out_hndl                        
ffffffff  __TI_prof_data_size                        
ffffffff  __TI_prof_data_start                       
ffffffff  __binit__                                  
ffffffff  binit                                      
UNDEFED   __mpu_init                                 
UNDEFED   _system_post_cinit                         

[269 symbols]
